Component: Arm Compiler for Embedded 6.19 Tool: armlink [5e73cb00]

==============================================================================

Section Cross References

    main.o(.text.GPIO_Init) refers to apm32f4xx_rcm.o(.text.RCM_EnableAHB1PeriphClock) for RCM_EnableAHB1PeriphClock
    main.o(.text.GPIO_Init) refers to apm32f4xx_gpio.o(.text.GPIO_Config) for GPIO_Config
    main.o(.ARM.exidx.text.GPIO_Init) refers to main.o(.text.GPIO_Init) for [Anonymous Symbol]
    main.o(.text.CAN_Init) refers to apm32f4xx_rcm.o(.text.RCM_EnableAHB1PeriphClock) for RCM_EnableAHB1PeriphClock
    main.o(.text.CAN_Init) refers to apm32f4xx_gpio.o(.text.GPIO_ConfigPinAF) for GPIO_ConfigPinAF
    main.o(.text.CAN_Init) refers to apm32f4xx_gpio.o(.text.GPIO_Config) for GPIO_Config
    main.o(.text.CAN_Init) refers to apm32f4xx_gpio.o(.text.GPIO_ResetBit) for GPIO_ResetBit
    main.o(.text.CAN_Init) refers to apm32f4xx_rcm.o(.text.RCM_EnableAPB1PeriphClock) for RCM_EnableAPB1PeriphClock
    main.o(.text.CAN_Init) refers to main.o(.text.Delay) for Delay
    main.o(.text.CAN_Init) refers to apm32f4xx_can.o(.text.CAN_Reset) for CAN_Reset
    main.o(.text.CAN_Init) refers to apm32f4xx_can.o(.text.CAN_DisableDBGFreeze) for CAN_DisableDBGFreeze
    main.o(.text.CAN_Init) refers to apm32f4xx_can.o(.text.CAN_ConfigStructInit) for CAN_ConfigStructInit
    main.o(.text.CAN_Init) refers to apm32f4xx_can.o(.text.CAN_ConfigFilter) for CAN_ConfigFilter
    main.o(.text.CAN_Init) refers to apm32f4xx_can.o(.text.CAN_TxMessage) for CAN_TxMessage
    main.o(.text.CAN_Init) refers to main.o(.bss.StatusCANMessage) for StatusCANMessage
    main.o(.text.CAN_Init) refers to apm32f4xx_can.o(.text.CAN_Config) for CAN_Config
    main.o(.text.CAN_Init) refers to main.o(.bss.StatusCAN) for StatusCAN
    main.o(.text.CAN_Init) refers to apm32f4xx_can.o(.text.CAN_OperatingMode) for CAN_OperatingMode
    main.o(.text.CAN_Init) refers to main.o(.bss.StatucCANMode) for StatucCANMode
    main.o(.ARM.exidx.text.CAN_Init) refers to main.o(.text.CAN_Init) for [Anonymous Symbol]
    main.o(.ARM.exidx.text.Delay) refers to main.o(.text.Delay) for [Anonymous Symbol]
    main.o(.text.CAN1_TX_IRQHandler) refers to main.o(.text.Delay) for Delay
    main.o(.ARM.exidx.text.CAN1_TX_IRQHandler) refers to main.o(.text.CAN1_TX_IRQHandler) for [Anonymous Symbol]
    main.o(.text.CAN1_RX0_IRQHandler) refers to apm32f4xx_can.o(.text.CAN_RxMessage) for CAN_RxMessage
    main.o(.text.CAN1_RX0_IRQHandler) refers to apm32f4xx_can.o(.text.CAN_ReleaseFIFO) for CAN_ReleaseFIFO
    main.o(.text.CAN1_RX0_IRQHandler) refers to apm32f4xx_gpio.o(.text.GPIO_ToggleBit) for GPIO_ToggleBit
    main.o(.ARM.exidx.text.CAN1_RX0_IRQHandler) refers to main.o(.text.CAN1_RX0_IRQHandler) for [Anonymous Symbol]
    main.o(.text.CAN1_RX1_IRQHandler) refers to apm32f4xx_gpio.o(.text.GPIO_ToggleBit) for GPIO_ToggleBit
    main.o(.text.CAN1_RX1_IRQHandler) refers to main.o(.text.Delay) for Delay
    main.o(.ARM.exidx.text.CAN1_RX1_IRQHandler) refers to main.o(.text.CAN1_RX1_IRQHandler) for [Anonymous Symbol]
    main.o(.text.RCM_Init) refers to apm32f4xx_rcm.o(.text.RCM_ConfigHSE) for RCM_ConfigHSE
    main.o(.text.RCM_Init) refers to apm32f4xx_rcm.o(.text.RCM_WaitHSEReady) for RCM_WaitHSEReady
    main.o(.text.RCM_Init) refers to apm32f4xx_rcm.o(.text.RCM_ConfigPLL1) for RCM_ConfigPLL1
    main.o(.text.RCM_Init) refers to apm32f4xx_rcm.o(.text.RCM_ConfigPLL2) for RCM_ConfigPLL2
    main.o(.text.RCM_Init) refers to apm32f4xx_rcm.o(.text.RCM_EnablePLL1) for RCM_EnablePLL1
    main.o(.text.RCM_Init) refers to apm32f4xx_rcm.o(.text.RCM_EnablePLL2) for RCM_EnablePLL2
    main.o(.text.RCM_Init) refers to apm32f4xx_rcm.o(.text.RCM_ConfigSYSCLK) for RCM_ConfigSYSCLK
    main.o(.text.RCM_Init) refers to apm32f4xx_rcm.o(.text.RCM_DisableHSI) for RCM_DisableHSI
    main.o(.text.RCM_Init) refers to apm32f4xx_rcm.o(.text.RCM_ConfigAHB) for RCM_ConfigAHB
    main.o(.text.RCM_Init) refers to apm32f4xx_rcm.o(.text.RCM_ConfigAPB1) for RCM_ConfigAPB1
    main.o(.text.RCM_Init) refers to apm32f4xx_rcm.o(.text.RCM_ConfigAPB2) for RCM_ConfigAPB2
    main.o(.text.RCM_Init) refers to apm32f4xx_rcm.o(.text.RCM_EnableAPB2PeriphClock) for RCM_EnableAPB2PeriphClock
    main.o(.text.RCM_Init) refers to system_apm32f4xx.o(.text.SystemCoreClockUpdate) for SystemCoreClockUpdate
    main.o(.ARM.exidx.text.RCM_Init) refers to main.o(.text.RCM_Init) for [Anonymous Symbol]
    main.o(.text.main_Init) refers to main.o(.text.RCM_Init) for RCM_Init
    main.o(.text.main_Init) refers to main.o(.text.GPIO_Init) for GPIO_Init
    main.o(.text.main_Init) refers to main.o(.text.CAN_Init) for CAN_Init
    main.o(.text.main_Init) refers to main.o(.text.IRQ_Init) for IRQ_Init
    main.o(.text.main_Init) refers to main.o(.text.I2C_Setting) for I2C_Setting
    main.o(.ARM.exidx.text.main_Init) refers to main.o(.text.main_Init) for [Anonymous Symbol]
    main.o(.ARM.exidx.text.IRQ_Init) refers to main.o(.text.IRQ_Init) for [Anonymous Symbol]
[...]
    .ARM.Collect$$rtentry$$00000000          0x08000214   Section        0  __rtentry.o(.ARM.Collect$$rtentry$$00000000)
    .ARM.Collect$$rtentry$$00000002          0x08000214   Section        0  __rtentry2.o(.ARM.Collect$$rtentry$$00000002)
    .ARM.Collect$$rtentry$$00000004          0x08000214   Section        6  __rtentry4.o(.ARM.Collect$$rtentry$$00000004)
    .ARM.Collect$$rtentry$$00000008          0x0800021a   Section        8  __rtentry2.o(.ARM.Collect$$rtentry$$00000008)
    .ARM.Collect$$rtentry$$0000000A          0x08000222   Section        4  __rtentry2.o(.ARM.Collect$$rtentry$$0000000A)
    .ARM.Collect$$rtentry$$0000000C          0x08000226   Section        0  __rtentry2.o(.ARM.Collect$$rtentry$$0000000C)
    .ARM.Collect$$rtentry$$0000000D          0x08000226   Section        8  __rtentry2.o(.ARM.Collect$$rtentry$$0000000D)
    .ARM.Collect$$rtexit$$00000000           0x0800022e   Section        2  rtexit.o(.ARM.Collect$$rtexit$$00000000)
    .ARM.Collect$$rtexit$$00000002           0x08000230   Section        0  rtexit2.o(.ARM.Collect$$rtexit$$00000002)
    .ARM.Collect$$rtexit$$00000003           0x08000230   Section        4  rtexit2.o(.ARM.Collect$$rtexit$$00000003)
    .ARM.Collect$$rtexit$$00000004           0x08000234   Section        6  rtexit2.o(.ARM.Collect$$rtexit$$00000004)
    $v0                                      0x0800023c   Number         0  startup_apm32f40x.o(.text)
    .text                                    0x0800023c   Section       64  startup_apm32f40x.o(.text)
    [Anonymous Symbol]                       0x0800027c   Section        0  irq_armv7m.o(.text)
    SVC_Context                              0x080002a4   Number         0  irq_armv7m.o(.text)
    SVC_FP_LazyState                         0x080002b4   Number         0  irq_armv7m.o(.text)
    SVC_ContextSave                          0x080002c6   Number         0  irq_armv7m.o(.text)
    SVC_ContextRestore                       0x080002dc   Number         0  irq_armv7m.o(.text)
    SVC_Exit                                 0x080002f8   Number         0  irq_armv7m.o(.text)
    SVC_User                                 0x080002fa   Number         0  irq_armv7m.o(.text)
    .text                                    0x08000344   Section      138  rt_memcpy_v6.o(.text)
    .text                                    0x080003ce   Section       68  rt_memclr.o(.text)
    .text                                    0x08000412   Section       78  rt_memclr_w.o(.text)
    .text                                    0x08000460   Section        0  heapauxi.o(.text)
    .text                                    0x08000466   Section      100  rt_memcpy_w.o(.text)
    .text                                    0x080004ca   Section       74  sys_stackheap_outer.o(.text)
    .text                                    0x08000514   Section        0  exit.o(.text)
    .text                                    0x08000528   Section        8  libspace.o(.text)
    .text                                    0x08000530   Section        0  sys_exit.o(.text)
    .text                                    0x0800053c   Section        2  use_no_semi.o(.text)
    .text                                    0x0800053e   Section        0  indicate_semi.o(.text)
    [Anonymous Symbol]                       0x08000540   Section        0  main.o(.text.CAN1_RX0_IRQHandler)
    [Anonymous Symbol]                       0x08000574   Section        0  main.o(.text.CAN1_RX1_IRQHandler)
    [Anonymous Symbol]                       0x08000594   Section        0  main.o(.text.CAN1_TX_IRQHandler)
    [Anonymous Symbol]                       0x080005a0   Section        0  apm32f4xx_can.o(.text.CAN_Config)
    [Anonymous Symbol]                       0x0800077c   Section        0  apm32f4xx_can.o(.text.CAN_ConfigFilter)
    [Anonymous Symbol]                       0x080008f0   Section        0  apm32f4xx_can.o(.text.CAN_ConfigStructInit)
    [Anonymous Symbol]                       0x08000928   Section        0  apm32f4xx_can.o(.text.CAN_DisableDBGFreeze)
    [Anonymous Symbol]                       0x0800093c   Section        0  main.o(.text.CAN_Init)
    [Anonymous Symbol]                       0x08000adc   Section        0  apm32f4xx_can.o(.text.CAN_OperatingMode)
    [Anonymous Symbol]                       0x08000c70   Section        0  apm32f4xx_can.o(.text.CAN_ReleaseFIFO)
    [Anonymous Symbol]                       0x08000c9c   Section        0  apm32f4xx_can.o(.text.CAN_Reset)
    [Anonymous Symbol]                       0x08000cec   Section        0  apm32f4xx_can.o(.text.CAN_RxMessage)
    [Anonymous Symbol]                       0x08000e40   Section        0  apm32f4xx_can.o(.text.CAN_TxMessage)
    [Anonymous Symbol]                       0x08000f80   Section        0  main.o(.text.Delay)
    [Anonymous Symbol]                       0x08000f98   Section        0  apm32f4xx_gpio.o(.text.GPIO_Config)
    [Anonymous Symbol]                       0x08001090   Section        0  apm32f4xx_gpio.o(.text.GPIO_ConfigPinAF)
    [Anonymous Symbol]                       0x0800112c   Section        0  main.o(.text.GPIO_Init)
    [Anonymous Symbol]                       0x080011a4   Section        0  apm32f4xx_gpio.o(.text.GPIO_ResetBit)
    [Anonymous Symbol]                       0x080011b8   Section        0  apm32f4xx_gpio.o(.text.GPIO_SetBit)
    [Anonymous Symbol]                       0x080011cc   Section        0  apm32f4xx_gpio.o(.text.GPIO_ToggleBit)
    [Anonymous Symbol]                       0x080011e4   Section        0  main.o(.text.I2C3_ER_IRQHandler)
    [Anonymous Symbol]                       0x08001208   Section        0  main.o(.text.I2C3_EV_IRQHandler)
    [Anonymous Symbol]                       0x0800121c   Section        0  main.o(.text.I2C3_Reset)
    [Anonymous Symbol]                       0x08001270   Section        0  i2c.o(.text.I2C_ClearErrorFlag)
    [Anonymous Symbol]                       0x080012b4   Section        0  apm32f4xx_i2c.o(.text.I2C_Config)
    [Anonymous Symbol]                       0x0800144c   Section        0  apm32f4xx_i2c.o(.text.I2C_Enable)
    [Anonymous Symbol]                       0x08001460   Section        0  apm32f4xx_i2c.o(.text.I2C_Reset)
    [Anonymous Symbol]                       0x080014d4   Section        0  main.o(.text.I2C_Setting)
    [Anonymous Symbol]                       0x08001530   Section        0  main.o(.text.IRQ_Init)
    MessageQueueGet                          0x08001535   Thumb Code    64  rtx_msgqueue.o(.text.MessageQueueGet)
    [Anonymous Symbol]                       0x08001534   Section        0  rtx_msgqueue.o(.text.MessageQueueGet)
    MessageQueuePut                          0x08001575   Thumb Code    88  rtx_msgqueue.o(.text.MessageQueuePut)
    [Anonymous Symbol]                       0x08001574   Section        0  rtx_msgqueue.o(.text.MessageQueuePut)
    MessageQueueRemove                       0x080015cd   Thumb Code    28  rtx_msgqueue.o(.text.MessageQueueRemove)
    [Anonymous Symbol]                       0x080015cc   Section        0  rtx_msgqueue.o(.text.MessageQueueRemove)
    [Anonymous Symbol]                       0x080015e8   Section        0  os_systick.o(.text.OS_Tick_AcknowledgeIRQ)
    __arm_cp.3_0                             0x080015f0   Number         4  os_systick.o(.text.OS_Tick_AcknowledgeIRQ)
    OUTLINED_FUNCTION_0                      0x080015f5   Thumb Code    12  rtx_kernel.o(.text.OUTLINED_FUNCTION_0)
    [Anonymous Symbol]                       0x080015f4   Section        0  rtx_kernel.o(.text.OUTLINED_FUNCTION_0)
    OUTLINED_FUNCTION_0                      0x08001601   Thumb Code    12  rtx_msgqueue.o(.text.OUTLINED_FUNCTION_0)
    [Anonymous Symbol]                       0x08001600   Section        0  rtx_msgqueue.o(.text.OUTLINED_FUNCTION_0)
    OUTLINED_FUNCTION_1                      0x0800160d   Thumb Code     6  rtx_msgqueue.o(.text.OUTLINED_FUNCTION_1)
    [Anonymous Symbol]                       0x0800160c   Section        0  rtx_msgqueue.o(.text.OUTLINED_FUNCTION_1)
    [Anonymous Symbol]                       0x08001614   Section        0  qma6100.o(.text.PowerChangeQMA6100)
    [Anonymous Symbol]                       0x08001640   Section        0  qma6100.o(.text.PowerOff)
    [Anonymous Symbol]                       0x08001654   Section        0  qma6100.o(.text.PowerOn)
    [Anonymous Symbol]                       0x08001668   Section        0  apm32f4xx_rcm.o(.text.RCM_ConfigAHB)
    [Anonymous Symbol]                       0x08001690   Section        0  apm32f4xx_rcm.o(.text.RCM_ConfigAPB1)
    [Anonymous Symbol]                       0x080016b8   Section        0  apm32f4xx_rcm.o(.text.RCM_ConfigAPB2)
    [Anonymous Symbol]                       0x080016e0   Section        0  apm32f4xx_rcm.o(.text.RCM_ConfigHSE)
    [Anonymous Symbol]                       0x08001744   Section        0  apm32f4xx_rcm.o(.text.RCM_ConfigPLL1)
    [Anonymous Symbol]                       0x080017b8   Section        0  apm32f4xx_rcm.o(.text.RCM_ConfigPLL2)
    [Anonymous Symbol]                       0x080017f0   Section        0  apm32f4xx_rcm.o(.text.RCM_ConfigSYSCLK)
    [Anonymous Symbol]                       0x08001810   Section        0  apm32f4xx_rcm.o(.text.RCM_DisableAPB1PeriphReset)
    [Anonymous Symbol]                       0x08001828   Section        0  apm32f4xx_rcm.o(.text.RCM_DisableHSI)
    [Anonymous Symbol]                       0x0800183c   Section        0  apm32f4xx_rcm.o(.text.RCM_EnableAHB1PeriphClock)
    [Anonymous Symbol]                       0x08001854   Section        0  apm32f4xx_rcm.o(.text.RCM_EnableAPB1PeriphClock)
    [Anonymous Symbol]                       0x0800186c   Section        0  apm32f4xx_rcm.o(.text.RCM_EnableAPB1PeriphReset)
    [Anonymous Symbol]                       0x08001884   Section        0  apm32f4xx_rcm.o(.text.RCM_EnableAPB2PeriphClock)
    [Anonymous Symbol]                       0x0800189c   Section        0  apm32f4xx_rcm.o(.text.RCM_EnablePLL1)
    [Anonymous Symbol]                       0x080018b0   Section        0  apm32f4xx_rcm.o(.text.RCM_EnablePLL2)
    [Anonymous Symbol]                       0x080018c4   Section        0  main.o(.text.RCM_Init)
    [Anonymous Symbol]                       0x08001958   Section        0  apm32f4xx_rcm.o(.text.RCM_ReadHCLKFreq)
    [Anonymous Symbol]                       0x080019a0   Section        0  apm32f4xx_rcm.o(.text.RCM_ReadPCLKFreq)
    [Anonymous Symbol]                       0x08001a0c   Section        0  apm32f4xx_rcm.o(.text.RCM_ReadSYSCLKFreq)
    [Anonymous Symbol]                       0x08001ae4   Section        0  apm32f4xx_rcm.o(.text.RCM_WaitHSEReady)
    SystemClockConfig                        0x08001b2d   Thumb Code   288  system_apm32f4xx.o(.text.SystemClockConfig)
    [Anonymous Symbol]                       0x08001b2c   Section        0  system_apm32f4xx.o(.text.SystemClockConfig)
    [Anonymous Symbol]                       0x08001c4c   Section        0  system_apm32f4xx.o(.text.SystemCoreClockUpdate)
    [Anonymous Symbol]                       0x08001d6c   Section        0  system_apm32f4xx.o(.text.SystemInit)
    TimerInsert                              0x08001de1   Thumb Code    68  rtx_timer.o(.text.TimerInsert)
    [Anonymous Symbol]                       0x08001de0   Section        0  rtx_timer.o(.text.TimerInsert)
    __arm_cp.9_0                             0x08001e24   Number         4  rtx_timer.o(.text.TimerInsert)
    __tagsym$$used.1                         0x08001e28   Number         0  rtx_lib.o(.text._mutex_acquire)
    [Anonymous Symbol]                       0x08001e28   Section        0  rtx_lib.o(.text._mutex_acquire)
    __tagsym$$used.3                         0x08001e48   Number         0  rtx_lib.o(.text._mutex_free)
    [Anonymous Symbol]                       0x08001e48   Section        0  rtx_lib.o(.text._mutex_free)
    __tagsym$$used.0                         0x08001e5c   Number         0  rtx_lib.o(.text._mutex_initialize)
    [Anonymous Symbol]                       0x08001e5c   Section        0  rtx_lib.o(.text._mutex_initialize)
    __tagsym$$used.2                         0x08001e90   Number         0  rtx_lib.o(.text._mutex_release)
    [Anonymous Symbol]                       0x08001e90   Section        0  rtx_lib.o(.text._mutex_release)
    [Anonymous Symbol]                       0x08001eac   Section        0  rtx_lib.o(.text._platform_post_stackheap_init)
    [Anonymous Symbol]                       0x08001eb4   Section        0  i2c.o(.text.fault_i2c)
    [Anonymous Symbol]                       0x08001ee4   Section        0  i2c.o(.text.i2c_read)
    [Anonymous Symbol]                       0x08002040   Section        0  i2c.o(.text.i2c_setup_gpio)
    [Anonymous Symbol]                       0x080020f4   Section        0  i2c.o(.text.i2c_write)
    [Anonymous Symbol]                       0x08002228   Section        0  main.o(.text.main)
    [Anonymous Symbol]                       0x080022d4   Section        0  main.o(.text.main_Init)
    [Anonymous Symbol]                       0x080022f4   Section        0  rtx_kernel.o(.text.osKernelGetState)
    __arm_cp.5_0                             0x0800231c   Number         4  rtx_kernel.o(.text.osKernelGetState)
    __arm_cp.5_1                             0x08002320   Number         4  rtx_kernel.o(.text.osKernelGetState)
    [Anonymous Symbol]                       0x08002324   Section        0  rtx_kernel.o(.text.osKernelInitialize)
    __arm_cp.2_0                             0x0800234c   Number         4  rtx_kernel.o(.text.osKernelInitialize)
    [Anonymous Symbol]                       0x08002350   Section        0  rtx_msgqueue.o(.text.osMessageQueueGet)
    __arm_cp.5_0                             0x080023bc   Number         4  rtx_msgqueue.o(.text.osMessageQueueGet)
    [Anonymous Symbol]                       0x080023c0   Section        0  rtx_msgqueue.o(.text.osMessageQueuePut)
    __arm_cp.4_0                             0x0800243c   Number         4  rtx_msgqueue.o(.text.osMessageQueuePut)
    [Anonymous Symbol]                       0x08002440   Section        0  rtx_mutex.o(.text.osMutexAcquire)
    __arm_cp.4_0                             0x08002460   Number         4  rtx_mutex.o(.text.osMutexAcquire)
    [Anonymous Symbol]                       0x08002464   Section        0  rtx_mutex.o(.text.osMutexDelete)
    __arm_cp.7_0                             0x08002484   Number         4  rtx_mutex.o(.text.osMutexDelete)
    [Anonymous Symbol]                       0x08002488   Section        0  rtx_mutex.o(.text.osMutexNew)
    __arm_cp.2_0                             0x080024a8   Number         4  rtx_mutex.o(.text.osMutexNew)
    [Anonymous Symbol]                       0x080024ac   Section        0  rtx_mutex.o(.text.osMutexRelease)
    __arm_cp.5_0                             0x080024cc   Number         4  rtx_mutex.o(.text.osMutexRelease)
    [Anonymous Symbol]                       0x080024d0   Section        0  rtx_config.o(.text.osRtxErrorNotify)
    [Anonymous Symbol]                       0x080024fe   Section        0  rtx_kernel.o(.text.osRtxKernelErrorNotify)
    [Anonymous Symbol]                       0x08002502   Section        0  rtx_kernel.o(.text.osRtxKernelPreInit)
    [Anonymous Symbol]                       0x08002504   Section        0  rtx_memory.o(.text.osRtxMemoryAlloc)
    [Anonymous Symbol]                       0x08002570   Section        0  rtx_memory.o(.text.osRtxMemoryFree)
    [Anonymous Symbol]                       0x080025b2   Section        0  rtx_memory.o(.text.osRtxMemoryInit)
    [Anonymous Symbol]                       0x080025e8   Section        0  rtx_mempool.o(.text.osRtxMemoryPoolAlloc)
    [Anonymous Symbol]                       0x08002622   Section        0  rtx_mempool.o(.text.osRtxMemoryPoolFree)
    [Anonymous Symbol]                       0x0800266c   Section        0  rtx_mempool.o(.text.osRtxMemoryPoolInit)
    osRtxMessageQueuePostProcess             0x080026a5   Thumb Code   170  rtx_msgqueue.o(.text.osRtxMessageQueuePostProcess)
    [Anonymous Symbol]                       0x080026a4   Section        0  rtx_msgqueue.o(.text.osRtxMessageQueuePostProcess)
    [Anonymous Symbol]                       0x08002750   Section        0  rtx_msgqueue.o(.text.osRtxMessageQueueTimerSetup)
    __arm_cp.0_0                             0x08002770   Number         4  rtx_msgqueue.o(.text.osRtxMessageQueueTimerSetup)
    [Anonymous Symbol]                       0x08002774   Section        0  rtx_mutex.o(.text.osRtxMutexOwnerRestore)
    [Anonymous Symbol]                       0x080027bc   Section        0  rtx_system.o(.text.osRtxPendSV_Handler)
    [Anonymous Symbol]                       0x08002844   Section        0  rtx_system.o(.text.osRtxPostProcess)
    __arm_cp.2_1                             0x080028b0   Number         4  rtx_system.o(.text.osRtxPostProcess)
    osRtxThreadBlock                         0x080028b5   Thumb Code    52  rtx_thread.o(.text.osRtxThreadBlock)
    [Anonymous Symbol]                       0x080028b4   Section        0  rtx_thread.o(.text.osRtxThreadBlock)
    osRtxThreadDelayInsert                   0x080028e9   Thumb Code   124  rtx_thread.o(.text.osRtxThreadDelayInsert)
    [Anonymous Symbol]                       0x080028e8   Section        0  rtx_thread.o(.text.osRtxThreadDelayInsert)
    osRtxThreadDelayRemove                   0x08002965   Thumb Code    60  rtx_thread.o(.text.osRtxThreadDelayRemove)
    [Anonymous Symbol]                       0x08002964   Section        0  rtx_thread.o(.text.osRtxThreadDelayRemove)
    [Anonymous Symbol]                       0x080029a0   Section        0  rtx_thread.o(.text.osRtxThreadDelayTick)
    [Anonymous Symbol]                       0x080029f0   Section        0  rtx_thread.o(.text.osRtxThreadDispatch)
    [Anonymous Symbol]                       0x08002a40   Section        0  rtx_thread.o(.text.osRtxThreadListGet)
    [Anonymous Symbol]                       0x08002a52   Section        0  rtx_thread.o(.text.osRtxThreadListPut)
    [Anonymous Symbol]                       0x08002a7e   Section        0  rtx_thread.o(.text.osRtxThreadListRemove)
    [Anonymous Symbol]                       0x08002a92   Section        0  rtx_thread.o(.text.osRtxThreadListSort)
    [Anonymous Symbol]                       0x08002ab8   Section        0  rtx_thread.o(.text.osRtxThreadReadyPut)
    [Anonymous Symbol]                       0x08002ac8   Section        0  rtx_thread.o(.text.osRtxThreadRegPtr)
    [Anonymous Symbol]                       0x08002adc   Section        0  rtx_thread.o(.text.osRtxThreadSwitch)
    [Anonymous Symbol]                       0x08002ae8   Section        0  rtx_thread.o(.text.osRtxThreadWaitEnter)
    __arm_cp.12_0                            0x08002b20   Number         4  rtx_thread.o(.text.osRtxThreadWaitEnter)
    [Anonymous Symbol]                       0x08002b24   Section        0  rtx_thread.o(.text.osRtxThreadWaitExit)
    [Anonymous Symbol]                       0x08002b54   Section        0  rtx_system.o(.text.osRtxTick_Handler)
    [Anonymous Symbol]                       0x08002bc8   Section        0  rtx_timer.o(.text.osRtxTimerSetup)
    __arm_cp.0_0                             0x08002be0   Number         4  rtx_timer.o(.text.osRtxTimerSetup)
    __arm_cp.0_1                             0x08002be4   Number         4  rtx_timer.o(.text.osRtxTimerSetup)
    [Anonymous Symbol]                       0x08002be8   Section        0  rtx_timer.o(.text.osRtxTimerThread)
    osRtxTimerTick                           0x08002c09   Thumb Code   108  rtx_timer.o(.text.osRtxTimerTick)
    [Anonymous Symbol]                       0x08002c08   Section        0  rtx_timer.o(.text.osRtxTimerTick)
    __arm_cp.1_0                             0x08002c74   Number         4  rtx_timer.o(.text.osRtxTimerTick)
    os_kernel_is_active                      0x08002c79   Thumb Code    54  rtx_lib.o(.text.os_kernel_is_active)
    [Anonymous Symbol]                       0x08002c78   Section        0  rtx_lib.o(.text.os_kernel_is_active)
    [Anonymous Symbol]                       0x08002cb0   Section        0  i2c.o(.text.rcc_I2C_init)
    svcRtxKernelGetState                     0x08002cb5   Thumb Code     8  rtx_kernel.o(.text.svcRtxKernelGetState)
    [Anonymous Symbol]                       0x08002cb4   Section        0  rtx_kernel.o(.text.svcRtxKernelGetState)
    __arm_cp.6_0                             0x08002cbc   Number         4  rtx_kernel.o(.text.svcRtxKernelGetState)
    svcRtxKernelInitialize                   0x08002cc1   Thumb Code   244  rtx_kernel.o(.text.svcRtxKernelInitialize)
    [Anonymous Symbol]                       0x08002cc0   Section        0  rtx_kernel.o(.text.svcRtxKernelInitialize)
    __arm_cp.21_0                            0x08002db4   Number         4  rtx_kernel.o(.text.svcRtxKernelInitialize)
    __arm_cp.21_1                            0x08002db8   Number         4  rtx_kernel.o(.text.svcRtxKernelInitialize)
    __arm_cp.21_2                            0x08002dbc   Number         4  rtx_kernel.o(.text.svcRtxKernelInitialize)
    svcRtxMessageQueueGet                    0x08002dc1   Thumb Code   200  rtx_msgqueue.o(.text.svcRtxMessageQueueGet)
    [Anonymous Symbol]                       0x08002dc0   Section        0  rtx_msgqueue.o(.text.svcRtxMessageQueueGet)
    __arm_cp.22_0                            0x08002e88   Number         4  rtx_msgqueue.o(.text.svcRtxMessageQueueGet)
    svcRtxMessageQueueNew                    0x08002e8d   Thumb Code   272  rtx_msgqueue.o(.text.svcRtxMessageQueueNew)
    [Anonymous Symbol]                       0x08002e8c   Section        0  rtx_msgqueue.o(.text.svcRtxMessageQueueNew)
    __arm_cp.1_0                             0x08002f9c   Number         4  rtx_msgqueue.o(.text.svcRtxMessageQueueNew)
    __arm_cp.1_1                             0x08002fa0   Number         4  rtx_msgqueue.o(.text.svcRtxMessageQueueNew)
    svcRtxMessageQueuePut                    0x08002fa5   Thumb Code   168  rtx_msgqueue.o(.text.svcRtxMessageQueuePut)
    [Anonymous Symbol]                       0x08002fa4   Section        0  rtx_msgqueue.o(.text.svcRtxMessageQueuePut)
    __arm_cp.20_0                            0x0800304c   Number         4  rtx_msgqueue.o(.text.svcRtxMessageQueuePut)
    svcRtxMutexAcquire                       0x08003051   Thumb Code   140  rtx_mutex.o(.text.svcRtxMutexAcquire)
    [Anonymous Symbol]                       0x08003050   Section        0  rtx_mutex.o(.text.svcRtxMutexAcquire)
    svcRtxMutexDelete                        0x080030dd   Thumb Code   172  rtx_mutex.o(.text.svcRtxMutexDelete)
    [Anonymous Symbol]                       0x080030dc   Section        0  rtx_mutex.o(.text.svcRtxMutexDelete)
    svcRtxMutexNew                           0x08003189   Thumb Code   100  rtx_mutex.o(.text.svcRtxMutexNew)
    [Anonymous Symbol]                       0x08003188   Section        0  rtx_mutex.o(.text.svcRtxMutexNew)
    __arm_cp.8_0                             0x080031ec   Number         4  rtx_mutex.o(.text.svcRtxMutexNew)
    svcRtxMutexRelease                       0x080031f1   Thumb Code   176  rtx_mutex.o(.text.svcRtxMutexRelease)
    [Anonymous Symbol]                       0x080031f0   Section        0  rtx_mutex.o(.text.svcRtxMutexRelease)
    __arm_cp.11_0                            0x080032a0   Number         4  rtx_mutex.o(.text.svcRtxMutexRelease)
    $v0                                      0x080032a4   Number         0  fpinit.o(x$fpl$fpinit)
    x$fpl$fpinit                             0x080032a4   Section       26  fpinit.o(x$fpl$fpinit)
    __tagsym$$used.4                         0x080032c0   Number         0  rtx_lib.o(.rodata)
    __tagsym$$used.5                         0x08003330   Number         0  rtx_lib.o(.rodata)
    os_idle_thread_attr                      0x0800337c   Data          36  rtx_lib.o(.rodata.os_idle_thread_attr)
    [Anonymous Symbol]                       0x0800337c   Section        0  rtx_lib.o(.rodata.os_idle_thread_attr)
    os_timer_mq_attr                         0x080033a0   Data          24  rtx_lib.o(.rodata.os_timer_mq_attr)
    [Anonymous Symbol]                       0x080033a0   Section        0  rtx_lib.o(.rodata.os_timer_mq_attr)
    os_timer_thread_attr                     0x080033b8   Data          36  rtx_lib.o(.rodata.os_timer_thread_attr)
    [Anonymous Symbol]                       0x080033b8   Section        0  rtx_lib.o(.rodata.os_timer_thread_attr)
    [Anonymous Symbol]                       0x080033dc   Section        0  rtx_kernel.o(.rodata.str1.4)
    .bss                                     0x200000a8   Section       96  libspace.o(.bss)
    StatucCANMode                            0x2000010c   Data           4  main.o(.bss.StatucCANMode)
    [Anonymous Symbol]                       0x2000010c   Section        0  main.o(.bss.StatucCANMode)
    StatusCAN                                0x20000110   Data           4  main.o(.bss.StatusCAN)
    [Anonymous Symbol]                       0x20000110   Section        0  main.o(.bss.StatusCAN)
    StatusCANMessage                         0x20000114   Data           4  main.o(.bss.StatusCANMessage)
    [Anonymous Symbol]                       0x20000114   Section        0  main.o(.bss.StatusCANMessage)
    main.dataI2C                             0x20000118   Data           1  main.o(.bss.main.dataI2C)
    [Anonymous Symbol]                       0x20000118   Section        0  main.o(.bss.main.dataI2C)
    os_isr_queue                             0x20000120   Data          64  rtx_lib.o(.bss.os)
    [Anonymous Symbol]                       0x20000120   Section        0  rtx_lib.o(.bss.os)
    os_mem                                   0x20000160   Data       32768  rtx_lib.o(.bss.os)
    os_timer_mq_cb                           0x20008160   Data          52  rtx_lib.o(.bss.os.msgqueue.cb)
    [Anonymous Symbol]                       0x20008160   Section        0  rtx_lib.o(.bss.os.msgqueue.cb)
    os_timer_mq_data                         0x20008194   Data          80  rtx_lib.o(.bss.os.msgqueue.mem)
    [Anonymous Symbol]                       0x20008194   Section        0  rtx_lib.o(.bss.os.msgqueue.mem)
    os_idle_thread_cb                        0x200081e4   Data          68  rtx_lib.o(.bss.os.thread.cb)
    [Anonymous Symbol]                       0x200081e4   Section        0  rtx_lib.o(.bss.os.thread.cb)
    os_timer_thread_cb                       0x20008228   Data          68  rtx_lib.o(.bss.os.thread.cb)
    os_idle_thread_stack                     0x20008270   Data         512  rtx_lib.o(.bss.os.thread.idle.stack)
    [Anonymous Symbol]                       0x20008270   Section        0  rtx_lib.o(.bss.os.thread.idle.stack)
    os_timer_thread_stack                    0x20008470   Data         512  rtx_lib.o(.bss.os.thread.timer.stack)
    [Anonymous Symbol]                       0x20008470   Section        0  rtx_lib.o(.bss.os.thread.timer.stack)
    os_kernel_is_active.os_kernel_active     0x20008670   Data           1  rtx_lib.o(.bss.os_kernel_is_active.os_kernel_active)
    [Anonymous Symbol]                       0x20008670   Section        0  rtx_lib.o(.bss.os_kernel_is_active.os_kernel_active)
    Heap_Mem                                 0x20008678   Data         512  startup_apm32f40x.o(HEAP)
    HEAP                                     0x20008678   Section      512  startup_apm32f40x.o(HEAP)
    Stack_Mem                                0x20008878   Data        1024  startup_apm32f40x.o(STACK)
    STACK                                    0x20008878   Section     1024  startup_apm32f40x.o(STACK)
    __initial_sp                             0x20008c78   Data           0  startup_apm32f40x.o(STACK)
    FPCCR                                    0xe000ef34   Number         0  irq_armv7m.o ABSOLUTE

    Global Symbols

    Symbol Name                              Value     Ov Type        Size  Object(Section)

    BuildAttributes$$THM_ISAv4$E$P$D$K$B$S$7EM$VFPi3$EXTD16$VFPS$VFMA$PE$A:L22UL41UL21$X:L11$S22US41US21$IEEE1$IW$~IW$USESV6$~STKCKD$USESV7$~SHL$OSPACE$ROPI$EBA8$UX$STANDARDLIB$REQ8$PRES8$EABIv2 0x00000000   Number         0  anon$$obj.o ABSOLUTE
    .bss.os.evflags.cb$$Base                  - Undefined Weak Reference
    .bss.os.evflags.cb$$Limit                 - Undefined Weak Reference
    .bss.os.mempool.cb$$Base                  - Undefined Weak Reference
    .bss.os.mempool.cb$$Limit                 - Undefined Weak Reference
    .bss.os.mutex.cb$$Base                    - Undefined Weak Reference
    .bss.os.mutex.cb$$Limit                   - Undefined Weak Reference
    .bss.os.semaphore.cb$$Base                - Undefined Weak Reference
    .bss.os.semaphore.cb$$Limit               - Undefined Weak Reference
    .bss.os.timer.cb$$Base                    - Undefined Weak Reference
    .bss.os.timer.cb$$Limit                   - Undefined Weak Reference
    __ARM_exceptions_init                     - Undefined Weak Reference
    __alloca_initialize                       - Undefined Weak Reference
    __arm_preinit_                            - Undefined Weak Reference
    __arm_relocate_pie_                       - Undefined Weak Reference
    __cpp_initialize__aeabi_                  - Undefined Weak Reference
    __cxa_finalize                            - Undefined Weak Reference
    __rt_locale                               - Undefined Weak Reference
    __sigvec_lookup                           - Undefined Weak Reference
    _atexit_init                              - Undefined Weak Reference
    _call_atexit_fns                          - Undefined Weak Reference
    _clock_init                               - Undefined Weak Reference
    _fp_trap_init                             - Undefined Weak Reference
    _fp_trap_shutdown                         - Undefined Weak Reference
    _get_lc_collate                           - Undefined Weak Reference
    _get_lc_ctype                             - Undefined Weak Reference
    _get_lc_monetary                          - Undefined Weak Reference
    _get_lc_numeric                           - Undefined Weak Reference
    _get_lc_time                              - Undefined Weak Reference
    _getenv_init                              - Undefined Weak Reference
    _handle_redirection                       - Undefined Weak Reference
    _init_alloc                               - Undefined Weak Reference
    _init_user_alloc                          - Undefined Weak Reference
    _initio                                   - Undefined Weak Reference
    _rand_init                                - Undefined Weak Reference
    _signal_finish                            - Undefined Weak Reference
    _signal_init                              - Undefined Weak Reference
    _terminate_alloc                          - Undefined Weak Reference
    _terminate_user_alloc                     - Undefined Weak Reference
    _terminateio                              - Undefined Weak Reference
    __Vectors_Size                           0x00000194   Number         0  startup_apm32f40x.o ABSOLUTE
    __Vectors                                0x08000000   Data           4  startup_apm32f40x.o(RESET)
    __Vectors_End                            0x08000194   Data           0  startup_apm32f40x.o(RESET)
    __main                                   0x08000195   Thumb Code     8  __main.o(!!!main)
    __scatterload                            0x0800019d   Thumb Code     0  __scatter.o(!!!scatter)
    __scatterload_rt2                        0x0800019d   Thumb Code    44  __scatter.o(!!!scatter)
    __scatterload_rt2_thumb_only             0x0800019d   Thumb Code     0  __scatter.o(!!!scatter)
    __scatterload_null                       0x080001ab   Thumb Code     0  __scatter.o(!!!scatter)
    __scatterload_copy                       0x080001d1   Thumb Code    26  __scatter_copy.o(!!handler_copy)
    __scatterload_zeroinit                   0x080001ed   Thumb Code    28  __scatter_zi.o(!!handler_zi)
    __rt_lib_init                            0x08000209   Thumb Code     0  libinit.o(.ARM.Collect$$libinit$$00000000)
    __rt_lib_init_fp_1                       0x0800020b   Thumb Code     0  libinit2.o(.ARM.Collect$$libinit$$00000001)
    __rt_lib_init_alloca_1                   0x0800020f   Thumb Code     0  libinit2.o(.ARM.Collect$$libinit$$00000030)
    __rt_lib_init_argv_1                     0x0800020f   Thumb Code     0  libinit2.o(.ARM.Collect$$libinit$$0000002E)
    __rt_lib_init_atexit_1                   0x0800020f   Thumb Code     0  libinit2.o(.ARM.Collect$$libinit$$0000001D)
    __rt_lib_init_clock_1                    0x0800020f   Thumb Code     0  libinit2.o(.ARM.Collect$$libinit$$00000023)
    __rt_lib_init_cpp_1                      0x0800020f   Thumb Code     0  libinit2.o(.ARM.Collect$$libinit$$00000034)
    __rt_lib_init_exceptions_1               0x0800020f   Thumb Code     0  libinit2.o(.ARM.Collect$$libinit$$00000032)
    __rt_lib_init_fp_trap_1                  0x0800020f   Thumb Code     0  libinit2.o(.ARM.Collect$$libinit$$00000021)
    __rt_lib_init_getenv_1                   0x0800020f   Thumb Code     0  libinit2.o(.ARM.Collect$$libinit$$00000025)
    __rt_lib_init_heap_1                     0x0800020f   Thumb Code     0  libinit2.o(.ARM.Collect$$libinit$$0000000C)
    __rt_lib_init_lc_collate_1               0x0800020f   Thumb Code     0  libinit2.o(.ARM.Collect$$libinit$$00000013)
    __rt_lib_init_lc_ctype_1                 0x0800020f   Thumb Code     0  libinit2.o(.ARM.Collect$$libinit$$00000015)
    __rt_lib_init_lc_monetary_1              0x0800020f   Thumb Code     0  libinit2.o(.ARM.Collect$$libinit$$00000017)
    __rt_lib_init_lc_numeric_1               0x0800020f   Thumb Code     0  libinit2.o(.ARM.Collect$$libinit$$00000019)
    __rt_lib_init_lc_time_1                  0x0800020f   Thumb Code     0  libinit2.o(.ARM.Collect$$libinit$$0000001B)
    __rt_lib_init_preinit_1                  0x0800020f   Thumb Code     0  libinit2.o(.ARM.Collect$$libinit$$00000006)
    __rt_lib_init_rand_1                     0x0800020f   Thumb Code     0  libinit2.o(.ARM.Collect$$libinit$$00000010)
    __rt_lib_init_relocate_pie_1             0x0800020f   Thumb Code     0  libinit2.o(.ARM.Collect$$libinit$$00000004)
    __rt_lib_init_return                     0x0800020f   Thumb Code     0  libinit2.o(.ARM.Collect$$libinit$$00000035)
    __rt_lib_init_signal_1                   0x0800020f   Thumb Code     0  libinit2.o(.ARM.Collect$$libinit$$0000001F)
    __rt_lib_init_stdio_1                    0x0800020f   Thumb Code     0  libinit2.o(.ARM.Collect$$libinit$$00000027)
    __rt_lib_init_user_alloc_1               0x0800020f   Thumb Code     0  libinit2.o(.ARM.Collect$$libinit$$0000000E)
    __rt_lib_shutdown                        0x08000211   Thumb Code     0  libshutdown.o(.ARM.Collect$$libshutdown$$00000000)
    __rt_lib_shutdown_cpp_1                  0x08000213   Thumb Code     0  libshutdown2.o(.ARM.Collect$$libshutdown$$00000002)
    __rt_lib_shutdown_fp_trap_1              0x08000213   Thumb Code     0  libshutdown2.o(.ARM.Collect$$libshutdown$$00000007)
    __rt_lib_shutdown_heap_1                 0x08000213   Thumb Code     0  libshutdown2.o(.ARM.Collect$$libshutdown$$0000000F)
    __rt_lib_shutdown_return                 0x08000213   Thumb Code     0  libshutdown2.o(.ARM.Collect$$libshutdown$$00000010)
    __rt_lib_shutdown_signal_1               0x08000213   Thumb Code     0  libshutdown2.o(.ARM.Collect$$libshutdown$$0000000A)
    __rt_lib_shutdown_stdio_1                0x08000213   Thumb Code     0  libshutdown2.o(.ARM.Collect$$libshutdown$$00000004)
    __rt_lib_shutdown_user_alloc_1           0x08000213   Thumb Code     0  libshutdown2.o(.ARM.Collect$$libshutdown$$0000000C)
    __rt_entry                               0x08000215   Thumb Code     0  __rtentry.o(.ARM.Collect$$rtentry$$00000000)
    __rt_entry_presh_1                       0x08000215   Thumb Code     0  __rtentry2.o(.ARM.Collect$$rtentry$$00000002)
    __rt_entry_sh                            0x08000215   Thumb Code     0  __rtentry4.o(.ARM.Collect$$rtentry$$00000004)
    __rt_entry_postsh_1                      0x0800021b   Thumb Code     0  __rtentry2.o(.ARM.Collect$$rtentry$$00000008)
    __rt_entry_li                            0x08000223   Thumb Code     0  __rtentry2.o(.ARM.Collect$$rtentry$$0000000A)
    __rt_entry_main                          0x08000227   Thumb Code     0  __rtentry2.o(.ARM.Collect$$rtentry$$0000000D)
    __rt_entry_postli_1                      0x08000227   Thumb Code     0  __rtentry2.o(.ARM.Collect$$rtentry$$0000000C)
    __rt_exit                                0x0800022f   Thumb Code     0  rtexit.o(.ARM.Collect$$rtexit$$00000000)
    __rt_exit_ls                             0x08000231   Thumb Code     0  rtexit2.o(.ARM.Collect$$rtexit$$00000003)
    __rt_exit_prels_1                        0x08000231   Thumb Code     0  rtexit2.o(.ARM.Collect$$rtexit$$00000002)
    __rt_exit_exit                           0x08000235   Thumb Code     0  rtexit2.o(.ARM.Collect$$rtexit$$00000004)
    Reset_Handler                            0x0800023d   Thumb Code     8  startup_apm32f40x.o(.text)
    NMI_Handler                              0x08000245   Thumb Code     2  startup_apm32f40x.o(.text)
    HardFault_Handler                        0x08000247   Thumb Code     2  startup_apm32f40x.o(.text)
    MemManage_Handler                        0x08000249   Thumb Code     2  startup_apm32f40x.o(.text)
    BusFault_Handler                         0x0800024b   Thumb Code     2  startup_apm32f40x.o(.text)
    UsageFault_Handler                       0x0800024d   Thumb Code     2  startup_apm32f40x.o(.text)
    DebugMon_Handler                         0x08000251   Thumb Code     2  startup_apm32f40x.o(.text)
    ADC_IRQHandler                           0x08000257   Thumb Code     0  startup_apm32f40x.o(.text)
    BN_IRQHandler                            0x08000257   Thumb Code     0  startup_apm32f40x.o(.text)
    CAN1_SCE_IRQHandler                      0x08000257   Thumb Code     0  startup_apm32f40x.o(.text)
    CAN2_RX0_IRQHandler                      0x08000257   Thumb Code     0  startup_apm32f40x.o(.text)
    CAN2_RX1_IRQHandler                      0x08000257   Thumb Code     0  startup_apm32f40x.o(.text)
    CAN2_SCE_IRQHandler                      0x08000257   Thumb Code     0  startup_apm32f40x.o(.text)
    CAN2_TX_IRQHandler                       0x08000257   Thumb Code     0  startup_apm32f40x.o(.text)
    DCI_IRQHandler                           0x08000257   Thumb Code     0  startup_apm32f40x.o(.text)
    DMA1_STR0_IRQHandler                     0x08000257   Thumb Code     0  startup_apm32f40x.o(.text)
    DMA1_STR1_IRQHandler                     0x08000257   Thumb Code     0  startup_apm32f40x.o(.text)
    DMA1_STR2_IRQHandler                     0x08000257   Thumb Code     0  startup_apm32f40x.o(.text)
    DMA1_STR3_IRQHandler                     0x08000257   Thumb Code     0  startup_apm32f40x.o(.text)
    DMA1_STR4_IRQHandler                     0x08000257   Thumb Code     0  startup_apm32f40x.o(.text)
    DMA1_STR5_IRQHandler                     0x08000257   Thumb Code     0  startup_apm32f40x.o(.text)
    DMA1_STR6_IRQHandler                     0x08000257   Thumb Code     0  startup_apm32f40x.o(.text)
    DMA1_STR7_IRQHandler                     0x08000257   Thumb Code     0  startup_apm32f40x.o(.text)
    DMA2_STR0_IRQHandler                     0x08000257   Thumb Code     0  startup_apm32f40x.o(.text)
    DMA2_STR1_IRQHandler                     0x08000257   Thumb Code     0  startup_apm32f40x.o(.text)
    DMA2_STR2_IRQHandler                     0x08000257   Thumb Code     0  startup_apm32f40x.o(.text)
    DMA2_STR3_IRQHandler                     0x08000257   Thumb Code     0  startup_apm32f40x.o(.text)
    DMA2_STR4_IRQHandler                     0x08000257   Thumb Code     0  startup_apm32f40x.o(.text)
    DMA2_STR5_IRQHandler                     0x08000257   Thumb Code     0  startup_apm32f40x.o(.text)
    DMA2_STR6_IRQHandler                     0x08000257   Thumb Code     0  startup_apm32f40x.o(.text)
    DMA2_STR7_IRQHandler                     0x08000257   Thumb Code     0  startup_apm32f40x.o(.text)
    EINT0_IRQHandler                         0x08000257   Thumb Code     0  startup_apm32f40x.o(.text)
    EINT15_10_IRQHandler                     0x08000257   Thumb Code     0  startup_apm32f40x.o(.text)
    EINT1_IRQHandler                         0x08000257   Thumb Code     0  startup_apm32f40x.o(.text)
    EINT2_IRQHandler                         0x08000257   Thumb Code     0  startup_apm32f40x.o(.text)
    EINT3_IRQHandler                         0x08000257   Thumb Code     0  startup_apm32f40x.o(.text)
    EINT4_IRQHandler                         0x08000257   Thumb Code     0  startup_apm32f40x.o(.text)
    EINT9_5_IRQHandler                       0x08000257   Thumb Code     0  startup_apm32f40x.o(.text)
    EMMC_IRQHandler                          0x08000257   Thumb Code     0  startup_apm32f40x.o(.text)
    ETH_IRQHandler                           0x08000257   Thumb Code     0  startup_apm32f40x.o(.text)
    ETH_WKUP_IRQHandler                      0x08000257   Thumb Code     0  startup_apm32f40x.o(.text)
    FLASH_IRQHandler                         0x08000257   Thumb Code     0  startup_apm32f40x.o(.text)
    FPU_IRQHandler                           0x08000257   Thumb Code     0  startup_apm32f40x.o(.text)
    I2C1_ER_IRQHandler                       0x08000257   Thumb Code     0  startup_apm32f40x.o(.text)
    I2C1_EV_IRQHandler                       0x08000257   Thumb Code     0  startup_apm32f40x.o(.text)
    I2C2_ER_IRQHandler                       0x08000257   Thumb Code     0  startup_apm32f40x.o(.text)
    I2C2_EV_IRQHandler                       0x08000257   Thumb Code     0  startup_apm32f40x.o(.text)
    OTG_FS_IRQHandler                        0x08000257   Thumb Code     0  startup_apm32f40x.o(.text)
    OTG_FS_WKUP_IRQHandler                   0x08000257   Thumb Code     0  startup_apm32f40x.o(.text)
    OTG_HS1_EP1_IN_IRQHandler                0x08000257   Thumb Code     0  startup_apm32f40x.o(.text)
    OTG_HS1_EP1_OUT_IRQHandler               0x08000257   Thumb Code     0  startup_apm32f40x.o(.text)
    OTG_HS1_IRQHandler                       0x08000257   Thumb Code     0  startup_apm32f40x.o(.text)
    OTG_HS1_WKUP_IRQHandler                  0x08000257   Thumb Code     0  startup_apm32f40x.o(.text)
    PVD_IRQHandler                           0x08000257   Thumb Code     0  startup_apm32f40x.o(.text)
    RCM_IRQHandler                           0x08000257   Thumb Code     0  startup_apm32f40x.o(.text)
    RTC_Alarm_IRQHandler                     0x08000257   Thumb Code     0  startup_apm32f40x.o(.text)
    RTC_WKUP_IRQHandler                      0x08000257   Thumb Code     0  startup_apm32f40x.o(.text)
    SDIO_IRQHandler                          0x08000257   Thumb Code     0  startup_apm32f40x.o(.text)
    SM3_IRQHandler                           0x08000257   Thumb Code     0  startup_apm32f40x.o(.text)
    SM4_IRQHandler                           0x08000257   Thumb Code     0  startup_apm32f40x.o(.text)
    SPI1_IRQHandler                          0x08000257   Thumb Code     0  startup_apm32f40x.o(.text)
    SPI2_IRQHandler                          0x08000257   Thumb Code     0  startup_apm32f40x.o(.text)
    SPI3_IRQHandler                          0x08000257   Thumb Code     0  startup_apm32f40x.o(.text)
    TAMP_STAMP_IRQHandler                    0x08000257   Thumb Code     0  startup_apm32f40x.o(.text)
    TMR1_BRK_TMR9_IRQHandler                 0x08000257   Thumb Code     0  startup_apm32f40x.o(.text)
    TMR1_CC_IRQHandler                       0x08000257   Thumb Code     0  startup_apm32f40x.o(.text)
    TMR1_TRG_COM_TMR11_IRQHandler            0x08000257   Thumb Code     0  startup_apm32f40x.o(.text)
    TMR1_UP_TMR10_IRQHandler                 0x08000257   Thumb Code     0  startup_apm32f40x.o(.text)
    TMR2_IRQHandler                          0x08000257   Thumb Code     0  startup_apm32f40x.o(.text)
    TMR3_IRQHandler                          0x08000257   Thumb Code     0  startup_apm32f40x.o(.text)
    TMR4_IRQHandler                          0x08000257   Thumb Code     0  startup_apm32f40x.o(.text)
    TMR5_IRQHandler                          0x08000257   Thumb Code     0  startup_apm32f40x.o(.text)
    TMR6_DAC_IRQHandler                      0x08000257   Thumb Code     0  startup_apm32f40x.o(.text)
    TMR7_IRQHandler                          0x08000257   Thumb Code     0  startup_apm32f40x.o(.text)
    TMR8_BRK_TMR12_IRQHandler                0x08000257   Thumb Code     0  startup_apm32f40x.o(.text)
    TMR8_CC_IRQHandler                       0x08000257   Thumb Code     0  startup_apm32f40x.o(.text)
    TMR8_TRG_COM_TMR14_IRQHandler            0x08000257   Thumb Code     0  startup_apm32f40x.o(.text)
    TMR8_UP_TMR13_IRQHandler                 0x08000257   Thumb Code     0  startup_apm32f40x.o(.text)
    UART4_IRQHandler                         0x08000257   Thumb Code     0  startup_apm32f40x.o(.text)
    UART5_IRQHandler                         0x08000257   Thumb Code     0  startup_apm32f40x.o(.text)
    USART1_IRQHandler                        0x08000257   Thumb Code     0  startup_apm32f40x.o(.text)
    USART2_IRQHandler                        0x08000257   Thumb Code     0  startup_apm32f40x.o(.text)
    USART3_IRQHandler                        0x08000257   Thumb Code     0  startup_apm32f40x.o(.text)
    USART6_IRQHandler                        0x08000257   Thumb Code     0  startup_apm32f40x.o(.text)
    WWDT_IRQHandler                          0x08000257   Thumb Code     0  startup_apm32f40x.o(.text)
    __user_initial_stackheap                 0x08000259   Thumb Code     0  startup_apm32f40x.o(.text)
    SVC_Handler                              0x0800027d   Thumb Code   154  irq_armv7m.o(.text)
    PendSV_Handler                           0x08000317   Thumb Code    16  irq_armv7m.o(.text)
    SysTick_Handler                          0x08000327   Thumb Code    16  irq_armv7m.o(.text)
    __aeabi_memcpy                           0x08000345   Thumb Code     0  rt_memcpy_v6.o(.text)
    __rt_memcpy                              0x08000345   Thumb Code   138  rt_memcpy_v6.o(.text)
    _memcpy_lastbytes                        0x080003ab   Thumb Code     0  rt_memcpy_v6.o(.text)
    __aeabi_memclr                           0x080003cf   Thumb Code     0  rt_memclr.o(.text)
    __rt_memclr                              0x080003cf   Thumb Code     0  rt_memclr.o(.text)
    _memset                                  0x080003d3   Thumb Code    64  rt_memclr.o(.text)
    __aeabi_memclr4                          0x08000413   Thumb Code     0  rt_memclr_w.o(.text)
    __aeabi_memclr8                          0x08000413   Thumb Code     0  rt_memclr_w.o(.text)
    __rt_memclr_w                            0x08000413   Thumb Code     0  rt_memclr_w.o(.text)
    _memset_w                                0x08000417   Thumb Code    74  rt_memclr_w.o(.text)
    __use_two_region_memory                  0x08000461   Thumb Code     2  heapauxi.o(.text)
    __rt_heap_escrow$2region                 0x08000463   Thumb Code     2  heapauxi.o(.text)
    __rt_heap_expand$2region                 0x08000465   Thumb Code     2  heapauxi.o(.text)
    __aeabi_memcpy4                          0x08000467   Thumb Code     0  rt_memcpy_w.o(.text)
    __aeabi_memcpy8                          0x08000467   Thumb Code     0  rt_memcpy_w.o(.text)
    __rt_memcpy_w                            0x08000467   Thumb Code   100  rt_memcpy_w.o(.text)
    _memcpy_lastbytes_aligned                0x080004af   Thumb Code     0  rt_memcpy_w.o(.text)
    __user_setup_stackheap                   0x080004cb   Thumb Code    74  sys_stackheap_outer.o(.text)
    exit                                     0x08000515   Thumb Code    18  exit.o(.text)
    __user_libspace                          0x08000529   Thumb Code     8  libspace.o(.text)
    __user_perproc_libspace                  0x08000529   Thumb Code     0  libspace.o(.text)
    _sys_exit                                0x08000531   Thumb Code     8  sys_exit.o(.text)
    __I$use$semihosting                      0x0800053d   Thumb Code     0  use_no_semi.o(.text)
    __use_no_semihosting_swi                 0x0800053d   Thumb Code     2  use_no_semi.o(.text)
    __semihosting_library_function           0x0800053f   Thumb Code     0  indicate_semi.o(.text)
    CAN1_RX0_IRQHandler                      0x08000541   Thumb Code    52  main.o(.text.CAN1_RX0_IRQHandler)
    CAN1_RX1_IRQHandler                      0x08000575   Thumb Code    32  main.o(.text.CAN1_RX1_IRQHandler)
    CAN1_TX_IRQHandler                       0x08000595   Thumb Code    12  main.o(.text.CAN1_TX_IRQHandler)
    CAN_Config                               0x080005a1   Thumb Code   474  apm32f4xx_can.o(.text.CAN_Config)
    CAN_ConfigFilter                         0x0800077d   Thumb Code   370  apm32f4xx_can.o(.text.CAN_ConfigFilter)
    CAN_ConfigStructInit                     0x080008f1   Thumb Code    56  apm32f4xx_can.o(.text.CAN_ConfigStructInit)
    CAN_DisableDBGFreeze                     0x08000929   Thumb Code    18  apm32f4xx_can.o(.text.CAN_DisableDBGFreeze)
    CAN_Init                                 0x0800093d   Thumb Code   414  main.o(.text.CAN_Init)
    CAN_OperatingMode                        0x08000add   Thumb Code   404  apm32f4xx_can.o(.text.CAN_OperatingMode)
    CAN_ReleaseFIFO                          0x08000c71   Thumb Code    44  apm32f4xx_can.o(.text.CAN_ReleaseFIFO)
    CAN_Reset                                0x08000c9d   Thumb Code    80  apm32f4xx_can.o(.text.CAN_Reset)
    CAN_RxMessage                            0x08000ced   Thumb Code   340  apm32f4xx_can.o(.text.CAN_RxMessage)
    CAN_TxMessage                            0x08000e41   Thumb Code   320  apm32f4xx_can.o(.text.CAN_TxMessage)
    Delay                                    0x08000f81   Thumb Code    22  main.o(.text.Delay)
    GPIO_Config                              0x08000f99   Thumb Code   246  apm32f4xx_gpio.o(.text.GPIO_Config)
    GPIO_ConfigPinAF                         0x08001091   Thumb Code   154  apm32f4xx_gpio.o(.text.GPIO_ConfigPinAF)
    GPIO_Init                                0x0800112d   Thumb Code   118  main.o(.text.GPIO_Init)
    GPIO_ResetBit                            0x080011a5   Thumb Code    20  apm32f4xx_gpio.o(.text.GPIO_ResetBit)
    GPIO_SetBit                              0x080011b9   Thumb Code    20  apm32f4xx_gpio.o(.text.GPIO_SetBit)
    GPIO_ToggleBit                           0x080011cd   Thumb Code    24  apm32f4xx_gpio.o(.text.GPIO_ToggleBit)
    I2C3_ER_IRQHandler                       0x080011e5   Thumb Code    36  main.o(.text.I2C3_ER_IRQHandler)
    I2C3_EV_IRQHandler                       0x08001209   Thumb Code    20  main.o(.text.I2C3_EV_IRQHandler)
    I2C3_Reset                               0x0800121d   Thumb Code    82  main.o(.text.I2C3_Reset)
    I2C_ClearErrorFlag                       0x08001271   Thumb Code    66  i2c.o(.text.I2C_ClearErrorFlag)
    I2C_Config                               0x080012b5   Thumb Code   406  apm32f4xx_i2c.o(.text.I2C_Config)
    I2C_Enable                               0x0800144d   Thumb Code    18  apm32f4xx_i2c.o(.text.I2C_Enable)
    I2C_Reset                                0x08001461   Thumb Code   116  apm32f4xx_i2c.o(.text.I2C_Reset)
    I2C_Setting                              0x080014d5   Thumb Code    90  main.o(.text.I2C_Setting)
    IRQ_Init                                 0x08001531   Thumb Code     4  main.o(.text.IRQ_Init)
    OS_Tick_AcknowledgeIRQ                   0x080015e9   Thumb Code     8  os_systick.o(.text.OS_Tick_AcknowledgeIRQ)
    PowerChangeQMA6100                       0x08001615   Thumb Code    44  qma6100.o(.text.PowerChangeQMA6100)
    PowerOff                                 0x08001641   Thumb Code    20  qma6100.o(.text.PowerOff)
    PowerOn                                  0x08001655   Thumb Code    20  qma6100.o(.text.PowerOn)
    RCM_ConfigAHB                            0x08001669   Thumb Code    38  apm32f4xx_rcm.o(.text.RCM_ConfigAHB)
    RCM_ConfigAPB1                           0x08001691   Thumb Code    38  apm32f4xx_rcm.o(.text.RCM_ConfigAPB1)
    RCM_ConfigAPB2                           0x080016b9   Thumb Code    38  apm32f4xx_rcm.o(.text.RCM_ConfigAPB2)
    RCM_ConfigHSE                            0x080016e1   Thumb Code   100  apm32f4xx_rcm.o(.text.RCM_ConfigHSE)
    RCM_ConfigPLL1                           0x08001745   Thumb Code   114  apm32f4xx_rcm.o(.text.RCM_ConfigPLL1)
    RCM_ConfigPLL2                           0x080017b9   Thumb Code    56  apm32f4xx_rcm.o(.text.RCM_ConfigPLL2)
    RCM_ConfigSYSCLK                         0x080017f1   Thumb Code    30  apm32f4xx_rcm.o(.text.RCM_ConfigSYSCLK)
    RCM_DisableAPB1PeriphReset               0x08001811   Thumb Code    24  apm32f4xx_rcm.o(.text.RCM_DisableAPB1PeriphReset)
    RCM_DisableHSI                           0x08001829   Thumb Code    18  apm32f4xx_rcm.o(.text.RCM_DisableHSI)
    RCM_EnableAHB1PeriphClock                0x0800183d   Thumb Code    24  apm32f4xx_rcm.o(.text.RCM_EnableAHB1PeriphClock)
    RCM_EnableAPB1PeriphClock                0x08001855   Thumb Code    24  apm32f4xx_rcm.o(.text.RCM_EnableAPB1PeriphClock)
    RCM_EnableAPB1PeriphReset                0x0800186d   Thumb Code    24  apm32f4xx_rcm.o(.text.RCM_EnableAPB1PeriphReset)
    RCM_EnableAPB2PeriphClock                0x08001885   Thumb Code    24  apm32f4xx_rcm.o(.text.RCM_EnableAPB2PeriphClock)
    RCM_EnablePLL1                           0x0800189d   Thumb Code    18  apm32f4xx_rcm.o(.text.RCM_EnablePLL1)
    RCM_EnablePLL2                           0x080018b1   Thumb Code    18  apm32f4xx_rcm.o(.text.RCM_EnablePLL2)
    RCM_Init                                 0x080018c5   Thumb Code   146  main.o(.text.RCM_Init)
    RCM_ReadHCLKFreq                         0x08001959   Thumb Code    70  apm32f4xx_rcm.o(.text.RCM_ReadHCLKFreq)
    RCM_ReadPCLKFreq                         0x080019a1   Thumb Code   108  apm32f4xx_rcm.o(.text.RCM_ReadPCLKFreq)
    RCM_ReadSYSCLKFreq                       0x08001a0d   Thumb Code   214  apm32f4xx_rcm.o(.text.RCM_ReadSYSCLKFreq)
    RCM_WaitHSEReady                         0x08001ae5   Thumb Code    70  apm32f4xx_rcm.o(.text.RCM_WaitHSEReady)
    SystemCoreClockUpdate                    0x08001c4d   Thumb Code   288  system_apm32f4xx.o(.text.SystemCoreClockUpdate)
    SystemInit                               0x08001d6d   Thumb Code   116  system_apm32f4xx.o(.text.SystemInit)
    _mutex_acquire                           0x08001e29   Thumb Code    32  rtx_lib.o(.text._mutex_acquire)
    _mutex_free                              0x08001e49   Thumb Code    18  rtx_lib.o(.text._mutex_free)
    _mutex_initialize                        0x08001e5d   Thumb Code    50  rtx_lib.o(.text._mutex_initialize)
    _mutex_release                           0x08001e91   Thumb Code    28  rtx_lib.o(.text._mutex_release)
    _platform_post_stackheap_init            0x08001ead   Thumb Code     8  rtx_lib.o(.text._platform_post_stackheap_init)
    fault_i2c                                0x08001eb5   Thumb Code    46  i2c.o(.text.fault_i2c)
    i2c_read                                 0x08001ee5   Thumb Code   348  i2c.o(.text.i2c_read)
    i2c_setup_gpio                           0x08002041   Thumb Code   180  i2c.o(.text.i2c_setup_gpio)
    i2c_write                                0x080020f5   Thumb Code   308  i2c.o(.text.i2c_write)
    main                                     0x08002229   Thumb Code   172  main.o(.text.main)
    main_Init                                0x080022d5   Thumb Code    30  main.o(.text.main_Init)
    osKernelGetState                         0x080022f5   Thumb Code    40  rtx_kernel.o(.text.osKernelGetState)
    osKernelInitialize                       0x08002325   Thumb Code    40  rtx_kernel.o(.text.osKernelInitialize)
    osMessageQueueGet                        0x08002351   Thumb Code   108  rtx_msgqueue.o(.text.osMessageQueueGet)
    osMessageQueuePut                        0x080023c1   Thumb Code   124  rtx_msgqueue.o(.text.osMessageQueuePut)
    osMutexAcquire                           0x08002441   Thumb Code    32  rtx_mutex.o(.text.osMutexAcquire)
    osMutexDelete                            0x08002465   Thumb Code    32  rtx_mutex.o(.text.osMutexDelete)
    osMutexNew                               0x08002489   Thumb Code    32  rtx_mutex.o(.text.osMutexNew)
    osMutexRelease                           0x080024ad   Thumb Code    32  rtx_mutex.o(.text.osMutexRelease)
    osRtxErrorNotify                         0x080024d1   Thumb Code    46  rtx_config.o(.text.osRtxErrorNotify)
    osRtxKernelErrorNotify                   0x080024ff   Thumb Code     4  rtx_kernel.o(.text.osRtxKernelErrorNotify)
    osRtxKernelPreInit                       0x08002503   Thumb Code     2  rtx_kernel.o(.text.osRtxKernelPreInit)
    osRtxMemoryAlloc                         0x08002505   Thumb Code   108  rtx_memory.o(.text.osRtxMemoryAlloc)
    osRtxMemoryFree                          0x08002571   Thumb Code    66  rtx_memory.o(.text.osRtxMemoryFree)
    osRtxMemoryInit                          0x080025b3   Thumb Code    54  rtx_memory.o(.text.osRtxMemoryInit)
    osRtxMemoryPoolAlloc                     0x080025e9   Thumb Code    58  rtx_mempool.o(.text.osRtxMemoryPoolAlloc)
    osRtxMemoryPoolFree                      0x08002623   Thumb Code    74  rtx_mempool.o(.text.osRtxMemoryPoolFree)
    osRtxMemoryPoolInit                      0x0800266d   Thumb Code    56  rtx_mempool.o(.text.osRtxMemoryPoolInit)
    osRtxMessageQueueTimerSetup              0x08002751   Thumb Code    32  rtx_msgqueue.o(.text.osRtxMessageQueueTimerSetup)
    osRtxMutexOwnerRestore                   0x08002775   Thumb Code    72  rtx_mutex.o(.text.osRtxMutexOwnerRestore)
    osRtxPendSV_Handler                      0x080027bd   Thumb Code   136  rtx_system.o(.text.osRtxPendSV_Handler)
    osRtxPostProcess                         0x08002845   Thumb Code   108  rtx_system.o(.text.osRtxPostProcess)
    osRtxThreadDelayTick                     0x080029a1   Thumb Code    80  rtx_thread.o(.text.osRtxThreadDelayTick)
    osRtxThreadDispatch                      0x080029f1   Thumb Code    80  rtx_thread.o(.text.osRtxThreadDispatch)
    osRtxThreadListGet                       0x08002a41   Thumb Code    18  rtx_thread.o(.text.osRtxThreadListGet)
    osRtxThreadListPut                       0x08002a53   Thumb Code    44  rtx_thread.o(.text.osRtxThreadListPut)
    osRtxThreadListRemove                    0x08002a7f   Thumb Code    20  rtx_thread.o(.text.osRtxThreadListRemove)
    osRtxThreadListSort                      0x08002a93   Thumb Code    38  rtx_thread.o(.text.osRtxThreadListSort)
    osRtxThreadReadyPut                      0x08002ab9   Thumb Code    16  rtx_thread.o(.text.osRtxThreadReadyPut)
    osRtxThreadRegPtr                        0x08002ac9   Thumb Code    20  rtx_thread.o(.text.osRtxThreadRegPtr)
    osRtxThreadSwitch                        0x08002add   Thumb Code    12  rtx_thread.o(.text.osRtxThreadSwitch)
    osRtxThreadWaitEnter                     0x08002ae9   Thumb Code    56  rtx_thread.o(.text.osRtxThreadWaitEnter)
    osRtxThreadWaitExit                      0x08002b25   Thumb Code    48  rtx_thread.o(.text.osRtxThreadWaitExit)
    osRtxTick_Handler                        0x08002b55   Thumb Code   116  rtx_system.o(.text.osRtxTick_Handler)
    osRtxTimerSetup                          0x08002bc9   Thumb Code    24  rtx_timer.o(.text.osRtxTimerSetup)
    osRtxTimerThread                         0x08002be9   Thumb Code    32  rtx_timer.o(.text.osRtxTimerThread)
    rcc_I2C_init                             0x08002cb1   Thumb Code     2  i2c.o(.text.rcc_I2C_init)
    _fp_init                                 0x080032a5   Thumb Code    26  fpinit.o(x$fpl$fpinit)
    __fplib_config_fpu_vfp                   0x080032bd   Thumb Code     0  fpinit.o(x$fpl$fpinit)
    __fplib_config_pureend_doubles           0x080032bd   Thumb Code     0  fpinit.o(x$fpl$fpinit)
    osRtxConfig                              0x080032c0   Data         112  rtx_lib.o(.rodata)
    os_cb_sections                           0x08003330   Data          56  rtx_lib.o(.rodata)
    AHBPrescTable                            0x08003368   Data          16  system_apm32f4xx.o(.rodata.AHBPrescTable)
    osRtxUserSVC                             0x08003378   Data           4  rtx_lib.o(.rodata.osRtxUserSVC)
    Region$$Table$$Base                      0x080033e8   Number         0  anon$$obj.o(Region$$Table)
    Region$$Table$$Limit                     0x08003408   Number         0  anon$$obj.o(Region$$Table)
    SystemCoreClock                          0x20000000   Data           4  system_apm32f4xx.o(.data.SystemCoreClock)
    osRtxInfo                                0x20000004   Data         164  rtx_kernel.o(.data.os)
    __libspace_start                         0x200000a8   Data          96  libspace.o(.bss)
    ErrorI2C                                 0x20000108   Data           1  main.o(.bss.ErrorI2C)
    __temporary_stack_top$libspace           0x20000108   Data           0  libspace.o(.bss)
    .bss.os.msgqueue.cb$$Base                0x20008160   Number         0  rtx_lib.o(.bss.os.msgqueue.cb)
    .bss.os.msgqueue.cb$$Limit               0x20008194   Number         0  rtx_lib.o(.bss.os.msgqueue.cb)
    .bss.os.thread.cb$$Base                  0x200081e4   Number         0  rtx_lib.o(.bss.os.thread.cb)
    .bss.os.thread.cb$$Limit                 0x2000826c   Number         0  rtx_lib.o(.bss.os.thread.cb)



==============================================================================

Memory Map of the image

  Image Entry point : 0x08000195

  Load Region LR_IROM1 (Base: 0x08000000, Size: 0x000034b0, Max: 0x00100000, ABSOLUTE)

    Execution Region ER_IROM1 (Exec base: 0x08000000, Load base: 0x08000000, Size: 0x00003408, Max: 0x00100000, ABSOLUTE)

    Exec Addr    Load Addr    Size         Type   Attr      Idx    E Section Name        Object

    0x08000000   0x08000000   0x00000194   Data   RO          835    RESET               startup_apm32f40x.o
    0x08000194   0x08000194   0x00000008   Code   RO         1337  * !!!main             c_w.l(__main.o)
    0x0800019c   0x0800019c   0x00000034   Code   RO         1502    !!!scatter          c_w.l(__scatter.o)
    0x080001d0   0x080001d0   0x0000001a   Code   RO         1504    !!handler_copy      c_w.l(__scatter_copy.o)
    0x080001ea   0x080001ea   0x00000002   PAD
    0x080001ec   0x080001ec   0x0000001c   Code   RO         1506    !!handler_zi        c_w.l(__scatter_zi.o)
    0x08000208   0x08000208   0x00000002   Code   RO         1364    .ARM.Collect$$libinit$$00000000  c_w.l(libinit.o)
    0x0800020a   0x0800020a   0x00000004   Code   RO         1370    .ARM.Collect$$libinit$$00000001  c_w.l(libinit2.o)
    0x0800020e   0x0800020e   0x00000000   Code   RO         1373    .ARM.Collect$$libinit$$00000004  c_w.l(libinit2.o)
    0x0800020e   0x0800020e   0x00000000   Code   RO         1375    .ARM.Collect$$libinit$$00000006  c_w.l(libinit2.o)
    0x0800020e   0x0800020e   0x00000000   Code   RO         1378    .ARM.Collect$$libinit$$0000000C  c_w.l(libinit2.o)
    0x0800020e   0x0800020e   0x00000000   Code   RO         1380    .ARM.Collect$$libinit$$0000000E  c_w.l(libinit2.o)
    0x0800020e   0x0800020e   0x00000000   Code   RO         1382    .ARM.Collect$$libinit$$00000010  c_w.l(libinit2.o)
    0x0800020e   0x0800020e   0x00000000   Code   RO         1385    .ARM.Collect$$libinit$$00000013  c_w.l(libinit2.o)
    0x0800020e   0x0800020e   0x00000000   Code   RO         1387    .ARM.Collect$$libinit$$00000015  c_w.l(libinit2.o)
    0x0800020e   0x0800020e   0x00000000   Code   RO         1389    .ARM.Collect$$libinit$$00000017  c_w.l(libinit2.o)
    0x0800020e   0x0800020e   0x00000000   Code   RO         1391    .ARM.Collect$$libinit$$00000019  c_w.l(libinit2.o)
    0x0800020e   0x0800020e   0x00000000   Code   RO         1393    .ARM.Collect$$libinit$$0000001B  c_w.l(libinit2.o)
    0x0800020e   0x0800020e   0x00000000   Code   RO         1395    .ARM.Collect$$libinit$$0000001D  c_w.l(libinit2.o)
    0x0800020e   0x0800020e   0x00000000   Code   RO         1397    .ARM.Collect$$libinit$$0000001F  c_w.l(libinit2.o)
    0x0800020e   0x0800020e   0x00000000   Code   RO         1399    .ARM.Collect$$libinit$$00000021  c_w.l(libinit2.o)
    0x0800020e   0x0800020e   0x00000000   Code   RO         1401    .ARM.Collect$$libinit$$00000023  c_w.l(libinit2.o)
    0x0800020e   0x0800020e   0x00000000   Code   RO         1403    .ARM.Collect$$libinit$$00000025  c_w.l(libinit2.o)
    0x0800020e   0x0800020e   0x00000000   Code   RO         1405    .ARM.Collect$$libinit$$00000027  c_w.l(libinit2.o)
    0x0800020e   0x0800020e   0x00000000   Code   RO         1409    .ARM.Collect$$libinit$$0000002E  c_w.l(libinit2.o)
    0x0800020e   0x0800020e   0x00000000   Code   RO         1411    .ARM.Collect$$libinit$$00000030  c_w.l(libinit2.o)
    0x0800020e   0x0800020e   0x00000000   Code   RO         1413    .ARM.Collect$$libinit$$00000032  c_w.l(libinit2.o)
    0x0800020e   0x0800020e   0x00000000   Code   RO         1415    .ARM.Collect$$libinit$$00000034  c_w.l(libinit2.o)
    0x0800020e   0x0800020e   0x00000002   Code   RO         1416    .ARM.Collect$$libinit$$00000035  c_w.l(libinit2.o)
    0x08000210   0x08000210   0x00000002   Code   RO         1438    .ARM.Collect$$libshutdown$$00000000  c_w.l(libshutdown.o)
    0x08000212   0x08000212   0x00000000   Code   RO         1453    .ARM.Collect$$libshutdown$$00000002  c_w.l(libshutdown2.o)
    0x08000212   0x08000212   0x00000000   Code   RO         1455    .ARM.Collect$$libshutdown$$00000004  c_w.l(libshutdown2.o)
    0x08000212   0x08000212   0x00000000   Code   RO         1458    .ARM.Collect$$libshutdown$$00000007  c_w.l(libshutdown2.o)
    0x08000212   0x08000212   0x00000000   Code   RO         1461    .ARM.Collect$$libshutdown$$0000000A  c_w.l(libshutdown2.o)
    0x08000212   0x08000212   0x00000000   Code   RO         1463    .ARM.Collect$$libshutdown$$0000000C  c_w.l(libshutdown2.o)
    0x08000212   0x08000212   0x00000000   Code   RO         1466    .ARM.Collect$$libshutdown$$0000000F  c_w.l(libshutdown2.o)
    0x08000212   0x08000212   0x00000002   Code   RO         1467    .ARM.Collect$$libshutdown$$00000010  c_w.l(libshutdown2.o)
    0x08000214   0x08000214   0x00000000   Code   RO         1339    .ARM.Collect$$rtentry$$00000000  c_w.l(__rtentry.o)
    0x08000214   0x08000214   0x00000000   Code   RO         1343    .ARM.Collect$$rtentry$$00000002  c_w.l(__rtentry2.o)
    0x08000214   0x08000214   0x00000006   Code   RO         1355    .ARM.Collect$$rtentry$$00000004  c_w.l(__rtentry4.o)
    0x0800021a   0x0800021a   0x00000008   Code   RO         1344    .ARM.Collect$$rtentry$$00000008  c_w.l(__rtentry2.o)
    0x08000222   0x08000222   0x00000004   Code   RO         1346    .ARM.Collect$$rtentry$$0000000A  c_w.l(__rtentry2.o)
    0x08000226   0x08000226   0x00000000   Code   RO         1348    .ARM.Collect$$rtentry$$0000000C  c_w.l(__rtentry2.o)
    0x08000226   0x08000226   0x00000008   Code   RO         1349    .ARM.Collect$$rtentry$$0000000D  c_w.l(__rtentry2.o)
    0x0800022e   0x0800022e   0x00000002   Code   RO         1368    .ARM.Collect$$rtexit$$00000000  c_w.l(rtexit.o)
    0x08000230   0x08000230   0x00000000   Code   RO         1418    .ARM.Collect$$rtexit$$00000002  c_w.l(rtexit2.o)
    0x08000230   0x08000230   0x00000004   Code   RO         1419    .ARM.Collect$$rtexit$$00000003  c_w.l(rtexit2.o)
    0x08000234   0x08000234   0x00000006   Code   RO         1420    .ARM.Collect$$rtexit$$00000004  c_w.l(rtexit2.o)
    0x0800023a   0x0800023a   0x00000002   PAD
    0x0800023c   0x0800023c   0x00000040   Code   RO          836    .text               startup_apm32f40x.o
    0x0800027c   0x0800027c   0x000000c8   Code   RO         1151    .text               RTX_CM4F.lib(irq_armv7m.o)
    0x08000344   0x08000344   0x0000008a   Code   RO         1329    .text               c_w.l(rt_memcpy_v6.o)
    0x080003ce   0x080003ce   0x00000044   Code   RO         1331    .text               c_w.l(rt_memclr.o)
    0x08000412   0x08000412   0x0000004e   Code   RO         1333    .text               c_w.l(rt_memclr_w.o)
    0x08000460   0x08000460   0x00000006   Code   RO         1335    .text               c_w.l(heapauxi.o)
    0x08000466   0x08000466   0x00000064   Code   RO         1340    .text               c_w.l(rt_memcpy_w.o)
    0x080004ca   0x080004ca   0x0000004a   Code   RO         1357    .text               c_w.l(sys_stackheap_outer.o)
    0x08000514   0x08000514   0x00000012   Code   RO         1359    .text               c_w.l(exit.o)
    0x08000526   0x08000526   0x00000002   PAD
    0x08000528   0x08000528   0x00000008   Code   RO         1365    .text               c_w.l(libspace.o)
    0x08000530   0x08000530   0x0000000c   Code   RO         1428    .text               c_w.l(sys_exit.o)
    0x0800053c   0x0800053c   0x00000002   Code   RO         1443    .text               c_w.l(use_no_semi.o)
    0x0800053e   0x0800053e   0x00000000   Code   RO         1445    .text               c_w.l(indicate_semi.o)
    0x0800053e   0x0800053e   0x00000002   PAD
    0x08000540   0x08000540   0x00000034   Code   RO           10    .text.CAN1_RX0_IRQHandler  main.o
    0x08000574   0x08000574   0x00000020   Code   RO           12    .text.CAN1_RX1_IRQHandler  main.o
    0x08000594   0x08000594   0x0000000c   Code   RO            8    .text.CAN1_TX_IRQHandler  main.o
    0x080005a0   0x080005a0   0x000001da   Code   RO          247    .text.CAN_Config    apm32f4xx_can.o
    0x0800077a   0x0800077a   0x00000002   PAD
    0x0800077c   0x0800077c   0x00000172   Code   RO          249    .text.CAN_ConfigFilter  apm32f4xx_can.o
    0x080008ee   0x080008ee   0x00000002   PAD
    0x080008f0   0x080008f0   0x00000038   Code   RO          251    .text.CAN_ConfigStructInit  apm32f4xx_can.o
    0x08000928   0x08000928   0x00000012   Code   RO          257    .text.CAN_DisableDBGFreeze  apm32f4xx_can.o
    0x0800093a   0x0800093a   0x00000002   PAD
    0x0800093c   0x0800093c   0x0000019e   Code   RO            4    .text.CAN_Init      main.o
    0x08000ada   0x08000ada   0x00000002   PAD
    0x08000adc   0x08000adc   0x00000194   Code   RO          271    .text.CAN_OperatingMode  apm32f4xx_can.o
    0x08000c70   0x08000c70   0x0000002c   Code   RO          267    .text.CAN_ReleaseFIFO  apm32f4xx_can.o
    0x08000c9c   0x08000c9c   0x00000050   Code   RO          245    .text.CAN_Reset     apm32f4xx_can.o
    0x08000cec   0x08000cec   0x00000154   Code   RO          265    .text.CAN_RxMessage  apm32f4xx_can.o
    0x08000e40   0x08000e40   0x00000140   Code   RO          259    .text.CAN_TxMessage  apm32f4xx_can.o
    0x08000f80   0x08000f80   0x00000016   Code   RO            6    .text.Delay         main.o
    0x08000f96   0x08000f96   0x00000002   PAD
    0x08000f98   0x08000f98   0x000000f6   Code   RO          455    .text.GPIO_Config   apm32f4xx_gpio.o
    0x0800108e   0x0800108e   0x00000002   PAD
    0x08001090   0x08001090   0x0000009a   Code   RO          479    .text.GPIO_ConfigPinAF  apm32f4xx_gpio.o
    0x0800112a   0x0800112a   0x00000002   PAD
    0x0800112c   0x0800112c   0x00000076   Code   RO            2    .text.GPIO_Init     main.o
    0x080011a2   0x080011a2   0x00000002   PAD
    0x080011a4   0x080011a4   0x00000014   Code   RO          471    .text.GPIO_ResetBit  apm32f4xx_gpio.o
    0x080011b8   0x080011b8   0x00000014   Code   RO          469    .text.GPIO_SetBit   apm32f4xx_gpio.o
    0x080011cc   0x080011cc   0x00000018   Code   RO          477    .text.GPIO_ToggleBit  apm32f4xx_gpio.o
    0x080011e4   0x080011e4   0x00000024   Code   RO           32    .text.I2C3_ER_IRQHandler  main.o
    0x08001208   0x08001208   0x00000014   Code   RO           30    .text.I2C3_EV_IRQHandler  main.o
    0x0800121c   0x0800121c   0x00000052   Code   RO           26    .text.I2C3_Reset    main.o
    0x0800126e   0x0800126e   0x00000002   PAD
    0x08001270   0x08001270   0x00000042   Code   RO           59    .text.I2C_ClearErrorFlag  i2c.o
    0x080012b2   0x080012b2   0x00000002   PAD
    0x080012b4   0x080012b4   0x00000196   Code   RO          490    .text.I2C_Config    apm32f4xx_i2c.o
    0x0800144a   0x0800144a   0x00000002   PAD
    0x0800144c   0x0800144c   0x00000012   Code   RO          494    .text.I2C_Enable    apm32f4xx_i2c.o
    0x0800145e   0x0800145e   0x00000002   PAD
    0x08001460   0x08001460   0x00000074   Code   RO          488    .text.I2C_Reset     apm32f4xx_i2c.o
    0x080014d4   0x080014d4   0x0000005a   Code   RO           20    .text.I2C_Setting   main.o
    0x0800152e   0x0800152e   0x00000002   PAD
    0x08001530   0x08001530   0x00000004   Code   RO           18    .text.IRQ_Init      main.o
    0x08001534   0x08001534   0x00000040   Code   RO         1267    .text.MessageQueueGet  RTX_CM4F.lib(rtx_msgqueue.o)
    0x08001574   0x08001574   0x00000058   Code   RO         1261    .text.MessageQueuePut  RTX_CM4F.lib(rtx_msgqueue.o)
    0x080015cc   0x080015cc   0x0000001c   Code   RO         1259    .text.MessageQueueRemove  RTX_CM4F.lib(rtx_msgqueue.o)
    0x080015e8   0x080015e8   0x0000000c   Code   RO         1307    .text.OS_Tick_AcknowledgeIRQ  RTX_CM4F.lib(os_systick.o)
    0x080015f4   0x080015f4   0x0000000c   Code   RO          916    .text.OUTLINED_FUNCTION_0  RTX_CM4F.lib(rtx_kernel.o)
    0x08001600   0x08001600   0x0000000c   Code   RO         1275    .text.OUTLINED_FUNCTION_0  RTX_CM4F.lib(rtx_msgqueue.o)
    0x0800160c   0x0800160c   0x00000006   Code   RO         1277    .text.OUTLINED_FUNCTION_1  RTX_CM4F.lib(rtx_msgqueue.o)
    0x08001612   0x08001612   0x00000002   PAD
    0x08001614   0x08001614   0x0000002c   Code   RO           74    .text.PowerChangeQMA6100  qma6100.o
    0x08001640   0x08001640   0x00000014   Code   RO           76    .text.PowerOff      qma6100.o
    0x08001654   0x08001654   0x00000014   Code   RO           78    .text.PowerOn       qma6100.o
    0x08001668   0x08001668   0x00000026   Code   RO          652    .text.RCM_ConfigAHB  apm32f4xx_rcm.o
    0x0800168e   0x0800168e   0x00000002   PAD
    0x08001690   0x08001690   0x00000026   Code   RO          654    .text.RCM_ConfigAPB1  apm32f4xx_rcm.o
    0x080016b6   0x080016b6   0x00000002   PAD
    0x080016b8   0x080016b8   0x00000026   Code   RO          656    .text.RCM_ConfigAPB2  apm32f4xx_rcm.o
    0x080016de   0x080016de   0x00000002   PAD
    0x080016e0   0x080016e0   0x00000064   Code   RO          612    .text.RCM_ConfigHSE  apm32f4xx_rcm.o
    0x08001744   0x08001744   0x00000072   Code   RO          628    .text.RCM_ConfigPLL1  apm32f4xx_rcm.o
    0x080017b6   0x080017b6   0x00000002   PAD
    0x080017b8   0x080017b8   0x00000038   Code   RO          634    .text.RCM_ConfigPLL2  apm32f4xx_rcm.o
    0x080017f0   0x080017f0   0x0000001e   Code   RO          648    .text.RCM_ConfigSYSCLK  apm32f4xx_rcm.o
    0x0800180e   0x0800180e   0x00000002   PAD
    0x08001810   0x08001810   0x00000018   Code   RO          704    .text.RCM_DisableAPB1PeriphReset  apm32f4xx_rcm.o
    0x08001828   0x08001828   0x00000012   Code   RO          620    .text.RCM_DisableHSI  apm32f4xx_rcm.o
    0x0800183a   0x0800183a   0x00000002   PAD
    0x0800183c   0x0800183c   0x00000018   Code   RO          678    .text.RCM_EnableAHB1PeriphClock  apm32f4xx_rcm.o
    0x08001854   0x08001854   0x00000018   Code   RO          686    .text.RCM_EnableAPB1PeriphClock  apm32f4xx_rcm.o
    0x0800186c   0x0800186c   0x00000018   Code   RO          702    .text.RCM_EnableAPB1PeriphReset  apm32f4xx_rcm.o
    0x08001884   0x08001884   0x00000018   Code   RO          690    .text.RCM_EnableAPB2PeriphClock  apm32f4xx_rcm.o
    0x0800189c   0x0800189c   0x00000012   Code   RO          630    .text.RCM_EnablePLL1  apm32f4xx_rcm.o
    0x080018ae   0x080018ae   0x00000002   PAD
    0x080018b0   0x080018b0   0x00000012   Code   RO          636    .text.RCM_EnablePLL2  apm32f4xx_rcm.o
    0x080018c2   0x080018c2   0x00000002   PAD
    0x080018c4   0x080018c4   0x00000092   Code   RO           14    .text.RCM_Init      main.o
    0x08001956   0x08001956   0x00000002   PAD
    0x08001958   0x08001958   0x00000046   Code   RO          662    .text.RCM_ReadHCLKFreq  apm32f4xx_rcm.o
    0x0800199e   0x0800199e   0x00000002   PAD
    0x080019a0   0x080019a0   0x0000006c   Code   RO          664    .text.RCM_ReadPCLKFreq  apm32f4xx_rcm.o
    0x08001a0c   0x08001a0c   0x000000d6   Code   RO          660    .text.RCM_ReadSYSCLKFreq  apm32f4xx_rcm.o
    0x08001ae2   0x08001ae2   0x00000002   PAD
    0x08001ae4   0x08001ae4   0x00000046   Code   RO          614    .text.RCM_WaitHSEReady  apm32f4xx_rcm.o
    0x08001b2a   0x08001b2a   0x00000002   PAD
    0x08001b2c   0x08001b2c   0x00000120   Code   RO          845    .text.SystemClockConfig  system_apm32f4xx.o
    0x08001c4c   0x08001c4c   0x00000120   Code   RO          847    .text.SystemCoreClockUpdate  system_apm32f4xx.o
    0x08001d6c   0x08001d6c   0x00000074   Code   RO          843    .text.SystemInit    system_apm32f4xx.o
    0x08001de0   0x08001de0   0x00000048   Code   RO         1092    .text.TimerInsert   RTX_CM4F.lib(rtx_timer.o)
    0x08001e28   0x08001e28   0x00000020   Code   RO           95    .text._mutex_acquire  rtx_lib.o
    0x08001e48   0x08001e48   0x00000012   Code   RO           99    .text._mutex_free   rtx_lib.o
    0x08001e5a   0x08001e5a   0x00000002   PAD
    0x08001e5c   0x08001e5c   0x00000032   Code   RO           93    .text._mutex_initialize  rtx_lib.o
    0x08001e8e   0x08001e8e   0x00000002   PAD
    0x08001e90   0x08001e90   0x0000001c   Code   RO           97    .text._mutex_release  rtx_lib.o
    0x08001eac   0x08001eac   0x00000008   Code   RO           87    .text._platform_post_stackheap_init  rtx_lib.o
    0x08001eb4   0x08001eb4   0x0000002e   Code   RO           49    .text.fault_i2c     i2c.o
    0x08001ee2   0x08001ee2   0x00000002   PAD
    0x08001ee4   0x08001ee4   0x0000015c   Code   RO           57    .text.i2c_read      i2c.o
    0x08002040   0x08002040   0x000000b4   Code   RO           51    .text.i2c_setup_gpio  i2c.o
    0x080020f4   0x080020f4   0x00000134   Code   RO           65    .text.i2c_write     i2c.o
    0x08002228   0x08002228   0x000000ac   Code   RO           28    .text.main          main.o
    0x080022d4   0x080022d4   0x0000001e   Code   RO           16    .text.main_Init     main.o
    0x080022f2   0x080022f2   0x00000002   PAD
    0x080022f4   0x080022f4   0x00000030   Code   RO          868    .text.osKernelGetState  RTX_CM4F.lib(rtx_kernel.o)
    0x08002324   0x08002324   0x0000002c   Code   RO          862    .text.osKernelInitialize  RTX_CM4F.lib(rtx_kernel.o)
    0x08002350   0x08002350   0x00000070   Code   RO         1235    .text.osMessageQueueGet  RTX_CM4F.lib(rtx_msgqueue.o)
    0x080023c0   0x080023c0   0x00000080   Code   RO         1233    .text.osMessageQueuePut  RTX_CM4F.lib(rtx_msgqueue.o)
    0x08002440   0x08002440   0x00000024   Code   RO         1124    .text.osMutexAcquire  RTX_CM4F.lib(rtx_mutex.o)
    0x08002464   0x08002464   0x00000024   Code   RO         1130    .text.osMutexDelete  RTX_CM4F.lib(rtx_mutex.o)
    0x08002488   0x08002488   0x00000024   Code   RO         1120    .text.osMutexNew    RTX_CM4F.lib(rtx_mutex.o)
    0x080024ac   0x080024ac   0x00000024   Code   RO         1126    .text.osMutexRelease  RTX_CM4F.lib(rtx_mutex.o)
    0x080024d0   0x080024d0   0x0000002e   Code   RO          125    .text.osRtxErrorNotify  rtx_config.o
    0x080024fe   0x080024fe   0x00000004   Code   RO          860    .text.osRtxKernelErrorNotify  RTX_CM4F.lib(rtx_kernel.o)
    0x08002502   0x08002502   0x00000002   Code   RO          858    .text.osRtxKernelPreInit  RTX_CM4F.lib(rtx_kernel.o)
    0x08002504   0x08002504   0x0000006c   Code   RO         1161    .text.osRtxMemoryAlloc  RTX_CM4F.lib(rtx_memory.o)
    0x08002570   0x08002570   0x00000042   Code   RO         1163    .text.osRtxMemoryFree  RTX_CM4F.lib(rtx_memory.o)
    0x080025b2   0x080025b2   0x00000036   Code   RO         1159    .text.osRtxMemoryInit  RTX_CM4F.lib(rtx_memory.o)
    0x080025e8   0x080025e8   0x0000003a   Code   RO         1175    .text.osRtxMemoryPoolAlloc  RTX_CM4F.lib(rtx_mempool.o)
    0x08002622   0x08002622   0x0000004a   Code   RO         1177    .text.osRtxMemoryPoolFree  RTX_CM4F.lib(rtx_mempool.o)
    0x0800266c   0x0800266c   0x00000038   Code   RO         1173    .text.osRtxMemoryPoolInit  RTX_CM4F.lib(rtx_mempool.o)
    0x080026a4   0x080026a4   0x000000aa   Code   RO         1257    .text.osRtxMessageQueuePostProcess  RTX_CM4F.lib(rtx_msgqueue.o)
    0x0800274e   0x0800274e   0x00000002   PAD
    0x08002750   0x08002750   0x00000024   Code   RO         1225    .text.osRtxMessageQueueTimerSetup  RTX_CM4F.lib(rtx_msgqueue.o)
    0x08002774   0x08002774   0x00000048   Code   RO         1118    .text.osRtxMutexOwnerRestore  RTX_CM4F.lib(rtx_mutex.o)
    0x080027bc   0x080027bc   0x00000088   Code   RO         1289    .text.osRtxPendSV_Handler  RTX_CM4F.lib(rtx_system.o)
    0x08002844   0x08002844   0x00000070   Code   RO         1291    .text.osRtxPostProcess  RTX_CM4F.lib(rtx_system.o)
    0x080028b4   0x080028b4   0x00000034   Code   RO          948    .text.osRtxThreadBlock  RTX_CM4F.lib(rtx_thread.o)
    0x080028e8   0x080028e8   0x0000007c   Code   RO          956    .text.osRtxThreadDelayInsert  RTX_CM4F.lib(rtx_thread.o)
    0x08002964   0x08002964   0x0000003c   Code   RO          952    .text.osRtxThreadDelayRemove  RTX_CM4F.lib(rtx_thread.o)
    0x080029a0   0x080029a0   0x00000050   Code   RO          940    .text.osRtxThreadDelayTick  RTX_CM4F.lib(rtx_thread.o)
    0x080029f0   0x080029f0   0x00000050   Code   RO          946    .text.osRtxThreadDispatch  RTX_CM4F.lib(rtx_thread.o)
    0x08002a40   0x08002a40   0x00000012   Code   RO          932    .text.osRtxThreadListGet  RTX_CM4F.lib(rtx_thread.o)
    0x08002a52   0x08002a52   0x0000002c   Code   RO          930    .text.osRtxThreadListPut  RTX_CM4F.lib(rtx_thread.o)
    0x08002a7e   0x08002a7e   0x00000014   Code   RO          936    .text.osRtxThreadListRemove  RTX_CM4F.lib(rtx_thread.o)
    0x08002a92   0x08002a92   0x00000026   Code   RO          934    .text.osRtxThreadListSort  RTX_CM4F.lib(rtx_thread.o)
    0x08002ab8   0x08002ab8   0x00000010   Code   RO          938    .text.osRtxThreadReadyPut  RTX_CM4F.lib(rtx_thread.o)
    0x08002ac8   0x08002ac8   0x00000014   Code   RO          942    .text.osRtxThreadRegPtr  RTX_CM4F.lib(rtx_thread.o)
    0x08002adc   0x08002adc   0x0000000c   Code   RO          944    .text.osRtxThreadSwitch  RTX_CM4F.lib(rtx_thread.o)
    0x08002ae8   0x08002ae8   0x0000003c   Code   RO          954    .text.osRtxThreadWaitEnter  RTX_CM4F.lib(rtx_thread.o)
    0x08002b24   0x08002b24   0x00000030   Code   RO          950    .text.osRtxThreadWaitExit  RTX_CM4F.lib(rtx_thread.o)
    0x08002b54   0x08002b54   0x00000074   Code   RO         1287    .text.osRtxTick_Handler  RTX_CM4F.lib(rtx_system.o)
    0x08002bc8   0x08002bc8   0x00000020   Code   RO         1074    .text.osRtxTimerSetup  RTX_CM4F.lib(rtx_timer.o)
    0x08002be8   0x08002be8   0x00000020   Code   RO         1078    .text.osRtxTimerThread  RTX_CM4F.lib(rtx_timer.o)
    0x08002c08   0x08002c08   0x00000070   Code   RO         1076    .text.osRtxTimerTick  RTX_CM4F.lib(rtx_timer.o)
    0x08002c78   0x08002c78   0x00000036   Code   RO           91    .text.os_kernel_is_active  rtx_lib.o
    0x08002cae   0x08002cae   0x00000002   PAD
    0x08002cb0   0x08002cb0   0x00000002   Code   RO           53    .text.rcc_I2C_init  i2c.o
    0x08002cb2   0x08002cb2   0x00000002   PAD
    0x08002cb4   0x08002cb4   0x0000000c   Code   RO          870    .text.svcRtxKernelGetState  RTX_CM4F.lib(rtx_kernel.o)
    0x08002cc0   0x08002cc0   0x00000100   Code   RO          900    .text.svcRtxKernelInitialize  RTX_CM4F.lib(rtx_kernel.o)
    0x08002dc0   0x08002dc0   0x000000cc   Code   RO         1269    .text.svcRtxMessageQueueGet  RTX_CM4F.lib(rtx_msgqueue.o)
    0x08002e8c   0x08002e8c   0x00000118   Code   RO         1227    .text.svcRtxMessageQueueNew  RTX_CM4F.lib(rtx_msgqueue.o)
    0x08002fa4   0x08002fa4   0x000000ac   Code   RO         1265    .text.svcRtxMessageQueuePut  RTX_CM4F.lib(rtx_msgqueue.o)
    0x08003050   0x08003050   0x0000008c   Code   RO         1136    .text.svcRtxMutexAcquire  RTX_CM4F.lib(rtx_mutex.o)
    0x080030dc   0x080030dc   0x000000ac   Code   RO         1142    .text.svcRtxMutexDelete  RTX_CM4F.lib(rtx_mutex.o)
    0x08003188   0x08003188   0x00000068   Code   RO         1132    .text.svcRtxMutexNew  RTX_CM4F.lib(rtx_mutex.o)
    0x080031f0   0x080031f0   0x000000b4   Code   RO         1138    .text.svcRtxMutexRelease  RTX_CM4F.lib(rtx_mutex.o)
    0x080032a4   0x080032a4   0x0000001a   Code   RO         1426    x$fpl$fpinit        fz_wm.l(fpinit.o)
    0x080032be   0x080032be   0x00000002   PAD
    0x080032c0   0x080032c0   0x00000070   Data   RO          105    .rodata             rtx_lib.o
    0x08003330   0x08003330   0x00000038   Data   RO          108    .rodata             rtx_lib.o
    0x08003368   0x08003368   0x00000010   Data   RO          850    .rodata.AHBPrescTable  system_apm32f4xx.o
    0x08003378   0x08003378   0x00000004   Data   RO          107    .rodata.osRtxUserSVC  rtx_lib.o
    0x0800337c   0x0800337c   0x00000024   Data   RO          102    .rodata.os_idle_thread_attr  rtx_lib.o
    0x080033a0   0x080033a0   0x00000018   Data   RO          104    .rodata.os_timer_mq_attr  rtx_lib.o
    0x080033b8   0x080033b8   0x00000024   Data   RO          103    .rodata.os_timer_thread_attr  rtx_lib.o
    0x080033dc   0x080033dc   0x0000000b   Data   RO          920    .rodata.str1.4      RTX_CM4F.lib(rtx_kernel.o)
    0x080033e7   0x080033e7   0x00000001   PAD
    0x080033e8   0x080033e8   0x00000020   Data   RO         1501    Region$$Table       anon$$obj.o


    Execution Region RW_IRAM1 (Exec base: 0x20000000, Load base: 0x08003408, Size: 0x00008c78, Max: 0x00200000, ABSOLUTE)

    Exec Addr    Load Addr    Size         Type   Attr      Idx    E Section Name        Object

    0x20000000   0x08003408   0x00000004   Data   RW          849    .data.SystemCoreClock  system_apm32f4xx.o
    0x20000004   0x0800340c   0x000000a4   Data   RW          921    .data.os            RTX_CM4F.lib(rtx_kernel.o)
    0x200000a8        -       0x00000060   Zero   RW         1366    .bss                c_w.l(libspace.o)
    0x20000108        -       0x00000001   Zero   RW           34    .bss.ErrorI2C       main.o
    0x20000109   0x080034b0   0x00000003   PAD
    0x2000010c        -       0x00000004   Zero   RW           37    .bss.StatucCANMode  main.o
    0x20000110        -       0x00000004   Zero   RW           36    .bss.StatusCAN      main.o
    0x20000114        -       0x00000004   Zero   RW           35    .bss.StatusCANMessage  main.o
    0x20000118        -       0x00000001   Zero   RW           39    .bss.main.dataI2C   main.o
    0x20000119   0x080034b0   0x00000007   PAD
    0x20000120        -       0x00008040   Zero   RW          101    .bss.os             rtx_lib.o
    0x20008160        -       0x00000034   Zero   RW          113    .bss.os.msgqueue.cb  rtx_lib.o
    0x20008194        -       0x00000050   Zero   RW          114    .bss.os.msgqueue.mem  rtx_lib.o
    0x200081e4        -       0x00000088   Zero   RW          110    .bss.os.thread.cb   rtx_lib.o
    0x2000826c   0x080034b0   0x00000004   PAD
    0x20008270        -       0x00000200   Zero   RW          111    .bss.os.thread.idle.stack  rtx_lib.o
    0x20008470        -       0x00000200   Zero   RW          112    .bss.os.thread.timer.stack  rtx_lib.o
    0x20008670        -       0x00000001   Zero   RW          115    .bss.os_kernel_is_active.os_kernel_active  rtx_lib.o
    0x20008671   0x080034b0   0x00000007   PAD
    0x20008678        -       0x00000200   Zero   RW          834    HEAP                startup_apm32f40x.o
    0x20008878        -       0x00000400   Zero   RW          833    STACK               startup_apm32f40x.o


==============================================================================

Image component sizes


      Code (inc. data)   RO Data    RW Data    ZI Data      Debug   Object Name

      2106          0          0          0          0      20450   apm32f4xx_can.o
       464          0          0          0          0      11672   apm32f4xx_gpio.o
       540          0          0          0          0      14266   apm32f4xx_i2c.o
      1050          0          0          0          0      20924   apm32f4xx_rcm.o
       950          0          0          0          0      12815   i2c.o
      1230          0          0          0         14      36469   main.o
        84          0          0          0          0       5938   qma6100.o
        46          6          0          0          0        688   rtx_config.o
       190          0        268          0      34125       7116   rtx_lib.o
        64         26        404          0       1536        852   startup_apm32f40x.o
       692          0         16          4          0      12590   system_apm32f4xx.o

    ----------------------------------------------------------------------
      7478         32        720          4      35696     143780   Object Totals
         0          0         32          0          0          0   (incl. Generated)
        62          0          0          0         21          0   (incl. Padding)

    ----------------------------------------------------------------------

      Code (inc. data)   RO Data    RW Data    ZI Data      Debug   Library Member Name

       200         12          0          0          0        634   irq_armv7m.o
        12          4          0          0          0       3199   os_systick.o
       378         28         11        164          0      16781   rtx_kernel.o
       228          0          0          0          0       2590   rtx_memory.o
       188          0          0          0          0      16188   rtx_mempool.o
      1300         28          0          0          0      18765   rtx_msgqueue.o
       812         24          0          0          0      10068   rtx_mutex.o
       364         14          0          0          0       5444   rtx_system.o
       672          4          0          0          0      32486   rtx_thread.o
       248         16          0          0          0      10433   rtx_timer.o
         8          0          0          0          0         68   __main.o
         0          0          0          0          0          0   __rtentry.o
        20          0          0          0          0          0   __rtentry2.o
         6          0          0          0          0          0   __rtentry4.o
        52          8          0          0          0          0   __scatter.o
        26          0          0          0          0          0   __scatter_copy.o
        28          0          0          0          0          0   __scatter_zi.o
        18          0          0          0          0         80   exit.o
         6          0          0          0          0        152   heapauxi.o
         0          0          0          0          0          0   indicate_semi.o
         2          0          0          0          0          0   libinit.o
         6          0          0          0          0          0   libinit2.o
         2          0          0          0          0          0   libshutdown.o
         2          0          0          0          0          0   libshutdown2.o
         8          4          0          0         96         68   libspace.o
        68          0          0          0          0         68   rt_memclr.o
        78          0          0          0          0         80   rt_memclr_w.o
       138          0          0          0          0         68   rt_memcpy_v6.o
       100          0          0          0          0         80   rt_memcpy_w.o
         2          0          0          0          0          0   rtexit.o
        10          0          0          0          0          0   rtexit2.o
        12          4          0          0          0         68   sys_exit.o
        74          0          0          0          0         80   sys_stackheap_outer.o
         2          0          0          0          0         68   use_no_semi.o
        26          0          0          0          0        116   fpinit.o

    ----------------------------------------------------------------------
      5110        146         12        164         96     117584   Library Totals
        14          0          1          0          0          0   (incl. Padding)

    ----------------------------------------------------------------------

      Code (inc. data)   RO Data    RW Data    ZI Data      Debug   Library Name

      4402        130         11        164          0     116588   RTX_CM4F.lib
       668         16          0          0         96        880   c_w.l
        26          0          0          0          0        116   fz_wm.l

    ----------------------------------------------------------------------
      5110        146         12        164         96     117584   Library Totals

    ----------------------------------------------------------------------

==============================================================================


      Code (inc. data)   RO Data    RW Data    ZI Data      Debug   

     12588        178        732        168      35792     260640   Grand Totals
     12588        178        732        168      35792     260640   ELF Image Totals
     12588        178        732        168          0          0   ROM Totals

==============================================================================

    Total RO  Size (Code + RO Data)                13320 (  13.01kB)
    Total RW  Size (RW Data + ZI Data)             35960 (  35.12kB)
    Total ROM Size (Code + RO Data + RW Data)      13488 (  13.17kB)

==============================================================================

