Component: Arm Compiler for Embedded 6.19 Tool: armlink [5e73cb00]

==============================================================================

Section Cross References

    main.o(.text.GPIO_Init) refers to apm32f4xx_rcm.o(.text.RCM_EnableAHB1PeriphClock) for RCM_EnableAHB1PeriphClock
    main.o(.text.GPIO_Init) refers to apm32f4xx_gpio.o(.text.GPIO_Config) for GPIO_Config
    main.o(.ARM.exidx.text.GPIO_Init) refers to main.o(.text.GPIO_Init) for [Anonymous Symbol]
    main.o(.text.CAN_Init) refers to apm32f4xx_rcm.o(.text.RCM_EnableAHB1PeriphClock) for RCM_EnableAHB1PeriphClock
    main.o(.text.CAN_Init) refers to apm32f4xx_gpio.o(.text.GPIO_ConfigPinAF) for GPIO_ConfigPinAF
    main.o(.text.CAN_Init) refers to apm32f4xx_gpio.o(.text.GPIO_Config) for GPIO_Config
    main.o(.text.CAN_Init) refers to apm32f4xx_gpio.o(.text.GPIO_ResetBit) for GPIO_ResetBit
    main.o(.text.CAN_Init) refers to apm32f4xx_rcm.o(.text.RCM_EnableAPB1PeriphClock) for RCM_EnableAPB1PeriphClock
    main.o(.text.CAN_Init) refers to main.o(.text.Delay) for Delay
    main.o(.text.CAN_Init) refers to apm32f4xx_can.o(.text.CAN_Reset) for CAN_Reset
    main.o(.text.CAN_Init) refers to apm32f4xx_can.o(.text.CAN_DisableDBGFreeze) for CAN_DisableDBGFreeze
    main.o(.text.CAN_Init) refers to apm32f4xx_can.o(.text.CAN_ConfigStructInit) for CAN_ConfigStructInit
    main.o(.text.CAN_Init) refers to apm32f4xx_can.o(.text.CAN_ConfigFilter) for CAN_ConfigFilter
    main.o(.text.CAN_Init) refers to apm32f4xx_can.o(.text.CAN_TxMessage) for CAN_TxMessage
    main.o(.text.CAN_Init) refers to main.o(.bss.StatusCANMessage) for StatusCANMessage
    main.o(.text.CAN_Init) refers to apm32f4xx_can.o(.text.CAN_Config) for CAN_Config
    main.o(.text.CAN_Init) refers to main.o(.bss.StatusCAN) for StatusCAN
    main.o(.text.CAN_Init) refers to apm32f4xx_can.o(.text.CAN_OperatingMode) for CAN_OperatingMode
    main.o(.text.CAN_Init) refers to main.o(.bss.StatucCANMode) for StatucCANMode
    main.o(.ARM.exidx.text.CAN_Init) refers to main.o(.text.CAN_Init) for [Anonymous Symbol]
    main.o(.ARM.exidx.text.Delay) refers to main.o(.text.Delay) for [Anonymous Symbol]
    main.o(.text.CAN1_TX_IRQHandler) refers to main.o(.text.Delay) for Delay
    main.o(.ARM.exidx.text.CAN1_TX_IRQHandler) refers to main.o(.text.CAN1_TX_IRQHandler) for [Anonymous Symbol]
    main.o(.text.CAN1_RX0_IRQHandler) refers to apm32f4xx_can.o(.text.CAN_RxMessage) for CAN_RxMessage
    main.o(.text.CAN1_RX0_IRQHandler) refers to apm32f4xx_can.o(.text.CAN_ReleaseFIFO) for CAN_ReleaseFIFO
    main.o(.text.CAN1_RX0_IRQHandler) refers to apm32f4xx_gpio.o(.text.GPIO_ToggleBit) for GPIO_ToggleBit
    main.o(.ARM.exidx.text.CAN1_RX0_IRQHandler) refers to main.o(.text.CAN1_RX0_IRQHandler) for [Anonymous Symbol]
    main.o(.text.CAN1_RX1_IRQHandler) refers to apm32f4xx_gpio.o(.text.GPIO_ToggleBit) for GPIO_ToggleBit
    main.o(.text.CAN1_RX1_IRQHandler) refers to main.o(.text.Delay) for Delay
    main.o(.ARM.exidx.text.CAN1_RX1_IRQHandler) refers to main.o(.text.CAN1_RX1_IRQHandler) for [Anonymous Symbol]
    main.o(.text.RCM_Init) refers to apm32f4xx_rcm.o(.text.RCM_ConfigHSE) for RCM_ConfigHSE
    main.o(.text.RCM_Init) refers to apm32f4xx_rcm.o(.text.RCM_WaitHSEReady) for RCM_WaitHSEReady
    main.o(.text.RCM_Init) refers to apm32f4xx_rcm.o(.text.RCM_ConfigPLL1) for RCM_ConfigPLL1
    main.o(.text.RCM_Init) refers to apm32f4xx_rcm.o(.text.RCM_ConfigPLL2) for RCM_ConfigPLL2
    main.o(.text.RCM_Init) refers to apm32f4xx_rcm.o(.text.RCM_EnablePLL1) for RCM_EnablePLL1
    main.o(.text.RCM_Init) refers to apm32f4xx_rcm.o(.text.RCM_EnablePLL2) for RCM_EnablePLL2
    main.o(.text.RCM_Init) refers to apm32f4xx_rcm.o(.text.RCM_ConfigSYSCLK) for RCM_ConfigSYSCLK
    main.o(.text.RCM_Init) refers to apm32f4xx_rcm.o(.text.RCM_DisableHSI) for RCM_DisableHSI
    main.o(.text.RCM_Init) refers to apm32f4xx_rcm.o(.text.RCM_ConfigAHB) for RCM_ConfigAHB
    main.o(.text.RCM_Init) refers to apm32f4xx_rcm.o(.text.RCM_ConfigAPB1) for RCM_ConfigAPB1
    main.o(.text.RCM_Init) refers to apm32f4xx_rcm.o(.text.RCM_ConfigAPB2) for RCM_ConfigAPB2
    main.o(.text.RCM_Init) refers to apm32f4xx_rcm.o(.text.RCM_EnableAPB2PeriphClock) for RCM_EnableAPB2PeriphClock
    main.o(.text.RCM_Init) refers to system_apm32f4xx.o(.text.SystemCoreClockUpdate) for SystemCoreClockUpdate
    main.o(.ARM.exidx.text.RCM_Init) refers to main.o(.text.RCM_Init) for [Anonymous Symbol]
    main.o(.text.main_Init) refers to main.o(.text.CAN_Init) for CAN_Init
    main.o(.text.main_Init) refers to main.o(.text.IRQ_Init) for IRQ_Init
    main.o(.ARM.exidx.text.main_Init) refers to main.o(.text.main_Init) for [Anonymous Symbol]
    main.o(.ARM.exidx.text.IRQ_Init) refers to main.o(.text.IRQ_Init) for [Anonymous Symbol]
    main.o(.text.ACL_I2C_DeInit) refers to dma.o(.text.ACL_I2C_LowLevel_DeInit) for ACL_I2C_LowLevel_DeInit
    main.o(.ARM.exidx.text.ACL_I2C_DeInit) refers to main.o(.text.ACL_I2C_DeInit) for [Anonymous Symbol]
[...]
    Removing apm32f4xx_i2c.o(.ARM.exidx.text.I2C_EnableStretchClock), (8 bytes).
    Removing apm32f4xx_i2c.o(.text.I2C_DisableStretchClock), (18 bytes).
    Removing apm32f4xx_i2c.o(.ARM.exidx.text.I2C_DisableStretchClock), (8 bytes).
    Removing apm32f4xx_i2c.o(.text.I2C_ConfigFastModeDutyCycle), (48 bytes).
    Removing apm32f4xx_i2c.o(.ARM.exidx.text.I2C_ConfigFastModeDutyCycle), (8 bytes).
    Removing apm32f4xx_i2c.o(.text.I2C_ConfigNACKPosition), (44 bytes).
    Removing apm32f4xx_i2c.o(.ARM.exidx.text.I2C_ConfigNACKPosition), (8 bytes).
    Removing apm32f4xx_i2c.o(.text.I2C_ConfigSMBusAlert), (44 bytes).
    Removing apm32f4xx_i2c.o(.ARM.exidx.text.I2C_ConfigSMBusAlert), (8 bytes).
    Removing apm32f4xx_i2c.o(.text.I2C_EnableARP), (18 bytes).
    Removing apm32f4xx_i2c.o(.ARM.exidx.text.I2C_EnableARP), (8 bytes).
    Removing apm32f4xx_i2c.o(.text.I2C_DisableARP), (18 bytes).
    Removing apm32f4xx_i2c.o(.ARM.exidx.text.I2C_DisableARP), (8 bytes).
    Removing apm32f4xx_i2c.o(.ARM.exidx.text.I2C_TxData), (8 bytes).
    Removing apm32f4xx_i2c.o(.text.I2C_RxData), (14 bytes).
    Removing apm32f4xx_i2c.o(.ARM.exidx.text.I2C_RxData), (8 bytes).
    Removing apm32f4xx_i2c.o(.text.I2C_EnablePECTransmit), (18 bytes).
    Removing apm32f4xx_i2c.o(.ARM.exidx.text.I2C_EnablePECTransmit), (8 bytes).
    Removing apm32f4xx_i2c.o(.text.I2C_DisablePECTransmit), (18 bytes).
    Removing apm32f4xx_i2c.o(.ARM.exidx.text.I2C_DisablePECTransmit), (8 bytes).
    Removing apm32f4xx_i2c.o(.text.I2C_ConfigPECPosition), (44 bytes).
    Removing apm32f4xx_i2c.o(.ARM.exidx.text.I2C_ConfigPECPosition), (8 bytes).
    Removing apm32f4xx_i2c.o(.text.I2C_EnablePEC), (18 bytes).
    Removing apm32f4xx_i2c.o(.ARM.exidx.text.I2C_EnablePEC), (8 bytes).
    Removing apm32f4xx_i2c.o(.text.I2C_DisablePEC), (18 bytes).
    Removing apm32f4xx_i2c.o(.ARM.exidx.text.I2C_DisablePEC), (8 bytes).
    Removing apm32f4xx_i2c.o(.text.I2C_ReadPEC), (16 bytes).
    Removing apm32f4xx_i2c.o(.ARM.exidx.text.I2C_ReadPEC), (8 bytes).
    Removing apm32f4xx_i2c.o(.ARM.exidx.text.I2C_EnableDMA), (8 bytes).
    Removing apm32f4xx_i2c.o(.text.I2C_DisableDMA), (18 bytes).
    Removing apm32f4xx_i2c.o(.ARM.exidx.text.I2C_DisableDMA), (8 bytes).
    Removing apm32f4xx_i2c.o(.text.I2C_EnableDMALastTransfer), (18 bytes).
    Removing apm32f4xx_i2c.o(.ARM.exidx.text.I2C_EnableDMALastTransfer), (8 bytes).
    Removing apm32f4xx_i2c.o(.text.I2C_DisableDMALastTransfer), (18 bytes).
    Removing apm32f4xx_i2c.o(.ARM.exidx.text.I2C_DisableDMALastTransfer), (8 bytes).
    Removing apm32f4xx_i2c.o(.text.I2C_ReadRegister), (142 bytes).
    Removing apm32f4xx_i2c.o(.ARM.exidx.text.I2C_ReadRegister), (8 bytes).
    Removing apm32f4xx_i2c.o(.text.I2C_EnableInterrupt), (24 bytes).
    Removing apm32f4xx_i2c.o(.ARM.exidx.text.I2C_EnableInterrupt), (8 bytes).
    Removing apm32f4xx_i2c.o(.text.I2C_DisableInterrupt), (24 bytes).
    Removing apm32f4xx_i2c.o(.ARM.exidx.text.I2C_DisableInterrupt), (8 bytes).
    Removing apm32f4xx_i2c.o(.ARM.exidx.text.I2C_ReadEventStatus), (8 bytes).
    Removing apm32f4xx_i2c.o(.text.I2C_ReadLastEvent), (52 bytes).
    Removing apm32f4xx_i2c.o(.ARM.exidx.text.I2C_ReadLastEvent), (8 bytes).
    Removing apm32f4xx_i2c.o(.ARM.exidx.text.I2C_ReadStatusFlag), (8 bytes).
    Removing apm32f4xx_i2c.o(.text.I2C_ClearStatusFlag), (126 bytes).
    Removing apm32f4xx_i2c.o(.ARM.exidx.text.I2C_ClearStatusFlag), (8 bytes).
    Removing apm32f4xx_i2c.o(.text.I2C_ReadIntFlag), (76 bytes).
    Removing apm32f4xx_i2c.o(.ARM.exidx.text.I2C_ReadIntFlag), (8 bytes).
    Removing apm32f4xx_i2c.o(.text.I2C_ClearIntFlag), (24 bytes).
    Removing apm32f4xx_i2c.o(.ARM.exidx.text.I2C_ClearIntFlag), (8 bytes).
    Removing apm32f4xx_misc.o(.text), (0 bytes).
    Removing apm32f4xx_misc.o(.text.NVIC_ConfigPriorityGroup), (32 bytes).
    Removing apm32f4xx_misc.o(.ARM.exidx.text.NVIC_ConfigPriorityGroup), (8 bytes).
    Removing apm32f4xx_misc.o(.text.NVIC_EnableIRQRequest), (246 bytes).
    Removing apm32f4xx_misc.o(.ARM.exidx.text.NVIC_EnableIRQRequest), (8 bytes).
    Removing apm32f4xx_misc.o(.text.NVIC_DisableIRQRequest), (36 bytes).
    Removing apm32f4xx_misc.o(.ARM.exidx.text.NVIC_DisableIRQRequest), (8 bytes).
    Removing apm32f4xx_misc.o(.text.NVIC_ConfigVectorTable), (36 bytes).
    Removing apm32f4xx_misc.o(.ARM.exidx.text.NVIC_ConfigVectorTable), (8 bytes).
    Removing apm32f4xx_misc.o(.text.NVIC_SetSystemLowPower), (28 bytes).
    Removing apm32f4xx_misc.o(.ARM.exidx.text.NVIC_SetSystemLowPower), (8 bytes).
    Removing apm32f4xx_misc.o(.text.NVIC_ResetystemLowPower), (28 bytes).
    Removing apm32f4xx_misc.o(.ARM.exidx.text.NVIC_ResetystemLowPower), (8 bytes).
    Removing apm32f4xx_misc.o(.text.SysTick_ConfigCLKSource), (56 bytes).
    Removing apm32f4xx_misc.o(.ARM.exidx.text.SysTick_ConfigCLKSource), (8 bytes).
    Removing apm32f4xx_rcm.o(.text), (0 bytes).
    Removing apm32f4xx_rcm.o(.text.RCM_Reset), (98 bytes).
    Removing apm32f4xx_rcm.o(.ARM.exidx.text.RCM_Reset), (8 bytes).
    Removing apm32f4xx_rcm.o(.ARM.exidx.text.RCM_ConfigHSE), (8 bytes).
    Removing apm32f4xx_rcm.o(.ARM.exidx.text.RCM_WaitHSEReady), (8 bytes).
    Removing apm32f4xx_rcm.o(.text.RCM_ConfigHSITrim), (38 bytes).
    Removing apm32f4xx_rcm.o(.ARM.exidx.text.RCM_ConfigHSITrim), (8 bytes).
    Removing apm32f4xx_rcm.o(.text.RCM_EnableHSI), (18 bytes).
    Removing apm32f4xx_rcm.o(.ARM.exidx.text.RCM_EnableHSI), (8 bytes).
    Removing apm32f4xx_rcm.o(.ARM.exidx.text.RCM_DisableHSI), (8 bytes).
    Removing apm32f4xx_rcm.o(.text.RCM_ConfigLSE), (100 bytes).
    Removing apm32f4xx_rcm.o(.ARM.exidx.text.RCM_ConfigLSE), (8 bytes).
    Removing apm32f4xx_rcm.o(.text.RCM_EnableLSI), (18 bytes).
    Removing apm32f4xx_rcm.o(.ARM.exidx.text.RCM_EnableLSI), (8 bytes).
    Removing apm32f4xx_rcm.o(.text.RCM_DisableLSI), (18 bytes).
    Removing apm32f4xx_rcm.o(.ARM.exidx.text.RCM_DisableLSI), (8 bytes).
    Removing apm32f4xx_rcm.o(.ARM.exidx.text.RCM_ConfigPLL1), (8 bytes).
    Removing apm32f4xx_rcm.o(.ARM.exidx.text.RCM_EnablePLL1), (8 bytes).
    Removing apm32f4xx_rcm.o(.text.RCM_DisablePLL1), (18 bytes).
    Removing apm32f4xx_rcm.o(.ARM.exidx.text.RCM_DisablePLL1), (8 bytes).
    Removing apm32f4xx_rcm.o(.ARM.exidx.text.RCM_ConfigPLL2), (8 bytes).
    Removing apm32f4xx_rcm.o(.ARM.exidx.text.RCM_EnablePLL2), (8 bytes).
    Removing apm32f4xx_rcm.o(.text.RCM_DisablePLL2), (18 bytes).
    Removing apm32f4xx_rcm.o(.ARM.exidx.text.RCM_DisablePLL2), (8 bytes).
    Removing apm32f4xx_rcm.o(.text.RCM_EnableCSS), (18 bytes).
    Removing apm32f4xx_rcm.o(.ARM.exidx.text.RCM_EnableCSS), (8 bytes).
    Removing apm32f4xx_rcm.o(.text.RCM_DisableCSS), (18 bytes).
    Removing apm32f4xx_rcm.o(.ARM.exidx.text.RCM_DisableCSS), (8 bytes).
    Removing apm32f4xx_rcm.o(.text.RCM_ConfigMCO1), (62 bytes).
    Removing apm32f4xx_rcm.o(.ARM.exidx.text.RCM_ConfigMCO1), (8 bytes).
    Removing apm32f4xx_rcm.o(.text.RCM_ConfigMCO2), (58 bytes).
    Removing apm32f4xx_rcm.o(.ARM.exidx.text.RCM_ConfigMCO2), (8 bytes).
    Removing apm32f4xx_rcm.o(.ARM.exidx.text.RCM_ConfigSYSCLK), (8 bytes).
    Removing apm32f4xx_rcm.o(.text.RCM_ReadSYSCLKSource), (16 bytes).
    Removing apm32f4xx_rcm.o(.ARM.exidx.text.RCM_ReadSYSCLKSource), (8 bytes).
    Removing apm32f4xx_rcm.o(.ARM.exidx.text.RCM_ConfigAHB), (8 bytes).
    Removing apm32f4xx_rcm.o(.ARM.exidx.text.RCM_ConfigAPB1), (8 bytes).
    Removing apm32f4xx_rcm.o(.ARM.exidx.text.RCM_ConfigAPB2), (8 bytes).
    Removing apm32f4xx_rcm.o(.text.RCM_ConfigSDRAM), (38 bytes).
    Removing apm32f4xx_rcm.o(.ARM.exidx.text.RCM_ConfigSDRAM), (8 bytes).
    Removing apm32f4xx_rcm.o(.ARM.exidx.text.RCM_ReadSYSCLKFreq), (8 bytes).
    Removing apm32f4xx_rcm.o(.ARM.exidx.text.RCM_ReadHCLKFreq), (8 bytes).
    Removing apm32f4xx_rcm.o(.ARM.exidx.text.RCM_ReadPCLKFreq), (8 bytes).
    Removing apm32f4xx_rcm.o(.text.RCM_ConfigRTCCLK), (98 bytes).
    Removing apm32f4xx_rcm.o(.ARM.exidx.text.RCM_ConfigRTCCLK), (8 bytes).
    Removing apm32f4xx_rcm.o(.text.RCM_EnableRTCCLK), (18 bytes).
    Removing apm32f4xx_rcm.o(.ARM.exidx.text.RCM_EnableRTCCLK), (8 bytes).
    Removing apm32f4xx_rcm.o(.text.RCM_DisableRTCCLK), (18 bytes).
    Removing apm32f4xx_rcm.o(.ARM.exidx.text.RCM_DisableRTCCLK), (8 bytes).
    Removing apm32f4xx_rcm.o(.text.RCM_EnableBackupReset), (18 bytes).
    Removing apm32f4xx_rcm.o(.ARM.exidx.text.RCM_EnableBackupReset), (8 bytes).
    Removing apm32f4xx_rcm.o(.text.RCM_DisableBackupReset), (18 bytes).
    Removing apm32f4xx_rcm.o(.ARM.exidx.text.RCM_DisableBackupReset), (8 bytes).
    Removing apm32f4xx_rcm.o(.text.RCM_ConfigI2SCLK), (38 bytes).
    Removing apm32f4xx_rcm.o(.ARM.exidx.text.RCM_ConfigI2SCLK), (8 bytes).
    Removing apm32f4xx_rcm.o(.ARM.exidx.text.RCM_EnableAHB1PeriphClock), (8 bytes).
    Removing apm32f4xx_rcm.o(.text.RCM_DisableAHB1PeriphClock), (24 bytes).
    Removing apm32f4xx_rcm.o(.ARM.exidx.text.RCM_DisableAHB1PeriphClock), (8 bytes).
    Removing apm32f4xx_rcm.o(.text.RCM_EnableAHB2PeriphClock), (24 bytes).
    Removing apm32f4xx_rcm.o(.ARM.exidx.text.RCM_EnableAHB2PeriphClock), (8 bytes).
    Removing apm32f4xx_rcm.o(.text.RCM_DisableAHB2PeriphClock), (24 bytes).
    Removing apm32f4xx_rcm.o(.ARM.exidx.text.RCM_DisableAHB2PeriphClock), (8 bytes).
    Removing apm32f4xx_rcm.o(.ARM.exidx.text.RCM_EnableAPB1PeriphClock), (8 bytes).
    Removing apm32f4xx_rcm.o(.text.RCM_DisableAPB1PeriphClock), (24 bytes).
    Removing apm32f4xx_rcm.o(.ARM.exidx.text.RCM_DisableAPB1PeriphClock), (8 bytes).
    Removing apm32f4xx_rcm.o(.ARM.exidx.text.RCM_EnableAPB2PeriphClock), (8 bytes).
    Removing apm32f4xx_rcm.o(.text.RCM_DisableAPB2PeriphClock), (24 bytes).
    Removing apm32f4xx_rcm.o(.ARM.exidx.text.RCM_DisableAPB2PeriphClock), (8 bytes).
    Removing apm32f4xx_rcm.o(.text.RCM_EnableAHB1PeriphReset), (24 bytes).
    Removing apm32f4xx_rcm.o(.ARM.exidx.text.RCM_EnableAHB1PeriphReset), (8 bytes).
    Removing apm32f4xx_rcm.o(.text.RCM_DisableAHB1PeriphReset), (24 bytes).
    Removing apm32f4xx_rcm.o(.ARM.exidx.text.RCM_DisableAHB1PeriphReset), (8 bytes).
    Removing apm32f4xx_rcm.o(.text.RCM_EnableAHB2PeriphReset), (24 bytes).
    Removing apm32f4xx_rcm.o(.ARM.exidx.text.RCM_EnableAHB2PeriphReset), (8 bytes).
    Removing apm32f4xx_rcm.o(.text.RCM_DisableAHB2PeriphReset), (24 bytes).
    Removing apm32f4xx_rcm.o(.ARM.exidx.text.RCM_DisableAHB2PeriphReset), (8 bytes).
    Removing apm32f4xx_rcm.o(.ARM.exidx.text.RCM_EnableAPB1PeriphReset), (8 bytes).
    Removing apm32f4xx_rcm.o(.ARM.exidx.text.RCM_DisableAPB1PeriphReset), (8 bytes).
    Removing apm32f4xx_rcm.o(.text.RCM_EnableAPB2PeriphReset), (24 bytes).
    Removing apm32f4xx_rcm.o(.ARM.exidx.text.RCM_EnableAPB2PeriphReset), (8 bytes).
    Removing apm32f4xx_rcm.o(.text.RCM_DisableAPB2PeriphReset), (24 bytes).
    Removing apm32f4xx_rcm.o(.ARM.exidx.text.RCM_DisableAPB2PeriphReset), (8 bytes).
    Removing apm32f4xx_rcm.o(.text.RCM_EnableAHB1PeriphClockLPMode), (24 bytes).
    Removing apm32f4xx_rcm.o(.ARM.exidx.text.RCM_EnableAHB1PeriphClockLPMode), (8 bytes).
    Removing apm32f4xx_rcm.o(.text.RCM_DisableAHB1PeriphClockLPMode), (24 bytes).
    Removing apm32f4xx_rcm.o(.ARM.exidx.text.RCM_DisableAHB1PeriphClockLPMode), (8 bytes).
    Removing apm32f4xx_rcm.o(.text.RCM_EnableAHB2PeriphClockLPMode), (24 bytes).
    Removing apm32f4xx_rcm.o(.ARM.exidx.text.RCM_EnableAHB2PeriphClockLPMode), (8 bytes).
    Removing apm32f4xx_rcm.o(.text.RCM_DisableAHB2PeriphClockLPMode), (24 bytes).
    Removing apm32f4xx_rcm.o(.ARM.exidx.text.RCM_DisableAHB2PeriphClockLPMode), (8 bytes).
    Removing apm32f4xx_rcm.o(.text.RCM_EnableAPB1PeriphClockLPMode), (24 bytes).
    Removing apm32f4xx_rcm.o(.ARM.exidx.text.RCM_EnableAPB1PeriphClockLPMode), (8 bytes).
    Removing apm32f4xx_rcm.o(.text.RCM_DisableAPB1PeriphClockLPMode), (24 bytes).
    Removing apm32f4xx_rcm.o(.ARM.exidx.text.RCM_DisableAPB1PeriphClockLPMode), (8 bytes).
    Removing apm32f4xx_rcm.o(.text.RCM_EnableAPB2PeriphClockLPMode), (24 bytes).
    Removing apm32f4xx_rcm.o(.ARM.exidx.text.RCM_EnableAPB2PeriphClockLPMode), (8 bytes).
    Removing apm32f4xx_rcm.o(.text.RCM_DisableAPB2PeriphClockLPMode), (24 bytes).
    Removing apm32f4xx_rcm.o(.ARM.exidx.text.RCM_DisableAPB2PeriphClockLPMode), (8 bytes).
    Removing apm32f4xx_rcm.o(.text.RCM_EnableInterrupt), (30 bytes).
    Removing apm32f4xx_rcm.o(.ARM.exidx.text.RCM_EnableInterrupt), (8 bytes).
    Removing apm32f4xx_rcm.o(.text.RCM_DisableInterrupt), (30 bytes).
    Removing apm32f4xx_rcm.o(.ARM.exidx.text.RCM_DisableInterrupt), (8 bytes).
    Removing apm32f4xx_rcm.o(.text.RCM_ReadStatusFlag), (124 bytes).
    Removing apm32f4xx_rcm.o(.ARM.exidx.text.RCM_ReadStatusFlag), (8 bytes).
    Removing apm32f4xx_rcm.o(.ARM.exidx.text.RCM_ClearStatusFlag), (8 bytes).
    Removing apm32f4xx_rcm.o(.text.RCM_ReadIntFlag), (32 bytes).
    Removing apm32f4xx_rcm.o(.ARM.exidx.text.RCM_ReadIntFlag), (8 bytes).
    Removing apm32f4xx_rcm.o(.text.RCM_ClearIntFlag), (30 bytes).
    Removing apm32f4xx_rcm.o(.ARM.exidx.text.RCM_ClearIntFlag), (8 bytes).
    Removing apm32f4xx_rcm.o(.rodata.cst16), (16 bytes).
    Removing apm32f4xx_rcm.o(.rodata.cst8), (8 bytes).
    Removing apm32f4xx_usart.o(.text), (0 bytes).
    Removing apm32f4xx_usart.o(.text.USART_Reset), (292 bytes).
    Removing apm32f4xx_usart.o(.ARM.exidx.text.USART_Reset), (8 bytes).
    Removing apm32f4xx_usart.o(.text.USART_Config), (394 bytes).
    Removing apm32f4xx_usart.o(.ARM.exidx.text.USART_Config), (8 bytes).
    Removing apm32f4xx_usart.o(.text.USART_ConfigStructInit), (40 bytes).
    Removing apm32f4xx_usart.o(.ARM.exidx.text.USART_ConfigStructInit), (8 bytes).
    Removing apm32f4xx_usart.o(.text.USART_ConfigClock), (98 bytes).
    Removing apm32f4xx_usart.o(.ARM.exidx.text.USART_ConfigClock), (8 bytes).
    Removing apm32f4xx_usart.o(.text.USART_ConfigClockStructInit), (26 bytes).
    Removing apm32f4xx_usart.o(.ARM.exidx.text.USART_ConfigClockStructInit), (8 bytes).
    Removing apm32f4xx_usart.o(.text.USART_Enable), (18 bytes).
    Removing apm32f4xx_usart.o(.ARM.exidx.text.USART_Enable), (8 bytes).
    Removing apm32f4xx_usart.o(.text.USART_Disable), (18 bytes).
    Removing apm32f4xx_usart.o(.ARM.exidx.text.USART_Disable), (8 bytes).
    Removing apm32f4xx_usart.o(.text.USART_ConfigPrescaler), (28 bytes).
    Removing apm32f4xx_usart.o(.ARM.exidx.text.USART_ConfigPrescaler), (8 bytes).
    Removing apm32f4xx_usart.o(.text.USART_EnableOverSampling8), (18 bytes).
    Removing apm32f4xx_usart.o(.ARM.exidx.text.USART_EnableOverSampling8), (8 bytes).
    Removing apm32f4xx_usart.o(.text.USART_DisableOverSampling8), (18 bytes).
    Removing apm32f4xx_usart.o(.ARM.exidx.text.USART_DisableOverSampling8), (8 bytes).
    Removing apm32f4xx_usart.o(.text.USART_EnableOverSampling), (18 bytes).
    Removing apm32f4xx_usart.o(.ARM.exidx.text.USART_EnableOverSampling), (8 bytes).
    Removing apm32f4xx_usart.o(.text.USART_DisableOverSampling), (18 bytes).
    Removing apm32f4xx_usart.o(.ARM.exidx.text.USART_DisableOverSampling), (8 bytes).
    Removing apm32f4xx_usart.o(.text.USART_TxData), (26 bytes).
    Removing apm32f4xx_usart.o(.ARM.exidx.text.USART_TxData), (8 bytes).
    Removing apm32f4xx_usart.o(.text.USART_RxData), (16 bytes).
    Removing apm32f4xx_usart.o(.ARM.exidx.text.USART_RxData), (8 bytes).
    Removing apm32f4xx_usart.o(.text.USART_Address), (26 bytes).
    Removing apm32f4xx_usart.o(.ARM.exidx.text.USART_Address), (8 bytes).
    Removing apm32f4xx_usart.o(.text.USART_EnableMuteMode), (18 bytes).
    Removing apm32f4xx_usart.o(.ARM.exidx.text.USART_EnableMuteMode), (8 bytes).
    Removing apm32f4xx_usart.o(.text.USART_DisableMuteMode), (18 bytes).
    Removing apm32f4xx_usart.o(.ARM.exidx.text.USART_DisableMuteMode), (8 bytes).
    Removing apm32f4xx_usart.o(.text.USART_ConfigWakeUp), (34 bytes).
    Removing apm32f4xx_usart.o(.ARM.exidx.text.USART_ConfigWakeUp), (8 bytes).
    Removing apm32f4xx_usart.o(.text.USART_ConfigLINBreakDetectLength), (34 bytes).
    Removing apm32f4xx_usart.o(.ARM.exidx.text.USART_ConfigLINBreakDetectLength), (8 bytes).
    Removing apm32f4xx_usart.o(.text.USART_EnableLIN), (18 bytes).
    Removing apm32f4xx_usart.o(.ARM.exidx.text.USART_EnableLIN), (8 bytes).
    Removing apm32f4xx_usart.o(.text.USART_DisableLIN), (18 bytes).
    Removing apm32f4xx_usart.o(.ARM.exidx.text.USART_DisableLIN), (8 bytes).
    Removing apm32f4xx_usart.o(.text.USART_TxBreak), (18 bytes).
    Removing apm32f4xx_usart.o(.ARM.exidx.text.USART_TxBreak), (8 bytes).
    Removing apm32f4xx_usart.o(.text.USART_EnableHalfDuplex), (18 bytes).
    Removing apm32f4xx_usart.o(.ARM.exidx.text.USART_EnableHalfDuplex), (8 bytes).
    Removing apm32f4xx_usart.o(.text.USART_DisableHalfDuplex), (18 bytes).
    Removing apm32f4xx_usart.o(.ARM.exidx.text.USART_DisableHalfDuplex), (8 bytes).
    Removing apm32f4xx_usart.o(.text.USART_ConfigGuardTime), (30 bytes).
    Removing apm32f4xx_usart.o(.ARM.exidx.text.USART_ConfigGuardTime), (8 bytes).
    Removing apm32f4xx_usart.o(.text.USART_EnableSmartCard), (18 bytes).
    Removing apm32f4xx_usart.o(.ARM.exidx.text.USART_EnableSmartCard), (8 bytes).
    Removing apm32f4xx_usart.o(.text.USART_DisableSmartCard), (18 bytes).
    Removing apm32f4xx_usart.o(.ARM.exidx.text.USART_DisableSmartCard), (8 bytes).
    Removing apm32f4xx_usart.o(.text.USART_EnableSmartCardNACK), (18 bytes).
    Removing apm32f4xx_usart.o(.ARM.exidx.text.USART_EnableSmartCardNACK), (8 bytes).
    Removing apm32f4xx_usart.o(.text.USART_DisableSmartCardNACK), (18 bytes).
    Removing apm32f4xx_usart.o(.ARM.exidx.text.USART_DisableSmartCardNACK), (8 bytes).
    Removing apm32f4xx_usart.o(.text.USART_ConfigIrDA), (34 bytes).
    Removing apm32f4xx_usart.o(.ARM.exidx.text.USART_ConfigIrDA), (8 bytes).
    Removing apm32f4xx_usart.o(.text.USART_EnableIrDA), (18 bytes).
    Removing apm32f4xx_usart.o(.ARM.exidx.text.USART_EnableIrDA), (8 bytes).
    Removing apm32f4xx_usart.o(.text.USART_DisableIrDA), (18 bytes).
    Removing apm32f4xx_usart.o(.ARM.exidx.text.USART_DisableIrDA), (8 bytes).
    Removing apm32f4xx_usart.o(.text.USART_EnableDMA), (50 bytes).
    Removing apm32f4xx_usart.o(.ARM.exidx.text.USART_EnableDMA), (8 bytes).
    Removing apm32f4xx_usart.o(.text.USART_DisableDMA), (62 bytes).
    Removing apm32f4xx_usart.o(.ARM.exidx.text.USART_DisableDMA), (8 bytes).
    Removing apm32f4xx_usart.o(.text.USART_EnableInterrupt), (86 bytes).
    Removing apm32f4xx_usart.o(.ARM.exidx.text.USART_EnableInterrupt), (8 bytes).
    Removing apm32f4xx_usart.o(.text.USART_DisableInterrupt), (94 bytes).
    Removing apm32f4xx_usart.o(.ARM.exidx.text.USART_DisableInterrupt), (8 bytes).
    Removing apm32f4xx_usart.o(.text.USART_ReadStatusFlag), (28 bytes).
    Removing apm32f4xx_usart.o(.ARM.exidx.text.USART_ReadStatusFlag), (8 bytes).
    Removing apm32f4xx_usart.o(.text.USART_ClearStatusFlag), (24 bytes).
    Removing apm32f4xx_usart.o(.ARM.exidx.text.USART_ClearStatusFlag), (8 bytes).
    Removing apm32f4xx_usart.o(.text.USART_ReadIntFlag), (132 bytes).
    Removing apm32f4xx_usart.o(.ARM.exidx.text.USART_ReadIntFlag), (8 bytes).
    Removing apm32f4xx_usart.o(.text.USART_ClearIntFlag), (34 bytes).
    Removing apm32f4xx_usart.o(.ARM.exidx.text.USART_ClearIntFlag), (8 bytes).
    Removing system_apm32f4xx.o(.text), (0 bytes).
    Removing system_apm32f4xx.o(.ARM.exidx.text.SystemInit), (8 bytes).
    Removing system_apm32f4xx.o(.ARM.exidx.text.SystemClockConfig), (8 bytes).
    Removing system_apm32f4xx.o(.ARM.exidx.text.SystemCoreClockUpdate), (8 bytes).

645 unused section(s) (total 18172 bytes) removed from the image.

==============================================================================

Image Symbol Table

    Local Symbols

    Symbol Name                              Value     Ov Type        Size  Object(Section)

    ../clib/angel/boardlib.s                 0x00000000   Number         0  boardinit1.o ABSOLUTE
    ../clib/angel/boardlib.s                 0x00000000   Number         0  boardinit2.o ABSOLUTE
    ../clib/angel/boardlib.s                 0x00000000   Number         0  boardinit3.o ABSOLUTE
    ../clib/angel/boardlib.s                 0x00000000   Number         0  boardshut.o ABSOLUTE
    ../clib/angel/handlers.s                 0x00000000   Number         0  __scatter_copy.o ABSOLUTE
    ../clib/angel/handlers.s                 0x00000000   Number         0  __scatter_zi.o ABSOLUTE
    ../clib/angel/kernel.s                   0x00000000   Number         0  __rtentry.o ABSOLUTE
    ../clib/angel/kernel.s                   0x00000000   Number         0  __rtentry2.o ABSOLUTE
    ../clib/angel/kernel.s                   0x00000000   Number         0  __rtentry4.o ABSOLUTE
    ../clib/angel/kernel.s                   0x00000000   Number         0  rtexit.o ABSOLUTE
    ../clib/angel/kernel.s                   0x00000000   Number         0  rtexit2.o ABSOLUTE
    ../clib/angel/rt.s                       0x00000000   Number         0  rt_raise.o ABSOLUTE
    ../clib/angel/scatter.s                  0x00000000   Number         0  __scatter.o ABSOLUTE
    ../clib/angel/startup.s                  0x00000000   Number         0  __main.o ABSOLUTE
    ../clib/angel/sys.s                      0x00000000   Number         0  sys_stackheap_outer.o ABSOLUTE
    ../clib/angel/sys.s                      0x00000000   Number         0  libspace.o ABSOLUTE
    ../clib/angel/sys.s                      0x00000000   Number         0  use_no_semi.o ABSOLUTE
    ../clib/angel/sys.s                      0x00000000   Number         0  indicate_semi.o ABSOLUTE
    ../clib/angel/sysapp.c                   0x00000000   Number         0  sys_exit.o ABSOLUTE
    ../clib/angel/sysapp.c                   0x00000000   Number         0  sys_exit_hlt.o ABSOLUTE
    ../clib/angel/sysapp.c                   0x00000000   Number         0  sys_command.o ABSOLUTE
    ../clib/angel/sysapp.c                   0x00000000   Number         0  sys_command_hlt.o ABSOLUTE
    ../clib/angel/sysapp.c                   0x00000000   Number         0  sys_wrch.o ABSOLUTE
    ../clib/angel/sysapp.c                   0x00000000   Number         0  sys_wrch_hlt.o ABSOLUTE
    ../clib/armsys.c                         0x00000000   Number         0  argv_veneer.o ABSOLUTE
    ../clib/armsys.c                         0x00000000   Number         0  argv_veneer.o ABSOLUTE
    ../clib/armsys.c                         0x00000000   Number         0  _get_argv_nomalloc.o ABSOLUTE
    ../clib/armsys.c                         0x00000000   Number         0  no_argv.o ABSOLUTE
    ../clib/heapalloc.c                      0x00000000   Number         0  hrguard.o ABSOLUTE
    ../clib/heapaux.c                        0x00000000   Number         0  heapauxi.o ABSOLUTE
    ../clib/libinit.s                        0x00000000   Number         0  libinit.o ABSOLUTE
    ../clib/libinit.s                        0x00000000   Number         0  libinit2.o ABSOLUTE
    ../clib/libinit.s                        0x00000000   Number         0  libshutdown.o ABSOLUTE
    ../clib/libinit.s                        0x00000000   Number         0  libshutdown2.o ABSOLUTE
    ../clib/signal.c                         0x00000000   Number         0  defsig_rtmem_outer.o ABSOLUTE
    ../clib/signal.c                         0x00000000   Number         0  defsig_rtmem_formal.o ABSOLUTE
    ../clib/signal.c                         0x00000000   Number         0  defsig_exit.o ABSOLUTE
    ../clib/signal.c                         0x00000000   Number         0  defsig_rtmem_inner.o ABSOLUTE
    ../clib/signal.c                         0x00000000   Number         0  __raise.o ABSOLUTE
    ../clib/signal.c                         0x00000000   Number         0  defsig_general.o ABSOLUTE
    ../clib/signal.c                         0x00000000   Number         0  defsig_abrt_inner.o ABSOLUTE
    ../clib/signal.c                         0x00000000   Number         0  defsig_fpe_inner.o ABSOLUTE
    ../clib/signal.c                         0x00000000   Number         0  defsig_rtred_inner.o ABSOLUTE
    ../clib/signal.c                         0x00000000   Number         0  defsig_stak_inner.o ABSOLUTE
    ../clib/signal.c                         0x00000000   Number         0  defsig_pvfn_inner.o ABSOLUTE
    ../clib/signal.c                         0x00000000   Number         0  defsig_cppl_inner.o ABSOLUTE
    ../clib/signal.c                         0x00000000   Number         0  defsig_segv_inner.o ABSOLUTE
    ../clib/signal.c                         0x00000000   Number         0  defsig_other.o ABSOLUTE
    ../clib/signal.s                         0x00000000   Number         0  defsig.o ABSOLUTE
    ../clib/stdlib.c                         0x00000000   Number         0  exit.o ABSOLUTE
    ../fplib/fpinit.s                        0x00000000   Number         0  fpinit.o ABSOLUTE
    DMA.c                                    0x00000000   Number         0  dma.o ABSOLUTE
    QMA6100.c                                0x00000000   Number         0  qma6100.o ABSOLUTE
    RTE/Device/APM32F407VG/startup_apm32f40x.s 0x00000000   Number         0  startup_apm32f40x.o ABSOLUTE
    apm32f4xx_adc.c                          0x00000000   Number         0  apm32f4xx_adc.o ABSOLUTE
    apm32f4xx_can.c                          0x00000000   Number         0  apm32f4xx_can.o ABSOLUTE
    apm32f4xx_dma.c                          0x00000000   Number         0  apm32f4xx_dma.o ABSOLUTE
    apm32f4xx_eint.c                         0x00000000   Number         0  apm32f4xx_eint.o ABSOLUTE
    apm32f4xx_fmc.c                          0x00000000   Number         0  apm32f4xx_fmc.o ABSOLUTE
    apm32f4xx_gpio.c                         0x00000000   Number         0  apm32f4xx_gpio.o ABSOLUTE
    apm32f4xx_i2c.c                          0x00000000   Number         0  apm32f4xx_i2c.o ABSOLUTE
    apm32f4xx_misc.c                         0x00000000   Number         0  apm32f4xx_misc.o ABSOLUTE
    apm32f4xx_rcm.c                          0x00000000   Number         0  apm32f4xx_rcm.o ABSOLUTE
    apm32f4xx_usart.c                        0x00000000   Number         0  apm32f4xx_usart.o ABSOLUTE
    dc.s                                     0x00000000   Number         0  dc.o ABSOLUTE
    i2c.c                                    0x00000000   Number         0  i2c.o ABSOLUTE
    i2c_accel.c                              0x00000000   Number         0  i2c_accel.o ABSOLUTE
    main.c                                   0x00000000   Number         0  main.o ABSOLUTE
    system_apm32f4xx.c                       0x00000000   Number         0  system_apm32f4xx.o ABSOLUTE
    RESET                                    0x08000000   Section      404  startup_apm32f40x.o(RESET)
    !!!main                                  0x08000194   Section        8  __main.o(!!!main)
    !!!scatter                               0x0800019c   Section       52  __scatter.o(!!!scatter)
    !!handler_copy                           0x080001d0   Section       26  __scatter_copy.o(!!handler_copy)
    !!handler_zi                             0x080001ec   Section       28  __scatter_zi.o(!!handler_zi)
    .ARM.Collect$$libinit$$00000000          0x08000208   Section        2  libinit.o(.ARM.Collect$$libinit$$00000000)
    .ARM.Collect$$libinit$$00000001          0x0800020a   Section        4  libinit2.o(.ARM.Collect$$libinit$$00000001)
    .ARM.Collect$$libinit$$00000004          0x0800020e   Section        0  libinit2.o(.ARM.Collect$$libinit$$00000004)
    .ARM.Collect$$libinit$$00000006          0x0800020e   Section        0  libinit2.o(.ARM.Collect$$libinit$$00000006)
    .ARM.Collect$$libinit$$0000000C          0x0800020e   Section        0  libinit2.o(.ARM.Collect$$libinit$$0000000C)
    .ARM.Collect$$libinit$$0000000E          0x0800020e   Section        0  libinit2.o(.ARM.Collect$$libinit$$0000000E)
    .ARM.Collect$$libinit$$00000010          0x0800020e   Section        0  libinit2.o(.ARM.Collect$$libinit$$00000010)
    .ARM.Collect$$libinit$$00000013          0x0800020e   Section        0  libinit2.o(.ARM.Collect$$libinit$$00000013)
    .ARM.Collect$$libinit$$00000015          0x0800020e   Section        0  libinit2.o(.ARM.Collect$$libinit$$00000015)
    .ARM.Collect$$libinit$$00000017          0x0800020e   Section        0  libinit2.o(.ARM.Collect$$libinit$$00000017)
    .ARM.Collect$$libinit$$00000019          0x0800020e   Section        0  libinit2.o(.ARM.Collect$$libinit$$00000019)
    .ARM.Collect$$libinit$$0000001B          0x0800020e   Section        0  libinit2.o(.ARM.Collect$$libinit$$0000001B)
    .ARM.Collect$$libinit$$0000001D          0x0800020e   Section        0  libinit2.o(.ARM.Collect$$libinit$$0000001D)
    .ARM.Collect$$libinit$$0000001F          0x0800020e   Section        0  libinit2.o(.ARM.Collect$$libinit$$0000001F)
    .ARM.Collect$$libinit$$00000021          0x0800020e   Section        0  libinit2.o(.ARM.Collect$$libinit$$00000021)
    .ARM.Collect$$libinit$$00000023          0x0800020e   Section        0  libinit2.o(.ARM.Collect$$libinit$$00000023)
    .ARM.Collect$$libinit$$00000025          0x0800020e   Section        0  libinit2.o(.ARM.Collect$$libinit$$00000025)
    .ARM.Collect$$libinit$$00000027          0x0800020e   Section        0  libinit2.o(.ARM.Collect$$libinit$$00000027)
    .ARM.Collect$$libinit$$0000002E          0x0800020e   Section        0  libinit2.o(.ARM.Collect$$libinit$$0000002E)
    .ARM.Collect$$libinit$$00000030          0x0800020e   Section        0  libinit2.o(.ARM.Collect$$libinit$$00000030)
    .ARM.Collect$$libinit$$00000032          0x0800020e   Section        0  libinit2.o(.ARM.Collect$$libinit$$00000032)
    .ARM.Collect$$libinit$$00000034          0x0800020e   Section        0  libinit2.o(.ARM.Collect$$libinit$$00000034)
    .ARM.Collect$$libinit$$00000035          0x0800020e   Section        2  libinit2.o(.ARM.Collect$$libinit$$00000035)
    .ARM.Collect$$libshutdown$$00000000      0x08000210   Section        2  libshutdown.o(.ARM.Collect$$libshutdown$$00000000)
    .ARM.Collect$$libshutdown$$00000002      0x08000212   Section        0  libshutdown2.o(.ARM.Collect$$libshutdown$$00000002)
    .ARM.Collect$$libshutdown$$00000004      0x08000212   Section        0  libshutdown2.o(.ARM.Collect$$libshutdown$$00000004)
    .ARM.Collect$$libshutdown$$00000007      0x08000212   Section        0  libshutdown2.o(.ARM.Collect$$libshutdown$$00000007)
    .ARM.Collect$$libshutdown$$0000000A      0x08000212   Section        0  libshutdown2.o(.ARM.Collect$$libshutdown$$0000000A)
    .ARM.Collect$$libshutdown$$0000000C      0x08000212   Section        0  libshutdown2.o(.ARM.Collect$$libshutdown$$0000000C)
    .ARM.Collect$$libshutdown$$0000000F      0x08000212   Section        0  libshutdown2.o(.ARM.Collect$$libshutdown$$0000000F)
    .ARM.Collect$$libshutdown$$00000010      0x08000212   Section        2  libshutdown2.o(.ARM.Collect$$libshutdown$$00000010)
    .ARM.Collect$$rtentry$$00000000          0x08000214   Section        0  __rtentry.o(.ARM.Collect$$rtentry$$00000000)
    .ARM.Collect$$rtentry$$00000002          0x08000214   Section        0  __rtentry2.o(.ARM.Collect$$rtentry$$00000002)
    .ARM.Collect$$rtentry$$00000004          0x08000214   Section        6  __rtentry4.o(.ARM.Collect$$rtentry$$00000004)
    .ARM.Collect$$rtentry$$00000009          0x0800021a   Section        0  __rtentry2.o(.ARM.Collect$$rtentry$$00000009)
    .ARM.Collect$$rtentry$$0000000A          0x0800021a   Section        4  __rtentry2.o(.ARM.Collect$$rtentry$$0000000A)
    .ARM.Collect$$rtentry$$0000000C          0x0800021e   Section        0  __rtentry2.o(.ARM.Collect$$rtentry$$0000000C)
    .ARM.Collect$$rtentry$$0000000D          0x0800021e   Section        8  __rtentry2.o(.ARM.Collect$$rtentry$$0000000D)
    .ARM.Collect$$rtexit$$00000000           0x08000226   Section        2  rtexit.o(.ARM.Collect$$rtexit$$00000000)
    .ARM.Collect$$rtexit$$00000002           0x08000228   Section        0  rtexit2.o(.ARM.Collect$$rtexit$$00000002)
    .ARM.Collect$$rtexit$$00000003           0x08000228   Section        4  rtexit2.o(.ARM.Collect$$rtexit$$00000003)
    .ARM.Collect$$rtexit$$00000004           0x0800022c   Section        6  rtexit2.o(.ARM.Collect$$rtexit$$00000004)
    $v0                                      0x08000234   Number         0  startup_apm32f40x.o(.text)
    .text                                    0x08000234   Section       64  startup_apm32f40x.o(.text)
    .text                                    0x08000274   Section        0  heapauxi.o(.text)
    .text                                    0x0800027a   Section       74  sys_stackheap_outer.o(.text)
    .text                                    0x080002c4   Section        0  exit.o(.text)
    .text                                    0x080002d8   Section        8  libspace.o(.text)
    .text                                    0x080002e0   Section        0  sys_exit.o(.text)
    .text                                    0x080002ec   Section        2  use_no_semi.o(.text)
    .text                                    0x080002ee   Section        0  indicate_semi.o(.text)
    [Anonymous Symbol]                       0x080002f0   Section        0  main.o(.text.ACL_I2C_Init)
    [Anonymous Symbol]                       0x08000348   Section        0  dma.o(.text.ACL_I2C_LowLevel_DMAConfig)
    [Anonymous Symbol]                       0x080003a0   Section        0  dma.o(.text.ACL_I2C_LowLevel_Init)
    [Anonymous Symbol]                       0x080004c4   Section        0  i2c_accel.o(.text.ACL_I2C_WriteReg)
    [Anonymous Symbol]                       0x08000708   Section        0  main.o(.text.CAN1_RX0_IRQHandler)
    [Anonymous Symbol]                       0x0800073c   Section        0  main.o(.text.CAN1_RX1_IRQHandler)
    [Anonymous Symbol]                       0x0800075c   Section        0  main.o(.text.CAN1_TX_IRQHandler)
    [Anonymous Symbol]                       0x08000768   Section        0  apm32f4xx_can.o(.text.CAN_Config)
    [Anonymous Symbol]                       0x08000944   Section        0  apm32f4xx_can.o(.text.CAN_ConfigFilter)
    [Anonymous Symbol]                       0x08000ab8   Section        0  apm32f4xx_can.o(.text.CAN_ConfigStructInit)
    [Anonymous Symbol]                       0x08000af0   Section        0  apm32f4xx_can.o(.text.CAN_DisableDBGFreeze)
    [Anonymous Symbol]                       0x08000b04   Section        0  main.o(.text.CAN_Init)
    [Anonymous Symbol]                       0x08000ca4   Section        0  apm32f4xx_can.o(.text.CAN_OperatingMode)
    [Anonymous Symbol]                       0x08000e38   Section        0  apm32f4xx_can.o(.text.CAN_ReleaseFIFO)
    [Anonymous Symbol]                       0x08000e64   Section        0  apm32f4xx_can.o(.text.CAN_Reset)
    [Anonymous Symbol]                       0x08000eb4   Section        0  apm32f4xx_can.o(.text.CAN_RxMessage)
    [Anonymous Symbol]                       0x08001008   Section        0  apm32f4xx_can.o(.text.CAN_TxMessage)
    [Anonymous Symbol]                       0x08001148   Section        0  apm32f4xx_dma.o(.text.DMA_ClearStatusFlag)
    [Anonymous Symbol]                       0x080011ac   Section        0  apm32f4xx_dma.o(.text.DMA_Config)
    [Anonymous Symbol]                       0x080012d0   Section        0  apm32f4xx_dma.o(.text.DMA_Disable)
    [Anonymous Symbol]                       0x080012e4   Section        0  apm32f4xx_dma.o(.text.DMA_Enable)
    [Anonymous Symbol]                       0x080012f8   Section        0  apm32f4xx_dma.o(.text.DMA_ReadStatusFlag)
    [Anonymous Symbol]                       0x08001374   Section        0  apm32f4xx_dma.o(.text.DMA_Reset)
    [Anonymous Symbol]                       0x080015e0   Section        0  main.o(.text.Delay)
    [Anonymous Symbol]                       0x080015f8   Section        0  apm32f4xx_gpio.o(.text.GPIO_Config)
    [Anonymous Symbol]                       0x080016f0   Section        0  apm32f4xx_gpio.o(.text.GPIO_ConfigPinAF)
    [Anonymous Symbol]                       0x0800178c   Section        0  main.o(.text.GPIO_Init)
    [Anonymous Symbol]                       0x08001804   Section        0  apm32f4xx_gpio.o(.text.GPIO_ResetBit)
    [Anonymous Symbol]                       0x08001818   Section        0  apm32f4xx_gpio.o(.text.GPIO_SetBit)
    [Anonymous Symbol]                       0x0800182c   Section        0  apm32f4xx_gpio.o(.text.GPIO_ToggleBit)
    [Anonymous Symbol]                       0x08001844   Section        0  main.o(.text.I2C3_ER_IRQHandler)
    [Anonymous Symbol]                       0x08001864   Section        0  main.o(.text.I2C3_EV_IRQHandler)
    [Anonymous Symbol]                       0x08001878   Section        0  i2c.o(.text.I2C_ClearErrorFlag)
    [Anonymous Symbol]                       0x080018bc   Section        0  apm32f4xx_i2c.o(.text.I2C_Config)
    [Anonymous Symbol]                       0x08001a54   Section        0  apm32f4xx_i2c.o(.text.I2C_Enable)
    [Anonymous Symbol]                       0x08001a68   Section        0  apm32f4xx_i2c.o(.text.I2C_EnableDMA)
    [Anonymous Symbol]                       0x08001a7c   Section        0  apm32f4xx_i2c.o(.text.I2C_EnableGenerateStart)
    [Anonymous Symbol]                       0x08001a90   Section        0  apm32f4xx_i2c.o(.text.I2C_EnableGenerateStop)
    [Anonymous Symbol]                       0x08001aa4   Section        0  apm32f4xx_i2c.o(.text.I2C_ReadEventStatus)
    [Anonymous Symbol]                       0x08001af8   Section        0  apm32f4xx_i2c.o(.text.I2C_ReadStatusFlag)
    [Anonymous Symbol]                       0x08001c60   Section        0  apm32f4xx_i2c.o(.text.I2C_Reset)
    [Anonymous Symbol]                       0x08001cd4   Section        0  apm32f4xx_i2c.o(.text.I2C_Tx7BitAddress)
    [Anonymous Symbol]                       0x08001d18   Section        0  apm32f4xx_i2c.o(.text.I2C_TxData)
    [Anonymous Symbol]                       0x08001d34   Section        0  main.o(.text.IRQ_Init)
    [Anonymous Symbol]                       0x08001d38   Section        0  qma6100.o(.text.PowerChangeQMA6100)
    [Anonymous Symbol]                       0x08001d64   Section        0  qma6100.o(.text.PowerOff)
    [Anonymous Symbol]                       0x08001d78   Section        0  qma6100.o(.text.PowerOn)
    [Anonymous Symbol]                       0x08001d8c   Section        0  apm32f4xx_rcm.o(.text.RCM_ClearStatusFlag)
    [Anonymous Symbol]                       0x08001da0   Section        0  apm32f4xx_rcm.o(.text.RCM_ConfigAHB)
    [Anonymous Symbol]                       0x08001dc8   Section        0  apm32f4xx_rcm.o(.text.RCM_ConfigAPB1)
    [Anonymous Symbol]                       0x08001df0   Section        0  apm32f4xx_rcm.o(.text.RCM_ConfigAPB2)
    [Anonymous Symbol]                       0x08001e18   Section        0  apm32f4xx_rcm.o(.text.RCM_ConfigHSE)
    [Anonymous Symbol]                       0x08001e7c   Section        0  apm32f4xx_rcm.o(.text.RCM_ConfigPLL1)
    [Anonymous Symbol]                       0x08001ef0   Section        0  apm32f4xx_rcm.o(.text.RCM_ConfigPLL2)
    [Anonymous Symbol]                       0x08001f28   Section        0  apm32f4xx_rcm.o(.text.RCM_ConfigSYSCLK)
    [Anonymous Symbol]                       0x08001f48   Section        0  apm32f4xx_rcm.o(.text.RCM_DisableAPB1PeriphReset)
    [Anonymous Symbol]                       0x08001f60   Section        0  apm32f4xx_rcm.o(.text.RCM_DisableHSI)
    [Anonymous Symbol]                       0x08001f74   Section        0  apm32f4xx_rcm.o(.text.RCM_EnableAHB1PeriphClock)
    [Anonymous Symbol]                       0x08001f8c   Section        0  apm32f4xx_rcm.o(.text.RCM_EnableAPB1PeriphClock)
    [Anonymous Symbol]                       0x08001fa4   Section        0  apm32f4xx_rcm.o(.text.RCM_EnableAPB1PeriphReset)
    [Anonymous Symbol]                       0x08001fbc   Section        0  apm32f4xx_rcm.o(.text.RCM_EnableAPB2PeriphClock)
    [Anonymous Symbol]                       0x08001fd4   Section        0  apm32f4xx_rcm.o(.text.RCM_EnablePLL1)
    [Anonymous Symbol]                       0x08001fe8   Section        0  apm32f4xx_rcm.o(.text.RCM_EnablePLL2)
    [Anonymous Symbol]                       0x08001ffc   Section        0  main.o(.text.RCM_Init)
    [Anonymous Symbol]                       0x08002090   Section        0  apm32f4xx_rcm.o(.text.RCM_ReadHCLKFreq)
    [Anonymous Symbol]                       0x080020d8   Section        0  apm32f4xx_rcm.o(.text.RCM_ReadPCLKFreq)
    [Anonymous Symbol]                       0x08002144   Section        0  apm32f4xx_rcm.o(.text.RCM_ReadSYSCLKFreq)
    [Anonymous Symbol]                       0x0800221c   Section        0  apm32f4xx_rcm.o(.text.RCM_WaitHSEReady)
    SystemClockConfig                        0x08002265   Thumb Code   288  system_apm32f4xx.o(.text.SystemClockConfig)
    [Anonymous Symbol]                       0x08002264   Section        0  system_apm32f4xx.o(.text.SystemClockConfig)
    [Anonymous Symbol]                       0x08002384   Section        0  system_apm32f4xx.o(.text.SystemCoreClockUpdate)
    [Anonymous Symbol]                       0x080024a4   Section        0  system_apm32f4xx.o(.text.SystemInit)
    [Anonymous Symbol]                       0x08002518   Section        0  main.o(.text.main)
    [Anonymous Symbol]                       0x080025d8   Section        0  main.o(.text.main_Init)
    [Anonymous Symbol]                       0x080025ec   Section        0  main.o(.text.pause)
    $v0                                      0x0800260e   Number         0  fpinit.o(x$fpl$fpinit)
    x$fpl$fpinit                             0x0800260e   Section       26  fpinit.o(x$fpl$fpinit)
    .bss                                     0x20000008   Section       96  libspace.o(.bss)
    StatucCANMode                            0x20000098   Data           4  main.o(.bss.StatucCANMode)
    [Anonymous Symbol]                       0x20000098   Section        0  main.o(.bss.StatucCANMode)
    StatusCAN                                0x2000009c   Data           4  main.o(.bss.StatusCAN)
    [Anonymous Symbol]                       0x2000009c   Section        0  main.o(.bss.StatusCAN)
    StatusCANMessage                         0x200000a0   Data           4  main.o(.bss.StatusCANMessage)
    [Anonymous Symbol]                       0x200000a0   Section        0  main.o(.bss.StatusCANMessage)
    Heap_Mem                                 0x200000a8   Data         512  startup_apm32f40x.o(HEAP)
    HEAP                                     0x200000a8   Section      512  startup_apm32f40x.o(HEAP)
    Stack_Mem                                0x200002a8   Data        1024  startup_apm32f40x.o(STACK)
    STACK                                    0x200002a8   Section     1024  startup_apm32f40x.o(STACK)
    __initial_sp                             0x200006a8   Data           0  startup_apm32f40x.o(STACK)

    Global Symbols

    Symbol Name                              Value     Ov Type        Size  Object(Section)

    BuildAttributes$$THM_ISAv4$E$P$D$K$B$S$7EM$VFPi3$EXTD16$VFPS$VFMA$PE$A:L22UL41UL21$X:L11$S22US41US21$IEEE1$IW$~IW$USESV6$~STKCKD$USESV7$~SHL$OSPACE$ROPI$EBA8$UX$STANDARDLIB$REQ8$PRES8$EABIv2 0x00000000   Number         0  anon$$obj.o ABSOLUTE
    __ARM_exceptions_init                     - Undefined Weak Reference
    __alloca_initialize                       - Undefined Weak Reference
    __arm_preinit_                            - Undefined Weak Reference
    __arm_relocate_pie_                       - Undefined Weak Reference
    __cpp_initialize__aeabi_                  - Undefined Weak Reference
    __cxa_finalize                            - Undefined Weak Reference
    __rt_locale                               - Undefined Weak Reference
    __sigvec_lookup                           - Undefined Weak Reference
    _atexit_init                              - Undefined Weak Reference
    _call_atexit_fns                          - Undefined Weak Reference
    _clock_init                               - Undefined Weak Reference
    _fp_trap_init                             - Undefined Weak Reference
    _fp_trap_shutdown                         - Undefined Weak Reference
    _get_lc_collate                           - Undefined Weak Reference
    _get_lc_ctype                             - Undefined Weak Reference
    _get_lc_monetary                          - Undefined Weak Reference
    _get_lc_numeric                           - Undefined Weak Reference
    _get_lc_time                              - Undefined Weak Reference
    _getenv_init                              - Undefined Weak Reference
    _handle_redirection                       - Undefined Weak Reference
    _init_alloc                               - Undefined Weak Reference
    _init_user_alloc                          - Undefined Weak Reference
    _initio                                   - Undefined Weak Reference
    _rand_init                                - Undefined Weak Reference
    _signal_finish                            - Undefined Weak Reference
    _signal_init                              - Undefined Weak Reference
    _terminate_alloc                          - Undefined Weak Reference
    _terminate_user_alloc                     - Undefined Weak Reference
    _terminateio                              - Undefined Weak Reference
    __Vectors_Size                           0x00000194   Number         0  startup_apm32f40x.o ABSOLUTE
    __Vectors                                0x08000000   Data           4  startup_apm32f40x.o(RESET)
    __Vectors_End                            0x08000194   Data           0  startup_apm32f40x.o(RESET)
    __main                                   0x08000195   Thumb Code     8  __main.o(!!!main)
    __scatterload                            0x0800019d   Thumb Code     0  __scatter.o(!!!scatter)
    __scatterload_rt2                        0x0800019d   Thumb Code    44  __scatter.o(!!!scatter)
    __scatterload_rt2_thumb_only             0x0800019d   Thumb Code     0  __scatter.o(!!!scatter)
    __scatterload_null                       0x080001ab   Thumb Code     0  __scatter.o(!!!scatter)
    __scatterload_copy                       0x080001d1   Thumb Code    26  __scatter_copy.o(!!handler_copy)
    __scatterload_zeroinit                   0x080001ed   Thumb Code    28  __scatter_zi.o(!!handler_zi)
    __rt_lib_init                            0x08000209   Thumb Code     0  libinit.o(.ARM.Collect$$libinit$$00000000)
    __rt_lib_init_fp_1                       0x0800020b   Thumb Code     0  libinit2.o(.ARM.Collect$$libinit$$00000001)
    __rt_lib_init_alloca_1                   0x0800020f   Thumb Code     0  libinit2.o(.ARM.Collect$$libinit$$00000030)
    __rt_lib_init_argv_1                     0x0800020f   Thumb Code     0  libinit2.o(.ARM.Collect$$libinit$$0000002E)
    __rt_lib_init_atexit_1                   0x0800020f   Thumb Code     0  libinit2.o(.ARM.Collect$$libinit$$0000001D)
    __rt_lib_init_clock_1                    0x0800020f   Thumb Code     0  libinit2.o(.ARM.Collect$$libinit$$00000023)
    __rt_lib_init_cpp_1                      0x0800020f   Thumb Code     0  libinit2.o(.ARM.Collect$$libinit$$00000034)
    __rt_lib_init_exceptions_1               0x0800020f   Thumb Code     0  libinit2.o(.ARM.Collect$$libinit$$00000032)
    __rt_lib_init_fp_trap_1                  0x0800020f   Thumb Code     0  libinit2.o(.ARM.Collect$$libinit$$00000021)
    __rt_lib_init_getenv_1                   0x0800020f   Thumb Code     0  libinit2.o(.ARM.Collect$$libinit$$00000025)
    __rt_lib_init_heap_1                     0x0800020f   Thumb Code     0  libinit2.o(.ARM.Collect$$libinit$$0000000C)
    __rt_lib_init_lc_collate_1               0x0800020f   Thumb Code     0  libinit2.o(.ARM.Collect$$libinit$$00000013)
    __rt_lib_init_lc_ctype_1                 0x0800020f   Thumb Code     0  libinit2.o(.ARM.Collect$$libinit$$00000015)
    __rt_lib_init_lc_monetary_1              0x0800020f   Thumb Code     0  libinit2.o(.ARM.Collect$$libinit$$00000017)
    __rt_lib_init_lc_numeric_1               0x0800020f   Thumb Code     0  libinit2.o(.ARM.Collect$$libinit$$00000019)
    __rt_lib_init_lc_time_1                  0x0800020f   Thumb Code     0  libinit2.o(.ARM.Collect$$libinit$$0000001B)
    __rt_lib_init_preinit_1                  0x0800020f   Thumb Code     0  libinit2.o(.ARM.Collect$$libinit$$00000006)
    __rt_lib_init_rand_1                     0x0800020f   Thumb Code     0  libinit2.o(.ARM.Collect$$libinit$$00000010)
    __rt_lib_init_relocate_pie_1             0x0800020f   Thumb Code     0  libinit2.o(.ARM.Collect$$libinit$$00000004)
    __rt_lib_init_return                     0x0800020f   Thumb Code     0  libinit2.o(.ARM.Collect$$libinit$$00000035)
    __rt_lib_init_signal_1                   0x0800020f   Thumb Code     0  libinit2.o(.ARM.Collect$$libinit$$0000001F)
    __rt_lib_init_stdio_1                    0x0800020f   Thumb Code     0  libinit2.o(.ARM.Collect$$libinit$$00000027)
    __rt_lib_init_user_alloc_1               0x0800020f   Thumb Code     0  libinit2.o(.ARM.Collect$$libinit$$0000000E)
    __rt_lib_shutdown                        0x08000211   Thumb Code     0  libshutdown.o(.ARM.Collect$$libshutdown$$00000000)
    __rt_lib_shutdown_cpp_1                  0x08000213   Thumb Code     0  libshutdown2.o(.ARM.Collect$$libshutdown$$00000002)
    __rt_lib_shutdown_fp_trap_1              0x08000213   Thumb Code     0  libshutdown2.o(.ARM.Collect$$libshutdown$$00000007)
    __rt_lib_shutdown_heap_1                 0x08000213   Thumb Code     0  libshutdown2.o(.ARM.Collect$$libshutdown$$0000000F)
    __rt_lib_shutdown_return                 0x08000213   Thumb Code     0  libshutdown2.o(.ARM.Collect$$libshutdown$$00000010)
    __rt_lib_shutdown_signal_1               0x08000213   Thumb Code     0  libshutdown2.o(.ARM.Collect$$libshutdown$$0000000A)
    __rt_lib_shutdown_stdio_1                0x08000213   Thumb Code     0  libshutdown2.o(.ARM.Collect$$libshutdown$$00000004)
    __rt_lib_shutdown_user_alloc_1           0x08000213   Thumb Code     0  libshutdown2.o(.ARM.Collect$$libshutdown$$0000000C)
    __rt_entry                               0x08000215   Thumb Code     0  __rtentry.o(.ARM.Collect$$rtentry$$00000000)
    __rt_entry_presh_1                       0x08000215   Thumb Code     0  __rtentry2.o(.ARM.Collect$$rtentry$$00000002)
    __rt_entry_sh                            0x08000215   Thumb Code     0  __rtentry4.o(.ARM.Collect$$rtentry$$00000004)
    __rt_entry_li                            0x0800021b   Thumb Code     0  __rtentry2.o(.ARM.Collect$$rtentry$$0000000A)
    __rt_entry_postsh_1                      0x0800021b   Thumb Code     0  __rtentry2.o(.ARM.Collect$$rtentry$$00000009)
    __rt_entry_main                          0x0800021f   Thumb Code     0  __rtentry2.o(.ARM.Collect$$rtentry$$0000000D)
    __rt_entry_postli_1                      0x0800021f   Thumb Code     0  __rtentry2.o(.ARM.Collect$$rtentry$$0000000C)
    __rt_exit                                0x08000227   Thumb Code     0  rtexit.o(.ARM.Collect$$rtexit$$00000000)
    __rt_exit_ls                             0x08000229   Thumb Code     0  rtexit2.o(.ARM.Collect$$rtexit$$00000003)
    __rt_exit_prels_1                        0x08000229   Thumb Code     0  rtexit2.o(.ARM.Collect$$rtexit$$00000002)
    __rt_exit_exit                           0x0800022d   Thumb Code     0  rtexit2.o(.ARM.Collect$$rtexit$$00000004)
    Reset_Handler                            0x08000235   Thumb Code     8  startup_apm32f40x.o(.text)
    NMI_Handler                              0x0800023d   Thumb Code     2  startup_apm32f40x.o(.text)
    HardFault_Handler                        0x0800023f   Thumb Code     2  startup_apm32f40x.o(.text)
    MemManage_Handler                        0x08000241   Thumb Code     2  startup_apm32f40x.o(.text)
    BusFault_Handler                         0x08000243   Thumb Code     2  startup_apm32f40x.o(.text)
    UsageFault_Handler                       0x08000245   Thumb Code     2  startup_apm32f40x.o(.text)
    SVC_Handler                              0x08000247   Thumb Code     2  startup_apm32f40x.o(.text)
    DebugMon_Handler                         0x08000249   Thumb Code     2  startup_apm32f40x.o(.text)
    PendSV_Handler                           0x0800024b   Thumb Code     2  startup_apm32f40x.o(.text)
    SysTick_Handler                          0x0800024d   Thumb Code     2  startup_apm32f40x.o(.text)
    ADC_IRQHandler                           0x0800024f   Thumb Code     0  startup_apm32f40x.o(.text)
    BN_IRQHandler                            0x0800024f   Thumb Code     0  startup_apm32f40x.o(.text)
    CAN1_SCE_IRQHandler                      0x0800024f   Thumb Code     0  startup_apm32f40x.o(.text)
    CAN2_RX0_IRQHandler                      0x0800024f   Thumb Code     0  startup_apm32f40x.o(.text)
    CAN2_RX1_IRQHandler                      0x0800024f   Thumb Code     0  startup_apm32f40x.o(.text)
    CAN2_SCE_IRQHandler                      0x0800024f   Thumb Code     0  startup_apm32f40x.o(.text)
    CAN2_TX_IRQHandler                       0x0800024f   Thumb Code     0  startup_apm32f40x.o(.text)
    DCI_IRQHandler                           0x0800024f   Thumb Code     0  startup_apm32f40x.o(.text)
    DMA1_STR0_IRQHandler                     0x0800024f   Thumb Code     0  startup_apm32f40x.o(.text)
    DMA1_STR1_IRQHandler                     0x0800024f   Thumb Code     0  startup_apm32f40x.o(.text)
    DMA1_STR2_IRQHandler                     0x0800024f   Thumb Code     0  startup_apm32f40x.o(.text)
    DMA1_STR3_IRQHandler                     0x0800024f   Thumb Code     0  startup_apm32f40x.o(.text)
    DMA1_STR4_IRQHandler                     0x0800024f   Thumb Code     0  startup_apm32f40x.o(.text)
    DMA1_STR5_IRQHandler                     0x0800024f   Thumb Code     0  startup_apm32f40x.o(.text)
    DMA1_STR6_IRQHandler                     0x0800024f   Thumb Code     0  startup_apm32f40x.o(.text)
    DMA1_STR7_IRQHandler                     0x0800024f   Thumb Code     0  startup_apm32f40x.o(.text)
    DMA2_STR0_IRQHandler                     0x0800024f   Thumb Code     0  startup_apm32f40x.o(.text)
    DMA2_STR1_IRQHandler                     0x0800024f   Thumb Code     0  startup_apm32f40x.o(.text)
    DMA2_STR2_IRQHandler                     0x0800024f   Thumb Code     0  startup_apm32f40x.o(.text)
    DMA2_STR3_IRQHandler                     0x0800024f   Thumb Code     0  startup_apm32f40x.o(.text)
    DMA2_STR4_IRQHandler                     0x0800024f   Thumb Code     0  startup_apm32f40x.o(.text)
    DMA2_STR5_IRQHandler                     0x0800024f   Thumb Code     0  startup_apm32f40x.o(.text)
    DMA2_STR6_IRQHandler                     0x0800024f   Thumb Code     0  startup_apm32f40x.o(.text)
    DMA2_STR7_IRQHandler                     0x0800024f   Thumb Code     0  startup_apm32f40x.o(.text)
    EINT0_IRQHandler                         0x0800024f   Thumb Code     0  startup_apm32f40x.o(.text)
    EINT15_10_IRQHandler                     0x0800024f   Thumb Code     0  startup_apm32f40x.o(.text)
    EINT1_IRQHandler                         0x0800024f   Thumb Code     0  startup_apm32f40x.o(.text)
    EINT2_IRQHandler                         0x0800024f   Thumb Code     0  startup_apm32f40x.o(.text)
    EINT3_IRQHandler                         0x0800024f   Thumb Code     0  startup_apm32f40x.o(.text)
    EINT4_IRQHandler                         0x0800024f   Thumb Code     0  startup_apm32f40x.o(.text)
    EINT9_5_IRQHandler                       0x0800024f   Thumb Code     0  startup_apm32f40x.o(.text)
    EMMC_IRQHandler                          0x0800024f   Thumb Code     0  startup_apm32f40x.o(.text)
    ETH_IRQHandler                           0x0800024f   Thumb Code     0  startup_apm32f40x.o(.text)
    ETH_WKUP_IRQHandler                      0x0800024f   Thumb Code     0  startup_apm32f40x.o(.text)
    FLASH_IRQHandler                         0x0800024f   Thumb Code     0  startup_apm32f40x.o(.text)
    FPU_IRQHandler                           0x0800024f   Thumb Code     0  startup_apm32f40x.o(.text)
    I2C1_ER_IRQHandler                       0x0800024f   Thumb Code     0  startup_apm32f40x.o(.text)
    I2C1_EV_IRQHandler                       0x0800024f   Thumb Code     0  startup_apm32f40x.o(.text)
    I2C2_ER_IRQHandler                       0x0800024f   Thumb Code     0  startup_apm32f40x.o(.text)
    I2C2_EV_IRQHandler                       0x0800024f   Thumb Code     0  startup_apm32f40x.o(.text)
    OTG_FS_IRQHandler                        0x0800024f   Thumb Code     0  startup_apm32f40x.o(.text)
    OTG_FS_WKUP_IRQHandler                   0x0800024f   Thumb Code     0  startup_apm32f40x.o(.text)
    OTG_HS1_EP1_IN_IRQHandler                0x0800024f   Thumb Code     0  startup_apm32f40x.o(.text)
    OTG_HS1_EP1_OUT_IRQHandler               0x0800024f   Thumb Code     0  startup_apm32f40x.o(.text)
    OTG_HS1_IRQHandler                       0x0800024f   Thumb Code     0  startup_apm32f40x.o(.text)
    OTG_HS1_WKUP_IRQHandler                  0x0800024f   Thumb Code     0  startup_apm32f40x.o(.text)
    PVD_IRQHandler                           0x0800024f   Thumb Code     0  startup_apm32f40x.o(.text)
    RCM_IRQHandler                           0x0800024f   Thumb Code     0  startup_apm32f40x.o(.text)
    RTC_Alarm_IRQHandler                     0x0800024f   Thumb Code     0  startup_apm32f40x.o(.text)
    RTC_WKUP_IRQHandler                      0x0800024f   Thumb Code     0  startup_apm32f40x.o(.text)
    SDIO_IRQHandler                          0x0800024f   Thumb Code     0  startup_apm32f40x.o(.text)
    SM3_IRQHandler                           0x0800024f   Thumb Code     0  startup_apm32f40x.o(.text)
    SM4_IRQHandler                           0x0800024f   Thumb Code     0  startup_apm32f40x.o(.text)
    SPI1_IRQHandler                          0x0800024f   Thumb Code     0  startup_apm32f40x.o(.text)
    SPI2_IRQHandler                          0x0800024f   Thumb Code     0  startup_apm32f40x.o(.text)
    SPI3_IRQHandler                          0x0800024f   Thumb Code     0  startup_apm32f40x.o(.text)
    TAMP_STAMP_IRQHandler                    0x0800024f   Thumb Code     0  startup_apm32f40x.o(.text)
    TMR1_BRK_TMR9_IRQHandler                 0x0800024f   Thumb Code     0  startup_apm32f40x.o(.text)
    TMR1_CC_IRQHandler                       0x0800024f   Thumb Code     0  startup_apm32f40x.o(.text)
    TMR1_TRG_COM_TMR11_IRQHandler            0x0800024f   Thumb Code     0  startup_apm32f40x.o(.text)
    TMR1_UP_TMR10_IRQHandler                 0x0800024f   Thumb Code     0  startup_apm32f40x.o(.text)
    TMR2_IRQHandler                          0x0800024f   Thumb Code     0  startup_apm32f40x.o(.text)
    TMR3_IRQHandler                          0x0800024f   Thumb Code     0  startup_apm32f40x.o(.text)
    TMR4_IRQHandler                          0x0800024f   Thumb Code     0  startup_apm32f40x.o(.text)
    TMR5_IRQHandler                          0x0800024f   Thumb Code     0  startup_apm32f40x.o(.text)
    TMR6_DAC_IRQHandler                      0x0800024f   Thumb Code     0  startup_apm32f40x.o(.text)
    TMR7_IRQHandler                          0x0800024f   Thumb Code     0  startup_apm32f40x.o(.text)
    TMR8_BRK_TMR12_IRQHandler                0x0800024f   Thumb Code     0  startup_apm32f40x.o(.text)
    TMR8_CC_IRQHandler                       0x0800024f   Thumb Code     0  startup_apm32f40x.o(.text)
    TMR8_TRG_COM_TMR14_IRQHandler            0x0800024f   Thumb Code     0  startup_apm32f40x.o(.text)
    TMR8_UP_TMR13_IRQHandler                 0x0800024f   Thumb Code     0  startup_apm32f40x.o(.text)
    UART4_IRQHandler                         0x0800024f   Thumb Code     0  startup_apm32f40x.o(.text)
    UART5_IRQHandler                         0x0800024f   Thumb Code     0  startup_apm32f40x.o(.text)
    USART1_IRQHandler                        0x0800024f   Thumb Code     0  startup_apm32f40x.o(.text)
    USART2_IRQHandler                        0x0800024f   Thumb Code     0  startup_apm32f40x.o(.text)
    USART3_IRQHandler                        0x0800024f   Thumb Code     0  startup_apm32f40x.o(.text)
    USART6_IRQHandler                        0x0800024f   Thumb Code     0  startup_apm32f40x.o(.text)
    WWDT_IRQHandler                          0x0800024f   Thumb Code     0  startup_apm32f40x.o(.text)
    __user_initial_stackheap                 0x08000251   Thumb Code     0  startup_apm32f40x.o(.text)
    __use_two_region_memory                  0x08000275   Thumb Code     2  heapauxi.o(.text)
    __rt_heap_escrow$2region                 0x08000277   Thumb Code     2  heapauxi.o(.text)
    __rt_heap_expand$2region                 0x08000279   Thumb Code     2  heapauxi.o(.text)
    __user_setup_stackheap                   0x0800027b   Thumb Code    74  sys_stackheap_outer.o(.text)
    exit                                     0x080002c5   Thumb Code    18  exit.o(.text)
    __user_libspace                          0x080002d9   Thumb Code     8  libspace.o(.text)
    __user_perproc_libspace                  0x080002d9   Thumb Code     0  libspace.o(.text)
    __user_perthread_libspace                0x080002d9   Thumb Code     0  libspace.o(.text)
    _sys_exit                                0x080002e1   Thumb Code     8  sys_exit.o(.text)
    __I$use$semihosting                      0x080002ed   Thumb Code     0  use_no_semi.o(.text)
    __use_no_semihosting_swi                 0x080002ed   Thumb Code     2  use_no_semi.o(.text)
    __semihosting_library_function           0x080002ef   Thumb Code     0  indicate_semi.o(.text)
    ACL_I2C_Init                             0x080002f1   Thumb Code    88  main.o(.text.ACL_I2C_Init)
    ACL_I2C_LowLevel_DMAConfig               0x08000349   Thumb Code    88  dma.o(.text.ACL_I2C_LowLevel_DMAConfig)
    ACL_I2C_LowLevel_Init                    0x080003a1   Thumb Code   290  dma.o(.text.ACL_I2C_LowLevel_Init)
    ACL_I2C_WriteReg                         0x080004c5   Thumb Code   580  i2c_accel.o(.text.ACL_I2C_WriteReg)
    CAN1_RX0_IRQHandler                      0x08000709   Thumb Code    52  main.o(.text.CAN1_RX0_IRQHandler)
    CAN1_RX1_IRQHandler                      0x0800073d   Thumb Code    32  main.o(.text.CAN1_RX1_IRQHandler)
    CAN1_TX_IRQHandler                       0x0800075d   Thumb Code    12  main.o(.text.CAN1_TX_IRQHandler)
    CAN_Config                               0x08000769   Thumb Code   474  apm32f4xx_can.o(.text.CAN_Config)
    CAN_ConfigFilter                         0x08000945   Thumb Code   370  apm32f4xx_can.o(.text.CAN_ConfigFilter)
    CAN_ConfigStructInit                     0x08000ab9   Thumb Code    56  apm32f4xx_can.o(.text.CAN_ConfigStructInit)
    CAN_DisableDBGFreeze                     0x08000af1   Thumb Code    18  apm32f4xx_can.o(.text.CAN_DisableDBGFreeze)
    CAN_Init                                 0x08000b05   Thumb Code   414  main.o(.text.CAN_Init)
    CAN_OperatingMode                        0x08000ca5   Thumb Code   404  apm32f4xx_can.o(.text.CAN_OperatingMode)
    CAN_ReleaseFIFO                          0x08000e39   Thumb Code    44  apm32f4xx_can.o(.text.CAN_ReleaseFIFO)
    CAN_Reset                                0x08000e65   Thumb Code    80  apm32f4xx_can.o(.text.CAN_Reset)
    CAN_RxMessage                            0x08000eb5   Thumb Code   340  apm32f4xx_can.o(.text.CAN_RxMessage)
    CAN_TxMessage                            0x08001009   Thumb Code   320  apm32f4xx_can.o(.text.CAN_TxMessage)
    DMA_ClearStatusFlag                      0x08001149   Thumb Code    98  apm32f4xx_dma.o(.text.DMA_ClearStatusFlag)
    DMA_Config                               0x080011ad   Thumb Code   290  apm32f4xx_dma.o(.text.DMA_Config)
    DMA_Disable                              0x080012d1   Thumb Code    18  apm32f4xx_dma.o(.text.DMA_Disable)
    DMA_Enable                               0x080012e5   Thumb Code    18  apm32f4xx_dma.o(.text.DMA_Enable)
    DMA_ReadStatusFlag                       0x080012f9   Thumb Code   122  apm32f4xx_dma.o(.text.DMA_ReadStatusFlag)
    DMA_Reset                                0x08001375   Thumb Code   620  apm32f4xx_dma.o(.text.DMA_Reset)
    Delay                                    0x080015e1   Thumb Code    22  main.o(.text.Delay)
    GPIO_Config                              0x080015f9   Thumb Code   246  apm32f4xx_gpio.o(.text.GPIO_Config)
    GPIO_ConfigPinAF                         0x080016f1   Thumb Code   154  apm32f4xx_gpio.o(.text.GPIO_ConfigPinAF)
    GPIO_Init                                0x0800178d   Thumb Code   118  main.o(.text.GPIO_Init)
    GPIO_ResetBit                            0x08001805   Thumb Code    20  apm32f4xx_gpio.o(.text.GPIO_ResetBit)
    GPIO_SetBit                              0x08001819   Thumb Code    20  apm32f4xx_gpio.o(.text.GPIO_SetBit)
    GPIO_ToggleBit                           0x0800182d   Thumb Code    24  apm32f4xx_gpio.o(.text.GPIO_ToggleBit)
    I2C3_ER_IRQHandler                       0x08001845   Thumb Code    32  main.o(.text.I2C3_ER_IRQHandler)
    I2C3_EV_IRQHandler                       0x08001865   Thumb Code    20  main.o(.text.I2C3_EV_IRQHandler)
    I2C_ClearErrorFlag                       0x08001879   Thumb Code    66  i2c.o(.text.I2C_ClearErrorFlag)
    I2C_Config                               0x080018bd   Thumb Code   406  apm32f4xx_i2c.o(.text.I2C_Config)
    I2C_Enable                               0x08001a55   Thumb Code    18  apm32f4xx_i2c.o(.text.I2C_Enable)
    I2C_EnableDMA                            0x08001a69   Thumb Code    18  apm32f4xx_i2c.o(.text.I2C_EnableDMA)
    I2C_EnableGenerateStart                  0x08001a7d   Thumb Code    18  apm32f4xx_i2c.o(.text.I2C_EnableGenerateStart)
    I2C_EnableGenerateStop                   0x08001a91   Thumb Code    18  apm32f4xx_i2c.o(.text.I2C_EnableGenerateStop)
    I2C_ReadEventStatus                      0x08001aa5   Thumb Code    84  apm32f4xx_i2c.o(.text.I2C_ReadEventStatus)
    I2C_ReadStatusFlag                       0x08001af9   Thumb Code   360  apm32f4xx_i2c.o(.text.I2C_ReadStatusFlag)
    I2C_Reset                                0x08001c61   Thumb Code   116  apm32f4xx_i2c.o(.text.I2C_Reset)
    I2C_Tx7BitAddress                        0x08001cd5   Thumb Code    68  apm32f4xx_i2c.o(.text.I2C_Tx7BitAddress)
    I2C_TxData                               0x08001d19   Thumb Code    28  apm32f4xx_i2c.o(.text.I2C_TxData)
    IRQ_Init                                 0x08001d35   Thumb Code     4  main.o(.text.IRQ_Init)
    PowerChangeQMA6100                       0x08001d39   Thumb Code    44  qma6100.o(.text.PowerChangeQMA6100)
    PowerOff                                 0x08001d65   Thumb Code    20  qma6100.o(.text.PowerOff)
    PowerOn                                  0x08001d79   Thumb Code    20  qma6100.o(.text.PowerOn)
    RCM_ClearStatusFlag                      0x08001d8d   Thumb Code    18  apm32f4xx_rcm.o(.text.RCM_ClearStatusFlag)
    RCM_ConfigAHB                            0x08001da1   Thumb Code    38  apm32f4xx_rcm.o(.text.RCM_ConfigAHB)
    RCM_ConfigAPB1                           0x08001dc9   Thumb Code    38  apm32f4xx_rcm.o(.text.RCM_ConfigAPB1)
    RCM_ConfigAPB2                           0x08001df1   Thumb Code    38  apm32f4xx_rcm.o(.text.RCM_ConfigAPB2)
    RCM_ConfigHSE                            0x08001e19   Thumb Code   100  apm32f4xx_rcm.o(.text.RCM_ConfigHSE)
    RCM_ConfigPLL1                           0x08001e7d   Thumb Code   114  apm32f4xx_rcm.o(.text.RCM_ConfigPLL1)
    RCM_ConfigPLL2                           0x08001ef1   Thumb Code    56  apm32f4xx_rcm.o(.text.RCM_ConfigPLL2)
    RCM_ConfigSYSCLK                         0x08001f29   Thumb Code    30  apm32f4xx_rcm.o(.text.RCM_ConfigSYSCLK)
    RCM_DisableAPB1PeriphReset               0x08001f49   Thumb Code    24  apm32f4xx_rcm.o(.text.RCM_DisableAPB1PeriphReset)
    RCM_DisableHSI                           0x08001f61   Thumb Code    18  apm32f4xx_rcm.o(.text.RCM_DisableHSI)
    RCM_EnableAHB1PeriphClock                0x08001f75   Thumb Code    24  apm32f4xx_rcm.o(.text.RCM_EnableAHB1PeriphClock)
    RCM_EnableAPB1PeriphClock                0x08001f8d   Thumb Code    24  apm32f4xx_rcm.o(.text.RCM_EnableAPB1PeriphClock)
    RCM_EnableAPB1PeriphReset                0x08001fa5   Thumb Code    24  apm32f4xx_rcm.o(.text.RCM_EnableAPB1PeriphReset)
    RCM_EnableAPB2PeriphClock                0x08001fbd   Thumb Code    24  apm32f4xx_rcm.o(.text.RCM_EnableAPB2PeriphClock)
    RCM_EnablePLL1                           0x08001fd5   Thumb Code    18  apm32f4xx_rcm.o(.text.RCM_EnablePLL1)
    RCM_EnablePLL2                           0x08001fe9   Thumb Code    18  apm32f4xx_rcm.o(.text.RCM_EnablePLL2)
    RCM_Init                                 0x08001ffd   Thumb Code   146  main.o(.text.RCM_Init)
    RCM_ReadHCLKFreq                         0x08002091   Thumb Code    70  apm32f4xx_rcm.o(.text.RCM_ReadHCLKFreq)
    RCM_ReadPCLKFreq                         0x080020d9   Thumb Code   108  apm32f4xx_rcm.o(.text.RCM_ReadPCLKFreq)
    RCM_ReadSYSCLKFreq                       0x08002145   Thumb Code   214  apm32f4xx_rcm.o(.text.RCM_ReadSYSCLKFreq)
    RCM_WaitHSEReady                         0x0800221d   Thumb Code    70  apm32f4xx_rcm.o(.text.RCM_WaitHSEReady)
    SystemCoreClockUpdate                    0x08002385   Thumb Code   288  system_apm32f4xx.o(.text.SystemCoreClockUpdate)
    SystemInit                               0x080024a5   Thumb Code   116  system_apm32f4xx.o(.text.SystemInit)
    main                                     0x08002519   Thumb Code   192  main.o(.text.main)
    main_Init                                0x080025d9   Thumb Code    18  main.o(.text.main_Init)
    pause                                    0x080025ed   Thumb Code    34  main.o(.text.pause)
    _fp_init                                 0x0800260f   Thumb Code    26  fpinit.o(x$fpl$fpinit)
    __fplib_config_fpu_vfp                   0x08002627   Thumb Code     0  fpinit.o(x$fpl$fpinit)
    __fplib_config_pureend_doubles           0x08002627   Thumb Code     0  fpinit.o(x$fpl$fpinit)
    AHBPrescTable                            0x08002628   Data          16  system_apm32f4xx.o(.rodata.AHBPrescTable)
    Region$$Table$$Base                      0x08002638   Number         0  anon$$obj.o(Region$$Table)
    Region$$Table$$Limit                     0x08002658   Number         0  anon$$obj.o(Region$$Table)
    SystemCoreClock                          0x20000000   Data           4  system_apm32f4xx.o(.data.SystemCoreClock)
    __libspace_start                         0x20000008   Data          96  libspace.o(.bss)
    ACL_BufferTX                             0x20000068   Data           8  i2c_accel.o(.bss.ACL_BufferTX)
    __temporary_stack_top$libspace           0x20000068   Data           0  libspace.o(.bss)
    ACL_I2C_Timeout                          0x20000070   Data           4  i2c_accel.o(.bss.ACL_I2C_Timeout)
    DMA_config_v                             0x20000074   Data          32  dma.o(.bss.DMA_config_v)
    ErrorI2C                                 0x20000094   Data           1  main.o(.bss.ErrorI2C)



==============================================================================

Memory Map of the image

  Image Entry point : 0x08000195

  Load Region LR_IROM1 (Base: 0x08000000, Size: 0x00002660, Max: 0x00100000, ABSOLUTE)

    Execution Region ER_IROM1 (Exec base: 0x08000000, Load base: 0x08000000, Size: 0x00002658, Max: 0x00100000, ABSOLUTE)

    Exec Addr    Load Addr    Size         Type   Attr      Idx    E Section Name        Object

    0x08000000   0x08000000   0x00000194   Data   RO          812    RESET               startup_apm32f40x.o
    0x08000194   0x08000194   0x00000008   Code   RO          838  * !!!main             c_w.l(__main.o)
    0x0800019c   0x0800019c   0x00000034   Code   RO         1003    !!!scatter          c_w.l(__scatter.o)
    0x080001d0   0x080001d0   0x0000001a   Code   RO         1005    !!handler_copy      c_w.l(__scatter_copy.o)
    0x080001ea   0x080001ea   0x00000002   PAD
    0x080001ec   0x080001ec   0x0000001c   Code   RO         1007    !!handler_zi        c_w.l(__scatter_zi.o)
    0x08000208   0x08000208   0x00000002   Code   RO          865    .ARM.Collect$$libinit$$00000000  c_w.l(libinit.o)
    0x0800020a   0x0800020a   0x00000004   Code   RO          871    .ARM.Collect$$libinit$$00000001  c_w.l(libinit2.o)
    0x0800020e   0x0800020e   0x00000000   Code   RO          874    .ARM.Collect$$libinit$$00000004  c_w.l(libinit2.o)
    0x0800020e   0x0800020e   0x00000000   Code   RO          876    .ARM.Collect$$libinit$$00000006  c_w.l(libinit2.o)
    0x0800020e   0x0800020e   0x00000000   Code   RO          879    .ARM.Collect$$libinit$$0000000C  c_w.l(libinit2.o)
    0x0800020e   0x0800020e   0x00000000   Code   RO          881    .ARM.Collect$$libinit$$0000000E  c_w.l(libinit2.o)
    0x0800020e   0x0800020e   0x00000000   Code   RO          883    .ARM.Collect$$libinit$$00000010  c_w.l(libinit2.o)
    0x0800020e   0x0800020e   0x00000000   Code   RO          886    .ARM.Collect$$libinit$$00000013  c_w.l(libinit2.o)
    0x0800020e   0x0800020e   0x00000000   Code   RO          888    .ARM.Collect$$libinit$$00000015  c_w.l(libinit2.o)
    0x0800020e   0x0800020e   0x00000000   Code   RO          890    .ARM.Collect$$libinit$$00000017  c_w.l(libinit2.o)
    0x0800020e   0x0800020e   0x00000000   Code   RO          892    .ARM.Collect$$libinit$$00000019  c_w.l(libinit2.o)
    0x0800020e   0x0800020e   0x00000000   Code   RO          894    .ARM.Collect$$libinit$$0000001B  c_w.l(libinit2.o)
    0x0800020e   0x0800020e   0x00000000   Code   RO          896    .ARM.Collect$$libinit$$0000001D  c_w.l(libinit2.o)
    0x0800020e   0x0800020e   0x00000000   Code   RO          898    .ARM.Collect$$libinit$$0000001F  c_w.l(libinit2.o)
    0x0800020e   0x0800020e   0x00000000   Code   RO          900    .ARM.Collect$$libinit$$00000021  c_w.l(libinit2.o)
    0x0800020e   0x0800020e   0x00000000   Code   RO          902    .ARM.Collect$$libinit$$00000023  c_w.l(libinit2.o)
    0x0800020e   0x0800020e   0x00000000   Code   RO          904    .ARM.Collect$$libinit$$00000025  c_w.l(libinit2.o)
    0x0800020e   0x0800020e   0x00000000   Code   RO          906    .ARM.Collect$$libinit$$00000027  c_w.l(libinit2.o)
    0x0800020e   0x0800020e   0x00000000   Code   RO          910    .ARM.Collect$$libinit$$0000002E  c_w.l(libinit2.o)
    0x0800020e   0x0800020e   0x00000000   Code   RO          912    .ARM.Collect$$libinit$$00000030  c_w.l(libinit2.o)
    0x0800020e   0x0800020e   0x00000000   Code   RO          914    .ARM.Collect$$libinit$$00000032  c_w.l(libinit2.o)
    0x0800020e   0x0800020e   0x00000000   Code   RO          916    .ARM.Collect$$libinit$$00000034  c_w.l(libinit2.o)
    0x0800020e   0x0800020e   0x00000002   Code   RO          917    .ARM.Collect$$libinit$$00000035  c_w.l(libinit2.o)
    0x08000210   0x08000210   0x00000002   Code   RO          939    .ARM.Collect$$libshutdown$$00000000  c_w.l(libshutdown.o)
    0x08000212   0x08000212   0x00000000   Code   RO          954    .ARM.Collect$$libshutdown$$00000002  c_w.l(libshutdown2.o)
    0x08000212   0x08000212   0x00000000   Code   RO          956    .ARM.Collect$$libshutdown$$00000004  c_w.l(libshutdown2.o)
    0x08000212   0x08000212   0x00000000   Code   RO          959    .ARM.Collect$$libshutdown$$00000007  c_w.l(libshutdown2.o)
    0x08000212   0x08000212   0x00000000   Code   RO          962    .ARM.Collect$$libshutdown$$0000000A  c_w.l(libshutdown2.o)
    0x08000212   0x08000212   0x00000000   Code   RO          964    .ARM.Collect$$libshutdown$$0000000C  c_w.l(libshutdown2.o)
    0x08000212   0x08000212   0x00000000   Code   RO          967    .ARM.Collect$$libshutdown$$0000000F  c_w.l(libshutdown2.o)
    0x08000212   0x08000212   0x00000002   Code   RO          968    .ARM.Collect$$libshutdown$$00000010  c_w.l(libshutdown2.o)
    0x08000214   0x08000214   0x00000000   Code   RO          840    .ARM.Collect$$rtentry$$00000000  c_w.l(__rtentry.o)
    0x08000214   0x08000214   0x00000000   Code   RO          842    .ARM.Collect$$rtentry$$00000002  c_w.l(__rtentry2.o)
    0x08000214   0x08000214   0x00000006   Code   RO          854    .ARM.Collect$$rtentry$$00000004  c_w.l(__rtentry4.o)
    0x0800021a   0x0800021a   0x00000000   Code   RO          844    .ARM.Collect$$rtentry$$00000009  c_w.l(__rtentry2.o)
    0x0800021a   0x0800021a   0x00000004   Code   RO          845    .ARM.Collect$$rtentry$$0000000A  c_w.l(__rtentry2.o)
    0x0800021e   0x0800021e   0x00000000   Code   RO          847    .ARM.Collect$$rtentry$$0000000C  c_w.l(__rtentry2.o)
    0x0800021e   0x0800021e   0x00000008   Code   RO          848    .ARM.Collect$$rtentry$$0000000D  c_w.l(__rtentry2.o)
    0x08000226   0x08000226   0x00000002   Code   RO          869    .ARM.Collect$$rtexit$$00000000  c_w.l(rtexit.o)
    0x08000228   0x08000228   0x00000000   Code   RO          919    .ARM.Collect$$rtexit$$00000002  c_w.l(rtexit2.o)
    0x08000228   0x08000228   0x00000004   Code   RO          920    .ARM.Collect$$rtexit$$00000003  c_w.l(rtexit2.o)
    0x0800022c   0x0800022c   0x00000006   Code   RO          921    .ARM.Collect$$rtexit$$00000004  c_w.l(rtexit2.o)
    0x08000232   0x08000232   0x00000002   PAD
    0x08000234   0x08000234   0x00000040   Code   RO          813    .text               startup_apm32f40x.o
    0x08000274   0x08000274   0x00000006   Code   RO          836    .text               c_w.l(heapauxi.o)
    0x0800027a   0x0800027a   0x0000004a   Code   RO          856    .text               c_w.l(sys_stackheap_outer.o)
    0x080002c4   0x080002c4   0x00000012   Code   RO          858    .text               c_w.l(exit.o)
    0x080002d6   0x080002d6   0x00000002   PAD
    0x080002d8   0x080002d8   0x00000008   Code   RO          866    .text               c_w.l(libspace.o)
    0x080002e0   0x080002e0   0x0000000c   Code   RO          929    .text               c_w.l(sys_exit.o)
    0x080002ec   0x080002ec   0x00000002   Code   RO          944    .text               c_w.l(use_no_semi.o)
    0x080002ee   0x080002ee   0x00000000   Code   RO          946    .text               c_w.l(indicate_semi.o)
    0x080002ee   0x080002ee   0x00000002   PAD
    0x080002f0   0x080002f0   0x00000058   Code   RO           22    .text.ACL_I2C_Init  main.o
    0x08000348   0x08000348   0x00000058   Code   RO          101    .text.ACL_I2C_LowLevel_DMAConfig  dma.o
    0x080003a0   0x080003a0   0x00000122   Code   RO           99    .text.ACL_I2C_LowLevel_Init  dma.o
    0x080004c2   0x080004c2   0x00000002   PAD
    0x080004c4   0x080004c4   0x00000244   Code   RO           82    .text.ACL_I2C_WriteReg  i2c_accel.o
    0x08000708   0x08000708   0x00000034   Code   RO           10    .text.CAN1_RX0_IRQHandler  main.o
    0x0800073c   0x0800073c   0x00000020   Code   RO           12    .text.CAN1_RX1_IRQHandler  main.o
    0x0800075c   0x0800075c   0x0000000c   Code   RO            8    .text.CAN1_TX_IRQHandler  main.o
    0x08000768   0x08000768   0x000001da   Code   RO          224    .text.CAN_Config    apm32f4xx_can.o
    0x08000942   0x08000942   0x00000002   PAD
    0x08000944   0x08000944   0x00000172   Code   RO          226    .text.CAN_ConfigFilter  apm32f4xx_can.o
    0x08000ab6   0x08000ab6   0x00000002   PAD
    0x08000ab8   0x08000ab8   0x00000038   Code   RO          228    .text.CAN_ConfigStructInit  apm32f4xx_can.o
    0x08000af0   0x08000af0   0x00000012   Code   RO          234    .text.CAN_DisableDBGFreeze  apm32f4xx_can.o
    0x08000b02   0x08000b02   0x00000002   PAD
    0x08000b04   0x08000b04   0x0000019e   Code   RO            4    .text.CAN_Init      main.o
    0x08000ca2   0x08000ca2   0x00000002   PAD
    0x08000ca4   0x08000ca4   0x00000194   Code   RO          248    .text.CAN_OperatingMode  apm32f4xx_can.o
    0x08000e38   0x08000e38   0x0000002c   Code   RO          244    .text.CAN_ReleaseFIFO  apm32f4xx_can.o
    0x08000e64   0x08000e64   0x00000050   Code   RO          222    .text.CAN_Reset     apm32f4xx_can.o
    0x08000eb4   0x08000eb4   0x00000154   Code   RO          242    .text.CAN_RxMessage  apm32f4xx_can.o
    0x08001008   0x08001008   0x00000140   Code   RO          236    .text.CAN_TxMessage  apm32f4xx_can.o
    0x08001148   0x08001148   0x00000062   Code   RO          313    .text.DMA_ClearStatusFlag  apm32f4xx_dma.o
    0x080011aa   0x080011aa   0x00000002   PAD
    0x080011ac   0x080011ac   0x00000122   Code   RO          281    .text.DMA_Config    apm32f4xx_dma.o
    0x080012ce   0x080012ce   0x00000002   PAD
    0x080012d0   0x080012d0   0x00000012   Code   RO          287    .text.DMA_Disable   apm32f4xx_dma.o
    0x080012e2   0x080012e2   0x00000002   PAD
    0x080012e4   0x080012e4   0x00000012   Code   RO          285    .text.DMA_Enable    apm32f4xx_dma.o
    0x080012f6   0x080012f6   0x00000002   PAD
    0x080012f8   0x080012f8   0x0000007a   Code   RO          311    .text.DMA_ReadStatusFlag  apm32f4xx_dma.o
    0x08001372   0x08001372   0x00000002   PAD
    0x08001374   0x08001374   0x0000026c   Code   RO          279    .text.DMA_Reset     apm32f4xx_dma.o
    0x080015e0   0x080015e0   0x00000016   Code   RO            6    .text.Delay         main.o
    0x080015f6   0x080015f6   0x00000002   PAD
    0x080015f8   0x080015f8   0x000000f6   Code   RO          432    .text.GPIO_Config   apm32f4xx_gpio.o
    0x080016ee   0x080016ee   0x00000002   PAD
    0x080016f0   0x080016f0   0x0000009a   Code   RO          456    .text.GPIO_ConfigPinAF  apm32f4xx_gpio.o
    0x0800178a   0x0800178a   0x00000002   PAD
    0x0800178c   0x0800178c   0x00000076   Code   RO            2    .text.GPIO_Init     main.o
    0x08001802   0x08001802   0x00000002   PAD
    0x08001804   0x08001804   0x00000014   Code   RO          448    .text.GPIO_ResetBit  apm32f4xx_gpio.o
    0x08001818   0x08001818   0x00000014   Code   RO          446    .text.GPIO_SetBit   apm32f4xx_gpio.o
    0x0800182c   0x0800182c   0x00000018   Code   RO          454    .text.GPIO_ToggleBit  apm32f4xx_gpio.o
    0x08001844   0x08001844   0x00000020   Code   RO           30    .text.I2C3_ER_IRQHandler  main.o
    0x08001864   0x08001864   0x00000014   Code   RO           28    .text.I2C3_EV_IRQHandler  main.o
    0x08001878   0x08001878   0x00000042   Code   RO           54    .text.I2C_ClearErrorFlag  i2c.o
    0x080018ba   0x080018ba   0x00000002   PAD
    0x080018bc   0x080018bc   0x00000196   Code   RO          467    .text.I2C_Config    apm32f4xx_i2c.o
    0x08001a52   0x08001a52   0x00000002   PAD
    0x08001a54   0x08001a54   0x00000012   Code   RO          471    .text.I2C_Enable    apm32f4xx_i2c.o
    0x08001a66   0x08001a66   0x00000002   PAD
    0x08001a68   0x08001a68   0x00000012   Code   RO          533    .text.I2C_EnableDMA  apm32f4xx_i2c.o
    0x08001a7a   0x08001a7a   0x00000002   PAD
    0x08001a7c   0x08001a7c   0x00000012   Code   RO          475    .text.I2C_EnableGenerateStart  apm32f4xx_i2c.o
    0x08001a8e   0x08001a8e   0x00000002   PAD
    0x08001a90   0x08001a90   0x00000012   Code   RO          479    .text.I2C_EnableGenerateStop  apm32f4xx_i2c.o
    0x08001aa2   0x08001aa2   0x00000002   PAD
    0x08001aa4   0x08001aa4   0x00000054   Code   RO          547    .text.I2C_ReadEventStatus  apm32f4xx_i2c.o
    0x08001af8   0x08001af8   0x00000168   Code   RO          551    .text.I2C_ReadStatusFlag  apm32f4xx_i2c.o
    0x08001c60   0x08001c60   0x00000074   Code   RO          465    .text.I2C_Reset     apm32f4xx_i2c.o
    0x08001cd4   0x08001cd4   0x00000044   Code   RO          483    .text.I2C_Tx7BitAddress  apm32f4xx_i2c.o
    0x08001d18   0x08001d18   0x0000001c   Code   RO          517    .text.I2C_TxData    apm32f4xx_i2c.o
    0x08001d34   0x08001d34   0x00000004   Code   RO           18    .text.IRQ_Init      main.o
    0x08001d38   0x08001d38   0x0000002c   Code   RO           69    .text.PowerChangeQMA6100  qma6100.o
    0x08001d64   0x08001d64   0x00000014   Code   RO           71    .text.PowerOff      qma6100.o
    0x08001d78   0x08001d78   0x00000014   Code   RO           73    .text.PowerOn       qma6100.o
    0x08001d8c   0x08001d8c   0x00000012   Code   RO          709    .text.RCM_ClearStatusFlag  apm32f4xx_rcm.o
    0x08001d9e   0x08001d9e   0x00000002   PAD
    0x08001da0   0x08001da0   0x00000026   Code   RO          629    .text.RCM_ConfigAHB  apm32f4xx_rcm.o
    0x08001dc6   0x08001dc6   0x00000002   PAD
    0x08001dc8   0x08001dc8   0x00000026   Code   RO          631    .text.RCM_ConfigAPB1  apm32f4xx_rcm.o
    0x08001dee   0x08001dee   0x00000002   PAD
    0x08001df0   0x08001df0   0x00000026   Code   RO          633    .text.RCM_ConfigAPB2  apm32f4xx_rcm.o
    0x08001e16   0x08001e16   0x00000002   PAD
    0x08001e18   0x08001e18   0x00000064   Code   RO          589    .text.RCM_ConfigHSE  apm32f4xx_rcm.o
    0x08001e7c   0x08001e7c   0x00000072   Code   RO          605    .text.RCM_ConfigPLL1  apm32f4xx_rcm.o
    0x08001eee   0x08001eee   0x00000002   PAD
    0x08001ef0   0x08001ef0   0x00000038   Code   RO          611    .text.RCM_ConfigPLL2  apm32f4xx_rcm.o
    0x08001f28   0x08001f28   0x0000001e   Code   RO          625    .text.RCM_ConfigSYSCLK  apm32f4xx_rcm.o
    0x08001f46   0x08001f46   0x00000002   PAD
    0x08001f48   0x08001f48   0x00000018   Code   RO          681    .text.RCM_DisableAPB1PeriphReset  apm32f4xx_rcm.o
    0x08001f60   0x08001f60   0x00000012   Code   RO          597    .text.RCM_DisableHSI  apm32f4xx_rcm.o
    0x08001f72   0x08001f72   0x00000002   PAD
    0x08001f74   0x08001f74   0x00000018   Code   RO          655    .text.RCM_EnableAHB1PeriphClock  apm32f4xx_rcm.o
    0x08001f8c   0x08001f8c   0x00000018   Code   RO          663    .text.RCM_EnableAPB1PeriphClock  apm32f4xx_rcm.o
    0x08001fa4   0x08001fa4   0x00000018   Code   RO          679    .text.RCM_EnableAPB1PeriphReset  apm32f4xx_rcm.o
    0x08001fbc   0x08001fbc   0x00000018   Code   RO          667    .text.RCM_EnableAPB2PeriphClock  apm32f4xx_rcm.o
    0x08001fd4   0x08001fd4   0x00000012   Code   RO          607    .text.RCM_EnablePLL1  apm32f4xx_rcm.o
    0x08001fe6   0x08001fe6   0x00000002   PAD
    0x08001fe8   0x08001fe8   0x00000012   Code   RO          613    .text.RCM_EnablePLL2  apm32f4xx_rcm.o
    0x08001ffa   0x08001ffa   0x00000002   PAD
    0x08001ffc   0x08001ffc   0x00000092   Code   RO           14    .text.RCM_Init      main.o
    0x0800208e   0x0800208e   0x00000002   PAD
    0x08002090   0x08002090   0x00000046   Code   RO          639    .text.RCM_ReadHCLKFreq  apm32f4xx_rcm.o
    0x080020d6   0x080020d6   0x00000002   PAD
    0x080020d8   0x080020d8   0x0000006c   Code   RO          641    .text.RCM_ReadPCLKFreq  apm32f4xx_rcm.o
    0x08002144   0x08002144   0x000000d6   Code   RO          637    .text.RCM_ReadSYSCLKFreq  apm32f4xx_rcm.o
    0x0800221a   0x0800221a   0x00000002   PAD
    0x0800221c   0x0800221c   0x00000046   Code   RO          591    .text.RCM_WaitHSEReady  apm32f4xx_rcm.o
    0x08002262   0x08002262   0x00000002   PAD
    0x08002264   0x08002264   0x00000120   Code   RO          822    .text.SystemClockConfig  system_apm32f4xx.o
    0x08002384   0x08002384   0x00000120   Code   RO          824    .text.SystemCoreClockUpdate  system_apm32f4xx.o
    0x080024a4   0x080024a4   0x00000074   Code   RO          820    .text.SystemInit    system_apm32f4xx.o
    0x08002518   0x08002518   0x000000c0   Code   RO           26    .text.main          main.o
    0x080025d8   0x080025d8   0x00000012   Code   RO           16    .text.main_Init     main.o
    0x080025ea   0x080025ea   0x00000002   PAD
    0x080025ec   0x080025ec   0x00000022   Code   RO           24    .text.pause         main.o
    0x0800260e   0x0800260e   0x0000001a   Code   RO          927    x$fpl$fpinit        fz_wm.l(fpinit.o)
    0x08002628   0x08002628   0x00000010   Data   RO          827    .rodata.AHBPrescTable  system_apm32f4xx.o
    0x08002638   0x08002638   0x00000020   Data   RO         1002    Region$$Table       anon$$obj.o


    Execution Region RW_IRAM1 (Exec base: 0x20000000, Load base: 0x08002658, Size: 0x000006a8, Max: 0x00200000, ABSOLUTE)

    Exec Addr    Load Addr    Size         Type   Attr      Idx    E Section Name        Object

    0x20000000   0x08002658   0x00000004   Data   RW          826    .data.SystemCoreClock  system_apm32f4xx.o
    0x20000004   0x0800265c   0x00000004   PAD
    0x20000008        -       0x00000060   Zero   RW          867    .bss                c_w.l(libspace.o)
    0x20000068        -       0x00000008   Zero   RW           89    .bss.ACL_BufferTX   i2c_accel.o
    0x20000070        -       0x00000004   Zero   RW           88    .bss.ACL_I2C_Timeout  i2c_accel.o
    0x20000074        -       0x00000020   Zero   RW          103    .bss.DMA_config_v   dma.o
    0x20000094        -       0x00000001   Zero   RW           32    .bss.ErrorI2C       main.o
    0x20000095   0x0800265c   0x00000003   PAD
    0x20000098        -       0x00000004   Zero   RW           35    .bss.StatucCANMode  main.o
    0x2000009c        -       0x00000004   Zero   RW           34    .bss.StatusCAN      main.o
    0x200000a0        -       0x00000004   Zero   RW           33    .bss.StatusCANMessage  main.o
    0x200000a4   0x0800265c   0x00000004   PAD
    0x200000a8        -       0x00000200   Zero   RW          811    HEAP                startup_apm32f40x.o
    0x200002a8        -       0x00000400   Zero   RW          810    STACK               startup_apm32f40x.o


==============================================================================

Image component sizes


      Code (inc. data)   RO Data    RW Data    ZI Data      Debug   Object Name

      2106          0          0          0          0      20450   apm32f4xx_can.o
      1166          0          0          0          0      13626   apm32f4xx_dma.o
       464          0          0          0          0      11672   apm32f4xx_gpio.o
      1134         22          0          0          0      14266   apm32f4xx_i2c.o
      1068          0          0          0          0      20924   apm32f4xx_rcm.o
       378          0          0          0         32      16734   dma.o
        66          0          0          0          0      12587   i2c.o
       580          0          0          0         12       7934   i2c_accel.o
      1184          0          0          0         13      35547   main.o
        84          0          0          0          0       5938   qma6100.o
        64         26        404          0       1536        852   startup_apm32f40x.o
       692          0         16          4          0      12590   system_apm32f4xx.o

    ----------------------------------------------------------------------
      9054         48        452          4       1604     173120   Object Totals
         0          0         32          0          0          0   (incl. Generated)
        68          0          0          0         11          0   (incl. Padding)

    ----------------------------------------------------------------------

      Code (inc. data)   RO Data    RW Data    ZI Data      Debug   Library Member Name

         8          0          0          0          0         68   __main.o
         0          0          0          0          0          0   __rtentry.o
        12          0          0          0          0          0   __rtentry2.o
         6          0          0          0          0          0   __rtentry4.o
        52          8          0          0          0          0   __scatter.o
        26          0          0          0          0          0   __scatter_copy.o
        28          0          0          0          0          0   __scatter_zi.o
        18          0          0          0          0         80   exit.o
         6          0          0          0          0        152   heapauxi.o
         0          0          0          0          0          0   indicate_semi.o
         2          0          0          0          0          0   libinit.o
         6          0          0          0          0          0   libinit2.o
         2          0          0          0          0          0   libshutdown.o
         2          0          0          0          0          0   libshutdown2.o
         8          4          0          0         96         68   libspace.o
         2          0          0          0          0          0   rtexit.o
        10          0          0          0          0          0   rtexit2.o
        12          4          0          0          0         68   sys_exit.o
        74          0          0          0          0         80   sys_stackheap_outer.o
         2          0          0          0          0         68   use_no_semi.o
        26          0          0          0          0        116   fpinit.o

    ----------------------------------------------------------------------
       310         16          0          0         96        700   Library Totals
         8          0          0          0          0          0   (incl. Padding)

    ----------------------------------------------------------------------

      Code (inc. data)   RO Data    RW Data    ZI Data      Debug   Library Name

       276         16          0          0         96        584   c_w.l
        26          0          0          0          0        116   fz_wm.l

    ----------------------------------------------------------------------
       310         16          0          0         96        700   Library Totals

    ----------------------------------------------------------------------

==============================================================================


      Code (inc. data)   RO Data    RW Data    ZI Data      Debug   

      9364         64        452          4       1700     173464   Grand Totals
      9364         64        452          4       1700     173464   ELF Image Totals
      9364         64        452          4          0          0   ROM Totals

==============================================================================

    Total RO  Size (Code + RO Data)                 9816 (   9.59kB)
    Total RW  Size (RW Data + ZI Data)              1704 (   1.66kB)
    Total ROM Size (Code + RO Data + RW Data)       9820 (   9.59kB)

==============================================================================

