Component: Arm Compiler for Embedded 6.19 Tool: armlink [5e73cb00]

==============================================================================

Section Cross References

    main.o(.text.Led_Init) refers to apm32f4xx_rcm.o(.text.RCM_EnableAHB1PeriphClock) for RCM_EnableAHB1PeriphClock
    main.o(.text.Led_Init) refers to apm32f4xx_gpio.o(.text.GPIO_Config) for GPIO_Config
    main.o(.ARM.exidx.text.Led_Init) refers to main.o(.text.Led_Init) for [Anonymous Symbol]
    main.o(.text.CAN_Init) refers to apm32f4xx_rcm.o(.text.RCM_EnableAHB1PeriphClock) for RCM_EnableAHB1PeriphClock
    main.o(.text.CAN_Init) refers to apm32f4xx_gpio.o(.text.GPIO_Config) for GPIO_Config
    main.o(.text.CAN_Init) refers to apm32f4xx_gpio.o(.text.GPIO_ConfigPinAF) for GPIO_ConfigPinAF
    main.o(.text.CAN_Init) refers to apm32f4xx_rcm.o(.text.RCM_EnableAPB1PeriphClock) for RCM_EnableAPB1PeriphClock
    main.o(.text.CAN_Init) refers to apm32f4xx_can.o(.text.CAN_DisableDBGFreeze) for CAN_DisableDBGFreeze
    main.o(.text.CAN_Init) refers to apm32f4xx_can.o(.text.CAN_ConfigFilter) for CAN_ConfigFilter
    main.o(.text.CAN_Init) refers to apm32f4xx_can.o(.text.CAN_Config) for CAN_Config
    main.o(.ARM.exidx.text.CAN_Init) refers to main.o(.text.CAN_Init) for [Anonymous Symbol]
    main.o(.ARM.exidx.text.Delay) refers to main.o(.text.Delay) for [Anonymous Symbol]
    main.o(.text.RCM_Init) refers to apm32f4xx_rcm.o(.text.RCM_ConfigHSE) for RCM_ConfigHSE
    main.o(.text.RCM_Init) refers to apm32f4xx_rcm.o(.text.RCM_WaitHSEReady) for RCM_WaitHSEReady
    main.o(.text.RCM_Init) refers to apm32f4xx_rcm.o(.text.RCM_ConfigPLL1) for RCM_ConfigPLL1
    main.o(.text.RCM_Init) refers to apm32f4xx_rcm.o(.text.RCM_EnablePLL1) for RCM_EnablePLL1
    main.o(.text.RCM_Init) refers to apm32f4xx_rcm.o(.text.RCM_ConfigSYSCLK) for RCM_ConfigSYSCLK
    main.o(.text.RCM_Init) refers to apm32f4xx_rcm.o(.text.RCM_DisableHSI) for RCM_DisableHSI
    main.o(.text.RCM_Init) refers to apm32f4xx_rcm.o(.text.RCM_ConfigAHB) for RCM_ConfigAHB
    main.o(.text.RCM_Init) refers to apm32f4xx_rcm.o(.text.RCM_ConfigAPB1) for RCM_ConfigAPB1
    main.o(.text.RCM_Init) refers to apm32f4xx_rcm.o(.text.RCM_ConfigAPB2) for RCM_ConfigAPB2
    main.o(.text.RCM_Init) refers to apm32f4xx_rcm.o(.text.RCM_EnableAPB2PeriphClock) for RCM_EnableAPB2PeriphClock
    main.o(.text.RCM_Init) refers to system_apm32f4xx.o(.text.SystemCoreClockUpdate) for SystemCoreClockUpdate
    main.o(.ARM.exidx.text.RCM_Init) refers to main.o(.text.RCM_Init) for [Anonymous Symbol]
    main.o(.text.main_Init) refers to main.o(.text.RCM_Init) for RCM_Init
    main.o(.text.main_Init) refers to main.o(.text.Led_Init) for Led_Init
    main.o(.text.main_Init) refers to main.o(.text.CAN_Init) for CAN_Init
    main.o(.ARM.exidx.text.main_Init) refers to main.o(.text.main_Init) for [Anonymous Symbol]
    main.o(.text.main) refers to main.o(.text.main_Init) for main_Init
    main.o(.text.main) refers to main.o(.text.Delay) for Delay
    main.o(.text.main) refers to apm32f4xx_gpio.o(.text.GPIO_ToggleBit) for GPIO_ToggleBit
    main.o(.ARM.exidx.text.main) refers to main.o(.text.main) for [Anonymous Symbol]
    apm32f4xx_can.o(.text.CAN_Reset) refers to apm32f4xx_rcm.o(.text.RCM_EnableAPB1PeriphReset) for RCM_EnableAPB1PeriphReset
    apm32f4xx_can.o(.text.CAN_Reset) refers to apm32f4xx_rcm.o(.text.RCM_DisableAPB1PeriphReset) for RCM_DisableAPB1PeriphReset
    apm32f4xx_can.o(.ARM.exidx.text.CAN_Reset) refers to apm32f4xx_can.o(.text.CAN_Reset) for [Anonymous Symbol]
    apm32f4xx_can.o(.ARM.exidx.text.CAN_Config) refers to apm32f4xx_can.o(.text.CAN_Config) for [Anonymous Symbol]
    apm32f4xx_can.o(.ARM.exidx.text.CAN_ConfigFilter) refers to apm32f4xx_can.o(.text.CAN_ConfigFilter) for [Anonymous Symbol]
    apm32f4xx_can.o(.ARM.exidx.text.CAN_ConfigStructInit) refers to apm32f4xx_can.o(.text.CAN_ConfigStructInit) for [Anonymous Symbol]
    apm32f4xx_can.o(.ARM.exidx.text.CAN_SlaveStartBank) refers to apm32f4xx_can.o(.text.CAN_SlaveStartBank) for [Anonymous Symbol]
    apm32f4xx_can.o(.ARM.exidx.text.CAN_EnableDBGFreeze) refers to apm32f4xx_can.o(.text.CAN_EnableDBGFreeze) for [Anonymous Symbol]
    apm32f4xx_can.o(.ARM.exidx.text.CAN_DisableDBGFreeze) refers to apm32f4xx_can.o(.text.CAN_DisableDBGFreeze) for [Anonymous Symbol]
    apm32f4xx_can.o(.ARM.exidx.text.CAN_TxMessage) refers to apm32f4xx_can.o(.text.CAN_TxMessage) for [Anonymous Symbol]
    apm32f4xx_can.o(.ARM.exidx.text.CAN_TxMessageStatus) refers to apm32f4xx_can.o(.text.CAN_TxMessageStatus) for [Anonymous Symbol]
    apm32f4xx_can.o(.ARM.exidx.text.CAN_CancelTxMailbox) refers to apm32f4xx_can.o(.text.CAN_CancelTxMailbox) for [Anonymous Symbol]
    apm32f4xx_can.o(.ARM.exidx.text.CAN_RxMessage) refers to apm32f4xx_can.o(.text.CAN_RxMessage) for [Anonymous Symbol]
    apm32f4xx_can.o(.ARM.exidx.text.CAN_ReleaseFIFO) refers to apm32f4xx_can.o(.text.CAN_ReleaseFIFO) for [Anonymous Symbol]
[...]
    apm32f4xx_fmc.o(.ARM.exidx.text.FMC_ResetDataCache) refers to apm32f4xx_fmc.o(.text.FMC_ResetDataCache) for [Anonymous Symbol]
    apm32f4xx_fmc.o(.ARM.exidx.text.FMC_Unlock) refers to apm32f4xx_fmc.o(.text.FMC_Unlock) for [Anonymous Symbol]
    apm32f4xx_fmc.o(.ARM.exidx.text.FMC_Lock) refers to apm32f4xx_fmc.o(.text.FMC_Lock) for [Anonymous Symbol]
    apm32f4xx_fmc.o(.text.FMC_EraseSector) refers to apm32f4xx_fmc.o(.text.FMC_WaitForLastOperation) for FMC_WaitForLastOperation
    apm32f4xx_fmc.o(.ARM.exidx.text.FMC_EraseSector) refers to apm32f4xx_fmc.o(.text.FMC_EraseSector) for [Anonymous Symbol]
    apm32f4xx_fmc.o(.text.FMC_WaitForLastOperation) refers to apm32f4xx_fmc.o(.text.FMC_ReadStatus) for FMC_ReadStatus
    apm32f4xx_fmc.o(.ARM.exidx.text.FMC_WaitForLastOperation) refers to apm32f4xx_fmc.o(.text.FMC_WaitForLastOperation) for [Anonymous Symbol]
    apm32f4xx_fmc.o(.text.FMC_EraseAllSectors) refers to apm32f4xx_fmc.o(.text.FMC_WaitForLastOperation) for FMC_WaitForLastOperation
    apm32f4xx_fmc.o(.ARM.exidx.text.FMC_EraseAllSectors) refers to apm32f4xx_fmc.o(.text.FMC_EraseAllSectors) for [Anonymous Symbol]
    apm32f4xx_fmc.o(.text.FMC_ProgramDoubleWord) refers to apm32f4xx_fmc.o(.text.FMC_WaitForLastOperation) for FMC_WaitForLastOperation
    apm32f4xx_fmc.o(.ARM.exidx.text.FMC_ProgramDoubleWord) refers to apm32f4xx_fmc.o(.text.FMC_ProgramDoubleWord) for [Anonymous Symbol]
    apm32f4xx_fmc.o(.text.FMC_ProgramWord) refers to apm32f4xx_fmc.o(.text.FMC_WaitForLastOperation) for FMC_WaitForLastOperation
    apm32f4xx_fmc.o(.ARM.exidx.text.FMC_ProgramWord) refers to apm32f4xx_fmc.o(.text.FMC_ProgramWord) for [Anonymous Symbol]
    apm32f4xx_fmc.o(.text.FMC_ProgramHalfWord) refers to apm32f4xx_fmc.o(.text.FMC_WaitForLastOperation) for FMC_WaitForLastOperation
    apm32f4xx_fmc.o(.ARM.exidx.text.FMC_ProgramHalfWord) refers to apm32f4xx_fmc.o(.text.FMC_ProgramHalfWord) for [Anonymous Symbol]
    apm32f4xx_fmc.o(.text.FMC_ProgramByte) refers to apm32f4xx_fmc.o(.text.FMC_WaitForLastOperation) for FMC_WaitForLastOperation
    apm32f4xx_fmc.o(.ARM.exidx.text.FMC_ProgramByte) refers to apm32f4xx_fmc.o(.text.FMC_ProgramByte) for [Anonymous Symbol]
    apm32f4xx_fmc.o(.ARM.exidx.text.FMC_UnlockOptionByte) refers to apm32f4xx_fmc.o(.text.FMC_UnlockOptionByte) for [Anonymous Symbol]
    apm32f4xx_fmc.o(.ARM.exidx.text.FMC_LockOptionByte) refers to apm32f4xx_fmc.o(.text.FMC_LockOptionByte) for [Anonymous Symbol]
    apm32f4xx_fmc.o(.text.FMC_OPT_EnableWriteProtect) refers to apm32f4xx_fmc.o(.text.FMC_WaitForLastOperation) for FMC_WaitForLastOperation
    apm32f4xx_fmc.o(.ARM.exidx.text.FMC_OPT_EnableWriteProtect) refers to apm32f4xx_fmc.o(.text.FMC_OPT_EnableWriteProtect) for [Anonymous Symbol]
    apm32f4xx_fmc.o(.text.FMC_OPT_DisableWriteProtect) refers to apm32f4xx_fmc.o(.text.FMC_WaitForLastOperation) for FMC_WaitForLastOperation
    apm32f4xx_fmc.o(.ARM.exidx.text.FMC_OPT_DisableWriteProtect) refers to apm32f4xx_fmc.o(.text.FMC_OPT_DisableWriteProtect) for [Anonymous Symbol]
    apm32f4xx_fmc.o(.text.FMC_OPT_ConfigReadProtect) refers to apm32f4xx_fmc.o(.text.FMC_WaitForLastOperation) for FMC_WaitForLastOperation
    apm32f4xx_fmc.o(.ARM.exidx.text.FMC_OPT_ConfigReadProtect) refers to apm32f4xx_fmc.o(.text.FMC_OPT_ConfigReadProtect) for [Anonymous Symbol]
    apm32f4xx_fmc.o(.text.FMC_OPT_ConfigUser) refers to apm32f4xx_fmc.o(.text.FMC_WaitForLastOperation) for FMC_WaitForLastOperation
    apm32f4xx_fmc.o(.ARM.exidx.text.FMC_OPT_ConfigUser) refers to apm32f4xx_fmc.o(.text.FMC_OPT_ConfigUser) for [Anonymous Symbol]
    apm32f4xx_fmc.o(.ARM.exidx.text.FMC_OPT_ConfigBrownoutReset) refers to apm32f4xx_fmc.o(.text.FMC_OPT_ConfigBrownoutReset) for [Anonymous Symbol]
    apm32f4xx_fmc.o(.text.FMC_OPT_Launch) refers to apm32f4xx_fmc.o(.text.FMC_WaitForLastOperation) for FMC_WaitForLastOperation
    apm32f4xx_fmc.o(.ARM.exidx.text.FMC_OPT_Launch) refers to apm32f4xx_fmc.o(.text.FMC_OPT_Launch) for [Anonymous Symbol]
    apm32f4xx_fmc.o(.ARM.exidx.text.FMC_OPT_ReadUser) refers to apm32f4xx_fmc.o(.text.FMC_OPT_ReadUser) for [Anonymous Symbol]
    apm32f4xx_fmc.o(.ARM.exidx.text.FMC_OPT_ReadWriteProtect) refers to apm32f4xx_fmc.o(.text.FMC_OPT_ReadWriteProtect) for [Anonymous Symbol]
    apm32f4xx_fmc.o(.ARM.exidx.text.FMC_OPT_ReadProtectLevel) refers to apm32f4xx_fmc.o(.text.FMC_OPT_ReadProtectLevel) for [Anonymous Symbol]
    apm32f4xx_fmc.o(.ARM.exidx.text.FMC_OPT_ReadBrownoutReset) refers to apm32f4xx_fmc.o(.text.FMC_OPT_ReadBrownoutReset) for [Anonymous Symbol]
    apm32f4xx_fmc.o(.ARM.exidx.text.FMC_EnableInterrupt) refers to apm32f4xx_fmc.o(.text.FMC_EnableInterrupt) for [Anonymous Symbol]
    apm32f4xx_fmc.o(.ARM.exidx.text.FMC_DisableInterrupt) refers to apm32f4xx_fmc.o(.text.FMC_DisableInterrupt) for [Anonymous Symbol]
    apm32f4xx_fmc.o(.ARM.exidx.text.FMC_ReadStatusFlag) refers to apm32f4xx_fmc.o(.text.FMC_ReadStatusFlag) for [Anonymous Symbol]
    apm32f4xx_fmc.o(.ARM.exidx.text.FMC_ClearStatusFlag) refers to apm32f4xx_fmc.o(.text.FMC_ClearStatusFlag) for [Anonymous Symbol]
    apm32f4xx_fmc.o(.ARM.exidx.text.FMC_ReadStatus) refers to apm32f4xx_fmc.o(.text.FMC_ReadStatus) for [Anonymous Symbol]
    __main.o(!!!main) refers to __rtentry.o(.ARM.Collect$$rtentry$$00000000) for __rt_entry
    __rtentry.o(.ARM.Collect$$rtentry$$00000000) refers (Special) to __rtentry2.o(.ARM.Collect$$rtentry$$0000000A) for __rt_entry_li
    __rtentry.o(.ARM.Collect$$rtentry$$00000000) refers (Special) to __rtentry2.o(.ARM.Collect$$rtentry$$0000000D) for __rt_entry_main
    __rtentry.o(.ARM.Collect$$rtentry$$00000000) refers (Special) to __rtentry2.o(.ARM.Collect$$rtentry$$0000000C) for __rt_entry_postli_1
    __rtentry.o(.ARM.Collect$$rtentry$$00000000) refers (Special) to __rtentry2.o(.ARM.Collect$$rtentry$$00000009) for __rt_entry_postsh_1
    __rtentry.o(.ARM.Collect$$rtentry$$00000000) refers (Special) to __rtentry2.o(.ARM.Collect$$rtentry$$00000002) for __rt_entry_presh_1
    __rtentry.o(.ARM.Collect$$rtentry$$00000000) refers (Special) to __rtentry4.o(.ARM.Collect$$rtentry$$00000004) for __rt_entry_sh
    __rtentry2.o(.ARM.Collect$$rtentry$$00000008) refers to boardinit2.o(.text) for _platform_post_stackheap_init
    __rtentry2.o(.ARM.Collect$$rtentry$$0000000A) refers to libinit.o(.ARM.Collect$$libinit$$00000000) for __rt_lib_init
    __rtentry2.o(.ARM.Collect$$rtentry$$0000000B) refers to boardinit3.o(.text) for _platform_post_lib_init
    __rtentry2.o(.ARM.Collect$$rtentry$$0000000D) refers to main.o(.text.main) for main
    __rtentry2.o(.ARM.Collect$$rtentry$$0000000D) refers to exit.o(.text) for exit
    __rtentry2.o(.ARM.exidx) refers to __rtentry2.o(.ARM.Collect$$rtentry$$00000001) for .ARM.Collect$$rtentry$$00000001
    __rtentry2.o(.ARM.exidx) refers to __rtentry2.o(.ARM.Collect$$rtentry$$00000008) for .ARM.Collect$$rtentry$$00000008
    __rtentry2.o(.ARM.exidx) refers to __rtentry2.o(.ARM.Collect$$rtentry$$0000000A) for .ARM.Collect$$rtentry$$0000000A
    __rtentry2.o(.ARM.exidx) refers to __rtentry2.o(.ARM.Collect$$rtentry$$0000000B) for .ARM.Collect$$rtentry$$0000000B
    __rtentry2.o(.ARM.exidx) refers to __rtentry2.o(.ARM.Collect$$rtentry$$0000000D) for .ARM.Collect$$rtentry$$0000000D
    __rtentry4.o(.ARM.Collect$$rtentry$$00000004) refers to sys_stackheap_outer.o(.text) for __user_setup_stackheap
    __rtentry4.o(.ARM.exidx) refers to __rtentry4.o(.ARM.Collect$$rtentry$$00000004) for .ARM.Collect$$rtentry$$00000004
    sys_stackheap_outer.o(.text) refers to libspace.o(.text) for __user_perproc_libspace
    sys_stackheap_outer.o(.text) refers to startup_apm32f40x.o(.text) for __user_initial_stackheap
    exit.o(.text) refers to rtexit.o(.ARM.Collect$$rtexit$$00000000) for __rt_exit
    libinit.o(.ARM.Collect$$libinit$$00000000) refers (Special) to libinit2.o(.ARM.Collect$$libinit$$00000030) for __rt_lib_init_alloca_1
    libinit.o(.ARM.Collect$$libinit$$00000000) refers (Special) to libinit2.o(.ARM.Collect$$libinit$$0000002E) for __rt_lib_init_argv_1
    libinit.o(.ARM.Collect$$libinit$$00000000) refers (Special) to libinit2.o(.ARM.Collect$$libinit$$0000001D) for __rt_lib_init_atexit_1
    libinit.o(.ARM.Collect$$libinit$$00000000) refers (Special) to libinit2.o(.ARM.Collect$$libinit$$00000023) for __rt_lib_init_clock_1
    libinit.o(.ARM.Collect$$libinit$$00000000) refers (Special) to libinit2.o(.ARM.Collect$$libinit$$00000034) for __rt_lib_init_cpp_1
    libinit.o(.ARM.Collect$$libinit$$00000000) refers (Special) to libinit2.o(.ARM.Collect$$libinit$$00000032) for __rt_lib_init_exceptions_1
    libinit.o(.ARM.Collect$$libinit$$00000000) refers (Special) to libinit2.o(.ARM.Collect$$libinit$$00000001) for __rt_lib_init_fp_1
    libinit.o(.ARM.Collect$$libinit$$00000000) refers (Special) to libinit2.o(.ARM.Collect$$libinit$$00000021) for __rt_lib_init_fp_trap_1
    libinit.o(.ARM.Collect$$libinit$$00000000) refers (Special) to libinit2.o(.ARM.Collect$$libinit$$00000025) for __rt_lib_init_getenv_1
    libinit.o(.ARM.Collect$$libinit$$00000000) refers (Special) to libinit2.o(.ARM.Collect$$libinit$$0000000C) for __rt_lib_init_heap_1
    libinit.o(.ARM.Collect$$libinit$$00000000) refers (Special) to libinit2.o(.ARM.Collect$$libinit$$00000013) for __rt_lib_init_lc_collate_1
    libinit.o(.ARM.Collect$$libinit$$00000000) refers (Special) to libinit2.o(.ARM.Collect$$libinit$$00000015) for __rt_lib_init_lc_ctype_1
    libinit.o(.ARM.Collect$$libinit$$00000000) refers (Special) to libinit2.o(.ARM.Collect$$libinit$$00000017) for __rt_lib_init_lc_monetary_1
    libinit.o(.ARM.Collect$$libinit$$00000000) refers (Special) to libinit2.o(.ARM.Collect$$libinit$$00000019) for __rt_lib_init_lc_numeric_1
    libinit.o(.ARM.Collect$$libinit$$00000000) refers (Special) to libinit2.o(.ARM.Collect$$libinit$$0000001B) for __rt_lib_init_lc_time_1
    libinit.o(.ARM.Collect$$libinit$$00000000) refers (Special) to libinit2.o(.ARM.Collect$$libinit$$00000006) for __rt_lib_init_preinit_1
    libinit.o(.ARM.Collect$$libinit$$00000000) refers (Special) to libinit2.o(.ARM.Collect$$libinit$$00000010) for __rt_lib_init_rand_1
    libinit.o(.ARM.Collect$$libinit$$00000000) refers (Special) to libinit2.o(.ARM.Collect$$libinit$$00000004) for __rt_lib_init_relocate_pie_1
    libinit.o(.ARM.Collect$$libinit$$00000000) refers (Special) to libinit2.o(.ARM.Collect$$libinit$$00000035) for __rt_lib_init_return
    libinit.o(.ARM.Collect$$libinit$$00000000) refers (Special) to libinit2.o(.ARM.Collect$$libinit$$0000001F) for __rt_lib_init_signal_1
    libinit.o(.ARM.Collect$$libinit$$00000000) refers (Special) to libinit2.o(.ARM.Collect$$libinit$$00000027) for __rt_lib_init_stdio_1
    libinit.o(.ARM.Collect$$libinit$$00000000) refers (Special) to libinit2.o(.ARM.Collect$$libinit$$0000000E) for __rt_lib_init_user_alloc_1
    libspace.o(.text) refers to libspace.o(.bss) for __libspace_start
    rtexit.o(.ARM.Collect$$rtexit$$00000000) refers (Special) to rtexit2.o(.ARM.Collect$$rtexit$$00000004) for __rt_exit_exit
    rtexit.o(.ARM.Collect$$rtexit$$00000000) refers (Special) to rtexit2.o(.ARM.Collect$$rtexit$$00000003) for __rt_exit_ls
    rtexit.o(.ARM.Collect$$rtexit$$00000000) refers (Special) to rtexit2.o(.ARM.Collect$$rtexit$$00000002) for __rt_exit_prels_1
    rtexit.o(.ARM.exidx) refers (Special) to rtexit2.o(.ARM.Collect$$rtexit$$00000004) for __rt_exit_exit
    rtexit.o(.ARM.exidx) refers (Special) to rtexit2.o(.ARM.Collect$$rtexit$$00000003) for __rt_exit_ls
    rtexit.o(.ARM.exidx) refers (Special) to rtexit2.o(.ARM.Collect$$rtexit$$00000002) for __rt_exit_prels_1
    rtexit.o(.ARM.exidx) refers to rtexit.o(.ARM.Collect$$rtexit$$00000000) for .ARM.Collect$$rtexit$$00000000
    libinit2.o(.ARM.Collect$$libinit$$00000001) refers to fpinit.o(x$fpl$fpinit) for _fp_init
    libinit2.o(.ARM.Collect$$libinit$$00000012) refers to libinit2.o(.ARM.Collect$$libinit$$00000011) for .ARM.Collect$$libinit$$00000011
    libinit2.o(.ARM.Collect$$libinit$$00000014) refers to libinit2.o(.ARM.Collect$$libinit$$00000011) for .ARM.Collect$$libinit$$00000011
    libinit2.o(.ARM.Collect$$libinit$$00000016) refers to libinit2.o(.ARM.Collect$$libinit$$00000011) for .ARM.Collect$$libinit$$00000011
    libinit2.o(.ARM.Collect$$libinit$$00000018) refers to libinit2.o(.ARM.Collect$$libinit$$00000011) for .ARM.Collect$$libinit$$00000011
    libinit2.o(.ARM.Collect$$libinit$$0000001A) refers to libinit2.o(.ARM.Collect$$libinit$$00000011) for .ARM.Collect$$libinit$$00000011
    libinit2.o(.ARM.Collect$$libinit$$00000028) refers to argv_veneer.o(.emb_text) for __ARM_argv_veneer
    libinit2.o(.ARM.Collect$$libinit$$00000029) refers to argv_veneer.o(.emb_text) for __ARM_argv_veneer
    rtexit2.o(.ARM.Collect$$rtexit$$00000003) refers to libshutdown.o(.ARM.Collect$$libshutdown$$00000000) for __rt_lib_shutdown
    rtexit2.o(.ARM.Collect$$rtexit$$00000004) refers to sys_exit.o(.text) for _sys_exit
    rtexit2.o(.ARM.exidx) refers to rtexit2.o(.ARM.Collect$$rtexit$$00000001) for .ARM.Collect$$rtexit$$00000001
    rtexit2.o(.ARM.exidx) refers to rtexit2.o(.ARM.Collect$$rtexit$$00000003) for .ARM.Collect$$rtexit$$00000003
    rtexit2.o(.ARM.exidx) refers to rtexit2.o(.ARM.Collect$$rtexit$$00000004) for .ARM.Collect$$rtexit$$00000004
    argv_veneer.o(.emb_text) refers to no_argv.o(.text) for __ARM_get_argv
    sys_exit.o(.text) refers (Special) to use_no_semi.o(.text) for __I$use$semihosting
    sys_exit.o(.text) refers (Special) to indicate_semi.o(.text) for __semihosting_library_function
    sys_exit_hlt.o(.text) refers (Special) to use_no_semi.o(.text) for __I$use$semihosting
    sys_exit_hlt.o(.text) refers (Special) to indicate_semi.o(.text) for __semihosting_library_function
    _get_argv_nomalloc.o(.text) refers (Special) to hrguard.o(.text) for __heap_region$guard
    _get_argv_nomalloc.o(.text) refers to defsig_rtmem_outer.o(.text) for __rt_SIGRTMEM
    _get_argv_nomalloc.o(.text) refers to sys_command.o(.text) for _sys_command_string
    libshutdown.o(.ARM.Collect$$libshutdown$$00000000) refers (Special) to libshutdown2.o(.ARM.Collect$$libshutdown$$00000002) for __rt_lib_shutdown_cpp_1
    libshutdown.o(.ARM.Collect$$libshutdown$$00000000) refers (Special) to libshutdown2.o(.ARM.Collect$$libshutdown$$00000007) for __rt_lib_shutdown_fp_trap_1
    libshutdown.o(.ARM.Collect$$libshutdown$$00000000) refers (Special) to libshutdown2.o(.ARM.Collect$$libshutdown$$0000000F) for __rt_lib_shutdown_heap_1
    libshutdown.o(.ARM.Collect$$libshutdown$$00000000) refers (Special) to libshutdown2.o(.ARM.Collect$$libshutdown$$00000010) for __rt_lib_shutdown_return
    libshutdown.o(.ARM.Collect$$libshutdown$$00000000) refers (Special) to libshutdown2.o(.ARM.Collect$$libshutdown$$0000000A) for __rt_lib_shutdown_signal_1
    libshutdown.o(.ARM.Collect$$libshutdown$$00000000) refers (Special) to libshutdown2.o(.ARM.Collect$$libshutdown$$00000004) for __rt_lib_shutdown_stdio_1
    libshutdown.o(.ARM.Collect$$libshutdown$$00000000) refers (Special) to libshutdown2.o(.ARM.Collect$$libshutdown$$0000000C) for __rt_lib_shutdown_user_alloc_1
    sys_command.o(.text) refers (Special) to use_no_semi.o(.text) for __I$use$semihosting
    sys_command.o(.text) refers (Special) to indicate_semi.o(.text) for __semihosting_library_function
    sys_command_hlt.o(.text) refers (Special) to use_no_semi.o(.text) for __I$use$semihosting
    sys_command_hlt.o(.text) refers (Special) to indicate_semi.o(.text) for __semihosting_library_function
    defsig_rtmem_outer.o(.text) refers to defsig_rtmem_inner.o(.text) for __rt_SIGRTMEM_inner
    defsig_rtmem_outer.o(.text) refers to defsig_exit.o(.text) for __sig_exit
    defsig_rtmem_formal.o(.text) refers to rt_raise.o(.text) for __rt_raise
    rt_raise.o(.text) refers to __raise.o(.text) for __raise
    rt_raise.o(.text) refers to sys_exit.o(.text) for _sys_exit
    defsig_exit.o(.text) refers to sys_exit.o(.text) for _sys_exit
    defsig_rtmem_inner.o(.text) refers to defsig_general.o(.text) for __default_signal_display
    __raise.o(.text) refers to defsig.o(CL$$defsig) for __default_signal_handler
    defsig_general.o(.text) refers to sys_wrch.o(.text) for _ttywrch
    sys_wrch.o(.text) refers (Special) to use_no_semi.o(.text) for __I$use$semihosting
    sys_wrch.o(.text) refers (Special) to indicate_semi.o(.text) for __semihosting_library_function
    sys_wrch_hlt.o(.text) refers (Special) to use_no_semi.o(.text) for __I$use$semihosting
    sys_wrch_hlt.o(.text) refers (Special) to indicate_semi.o(.text) for __semihosting_library_function
    defsig.o(CL$$defsig) refers to defsig_rtmem_inner.o(.text) for __rt_SIGRTMEM_inner
    defsig_abrt_inner.o(.text) refers to defsig_general.o(.text) for __default_signal_display
    defsig_fpe_inner.o(.text) refers to defsig_general.o(.text) for __default_signal_display
    defsig_rtred_inner.o(.text) refers to defsig_general.o(.text) for __default_signal_display
    defsig_stak_inner.o(.text) refers to defsig_general.o(.text) for __default_signal_display
    defsig_pvfn_inner.o(.text) refers to defsig_general.o(.text) for __default_signal_display
    defsig_cppl_inner.o(.text) refers to defsig_general.o(.text) for __default_signal_display
    defsig_segv_inner.o(.text) refers to defsig_general.o(.text) for __default_signal_display
    defsig_other.o(.text) refers to defsig_general.o(.text) for __default_signal_display


==============================================================================

Removing Unused input sections from the image.

    Removing main.o(.text), (0 bytes).
    Removing main.o(.ARM.exidx.text.Led_Init), (8 bytes).
    Removing main.o(.ARM.exidx.text.CAN_Init), (8 bytes).
    Removing main.o(.ARM.exidx.text.Delay), (8 bytes).
    Removing main.o(.ARM.exidx.text.RCM_Init), (8 bytes).
    Removing main.o(.ARM.exidx.text.main_Init), (8 bytes).
    Removing main.o(.ARM.exidx.text.main), (8 bytes).
    Removing main.o(.ARM.use_no_argv), (4 bytes).
    Removing apm32f4xx_can.o(.text), (0 bytes).
    Removing apm32f4xx_can.o(.text.CAN_Reset), (80 bytes).
    Removing apm32f4xx_can.o(.ARM.exidx.text.CAN_Reset), (8 bytes).
    Removing apm32f4xx_can.o(.ARM.exidx.text.CAN_Config), (8 bytes).
    Removing apm32f4xx_can.o(.ARM.exidx.text.CAN_ConfigFilter), (8 bytes).
    Removing apm32f4xx_can.o(.text.CAN_ConfigStructInit), (56 bytes).
    Removing apm32f4xx_can.o(.ARM.exidx.text.CAN_ConfigStructInit), (8 bytes).
    Removing apm32f4xx_can.o(.text.CAN_SlaveStartBank), (66 bytes).
    Removing apm32f4xx_can.o(.ARM.exidx.text.CAN_SlaveStartBank), (8 bytes).
    Removing apm32f4xx_can.o(.text.CAN_EnableDBGFreeze), (18 bytes).
    Removing apm32f4xx_can.o(.ARM.exidx.text.CAN_EnableDBGFreeze), (8 bytes).
    Removing apm32f4xx_can.o(.ARM.exidx.text.CAN_DisableDBGFreeze), (8 bytes).
    Removing apm32f4xx_can.o(.text.CAN_TxMessage), (320 bytes).
    Removing apm32f4xx_can.o(.ARM.exidx.text.CAN_TxMessage), (8 bytes).
    Removing apm32f4xx_can.o(.text.CAN_TxMessageStatus), (248 bytes).
    Removing apm32f4xx_can.o(.ARM.exidx.text.CAN_TxMessageStatus), (8 bytes).
    Removing apm32f4xx_can.o(.text.CAN_CancelTxMailbox), (78 bytes).
    Removing apm32f4xx_can.o(.ARM.exidx.text.CAN_CancelTxMailbox), (8 bytes).
    Removing apm32f4xx_can.o(.text.CAN_RxMessage), (340 bytes).
    Removing apm32f4xx_can.o(.ARM.exidx.text.CAN_RxMessage), (8 bytes).
    Removing apm32f4xx_can.o(.text.CAN_ReleaseFIFO), (44 bytes).
    Removing apm32f4xx_can.o(.ARM.exidx.text.CAN_ReleaseFIFO), (8 bytes).
    Removing apm32f4xx_can.o(.text.CAN_PendingMessage), (52 bytes).
    Removing apm32f4xx_can.o(.ARM.exidx.text.CAN_PendingMessage), (8 bytes).
    Removing apm32f4xx_can.o(.text.CAN_OperatingMode), (404 bytes).
    Removing apm32f4xx_can.o(.ARM.exidx.text.CAN_OperatingMode), (8 bytes).
    Removing apm32f4xx_can.o(.text.CAN_SleepMode), (70 bytes).
    Removing apm32f4xx_can.o(.ARM.exidx.text.CAN_SleepMode), (8 bytes).
    Removing apm32f4xx_can.o(.text.CAN_WakeUpMode), (102 bytes).
    Removing apm32f4xx_can.o(.ARM.exidx.text.CAN_WakeUpMode), (8 bytes).
    Removing apm32f4xx_can.o(.text.CAN_ReadLastErrorCode), (16 bytes).
    Removing apm32f4xx_can.o(.ARM.exidx.text.CAN_ReadLastErrorCode), (8 bytes).
    Removing apm32f4xx_can.o(.text.CAN_ReadRxErrorCounter), (14 bytes).
    Removing apm32f4xx_can.o(.ARM.exidx.text.CAN_ReadRxErrorCounter), (8 bytes).
    Removing apm32f4xx_can.o(.text.CAN_ReadLSBTxErrorCounter), (16 bytes).
    Removing apm32f4xx_can.o(.ARM.exidx.text.CAN_ReadLSBTxErrorCounter), (8 bytes).
    Removing apm32f4xx_can.o(.text.CAN_EnableInterrupt), (20 bytes).
    Removing apm32f4xx_can.o(.ARM.exidx.text.CAN_EnableInterrupt), (8 bytes).
    Removing apm32f4xx_can.o(.text.CAN_DisableInterrupt), (20 bytes).
    Removing apm32f4xx_can.o(.ARM.exidx.text.CAN_DisableInterrupt), (8 bytes).
    Removing apm32f4xx_can.o(.text.CAN_ReadStatusFlag), (232 bytes).
    Removing apm32f4xx_can.o(.ARM.exidx.text.CAN_ReadStatusFlag), (8 bytes).
    Removing apm32f4xx_can.o(.text.CAN_ClearStatusFlag), (118 bytes).
    Removing apm32f4xx_can.o(.ARM.exidx.text.CAN_ClearStatusFlag), (8 bytes).
    Removing apm32f4xx_can.o(.text.CAN_ReadIntFlag), (412 bytes).
    Removing apm32f4xx_can.o(.ARM.exidx.text.CAN_ReadIntFlag), (8 bytes).
    Removing apm32f4xx_can.o(.text.CAN_ClearIntFlag), (308 bytes).
    Removing apm32f4xx_can.o(.ARM.exidx.text.CAN_ClearIntFlag), (8 bytes).
    Removing apm32f4xx_gpio.o(.text), (0 bytes).
    Removing apm32f4xx_gpio.o(.text.GPIO_Reset), (288 bytes).
    Removing apm32f4xx_gpio.o(.ARM.exidx.text.GPIO_Reset), (8 bytes).
    Removing apm32f4xx_gpio.o(.ARM.exidx.text.GPIO_Config), (8 bytes).
    Removing apm32f4xx_gpio.o(.text.GPIO_ConfigStructInit), (34 bytes).
    Removing apm32f4xx_gpio.o(.ARM.exidx.text.GPIO_ConfigStructInit), (8 bytes).
    Removing apm32f4xx_gpio.o(.text.GPIO_ConfigPinLock), (54 bytes).
    Removing apm32f4xx_gpio.o(.ARM.exidx.text.GPIO_ConfigPinLock), (8 bytes).
    Removing apm32f4xx_gpio.o(.text.GPIO_ReadInputBit), (42 bytes).
    Removing apm32f4xx_gpio.o(.ARM.exidx.text.GPIO_ReadInputBit), (8 bytes).
    Removing apm32f4xx_gpio.o(.text.GPIO_ReadInputPort), (14 bytes).
    Removing apm32f4xx_gpio.o(.ARM.exidx.text.GPIO_ReadInputPort), (8 bytes).
    Removing apm32f4xx_gpio.o(.text.GPIO_ReadOutputBit), (42 bytes).
    Removing apm32f4xx_gpio.o(.ARM.exidx.text.GPIO_ReadOutputBit), (8 bytes).
    Removing apm32f4xx_gpio.o(.text.GPIO_ReadOutputPort), (14 bytes).
    Removing apm32f4xx_gpio.o(.ARM.exidx.text.GPIO_ReadOutputPort), (8 bytes).
    Removing apm32f4xx_gpio.o(.text.GPIO_SetBit), (20 bytes).
    Removing apm32f4xx_gpio.o(.ARM.exidx.text.GPIO_SetBit), (8 bytes).
    Removing apm32f4xx_gpio.o(.text.GPIO_ResetBit), (20 bytes).
    Removing apm32f4xx_gpio.o(.ARM.exidx.text.GPIO_ResetBit), (8 bytes).
    Removing apm32f4xx_gpio.o(.text.GPIO_WriteBitValue), (44 bytes).
    Removing apm32f4xx_gpio.o(.ARM.exidx.text.GPIO_WriteBitValue), (8 bytes).
    Removing apm32f4xx_gpio.o(.text.GPIO_WriteOutputPort), (20 bytes).
    Removing apm32f4xx_gpio.o(.ARM.exidx.text.GPIO_WriteOutputPort), (8 bytes).
    Removing apm32f4xx_gpio.o(.ARM.exidx.text.GPIO_ToggleBit), (8 bytes).
    Removing apm32f4xx_gpio.o(.ARM.exidx.text.GPIO_ConfigPinAF), (8 bytes).
    Removing apm32f4xx_misc.o(.text), (0 bytes).
    Removing apm32f4xx_misc.o(.text.NVIC_ConfigPriorityGroup), (32 bytes).
    Removing apm32f4xx_misc.o(.ARM.exidx.text.NVIC_ConfigPriorityGroup), (8 bytes).
    Removing apm32f4xx_misc.o(.text.NVIC_EnableIRQRequest), (246 bytes).
    Removing apm32f4xx_misc.o(.ARM.exidx.text.NVIC_EnableIRQRequest), (8 bytes).
    Removing apm32f4xx_misc.o(.text.NVIC_DisableIRQRequest), (36 bytes).
    Removing apm32f4xx_misc.o(.ARM.exidx.text.NVIC_DisableIRQRequest), (8 bytes).
    Removing apm32f4xx_misc.o(.text.NVIC_ConfigVectorTable), (36 bytes).
    Removing apm32f4xx_misc.o(.ARM.exidx.text.NVIC_ConfigVectorTable), (8 bytes).
    Removing apm32f4xx_misc.o(.text.NVIC_SetSystemLowPower), (28 bytes).
    Removing apm32f4xx_misc.o(.ARM.exidx.text.NVIC_SetSystemLowPower), (8 bytes).
    Removing apm32f4xx_misc.o(.text.NVIC_ResetystemLowPower), (28 bytes).
    Removing apm32f4xx_misc.o(.ARM.exidx.text.NVIC_ResetystemLowPower), (8 bytes).
    Removing apm32f4xx_misc.o(.text.SysTick_ConfigCLKSource), (56 bytes).
    Removing apm32f4xx_misc.o(.ARM.exidx.text.SysTick_ConfigCLKSource), (8 bytes).
    Removing apm32f4xx_rcm.o(.text), (0 bytes).
    Removing apm32f4xx_rcm.o(.text.RCM_Reset), (98 bytes).
    Removing apm32f4xx_rcm.o(.ARM.exidx.text.RCM_Reset), (8 bytes).
    Removing apm32f4xx_rcm.o(.ARM.exidx.text.RCM_ConfigHSE), (8 bytes).
    Removing apm32f4xx_rcm.o(.ARM.exidx.text.RCM_WaitHSEReady), (8 bytes).
    Removing apm32f4xx_rcm.o(.text.RCM_ConfigHSITrim), (38 bytes).
    Removing apm32f4xx_rcm.o(.ARM.exidx.text.RCM_ConfigHSITrim), (8 bytes).
    Removing apm32f4xx_rcm.o(.text.RCM_EnableHSI), (18 bytes).
    Removing apm32f4xx_rcm.o(.ARM.exidx.text.RCM_EnableHSI), (8 bytes).
    Removing apm32f4xx_rcm.o(.ARM.exidx.text.RCM_DisableHSI), (8 bytes).
    Removing apm32f4xx_rcm.o(.text.RCM_ConfigLSE), (100 bytes).
    Removing apm32f4xx_rcm.o(.ARM.exidx.text.RCM_ConfigLSE), (8 bytes).
    Removing apm32f4xx_rcm.o(.text.RCM_EnableLSI), (18 bytes).
    Removing apm32f4xx_rcm.o(.ARM.exidx.text.RCM_EnableLSI), (8 bytes).
    Removing apm32f4xx_rcm.o(.text.RCM_DisableLSI), (18 bytes).
    Removing apm32f4xx_rcm.o(.ARM.exidx.text.RCM_DisableLSI), (8 bytes).
    Removing apm32f4xx_rcm.o(.ARM.exidx.text.RCM_ConfigPLL1), (8 bytes).
    Removing apm32f4xx_rcm.o(.ARM.exidx.text.RCM_EnablePLL1), (8 bytes).
    Removing apm32f4xx_rcm.o(.text.RCM_DisablePLL1), (18 bytes).
    Removing apm32f4xx_rcm.o(.ARM.exidx.text.RCM_DisablePLL1), (8 bytes).
    Removing apm32f4xx_rcm.o(.text.RCM_ConfigPLL2), (56 bytes).
    Removing apm32f4xx_rcm.o(.ARM.exidx.text.RCM_ConfigPLL2), (8 bytes).
    Removing apm32f4xx_rcm.o(.text.RCM_EnablePLL2), (18 bytes).
    Removing apm32f4xx_rcm.o(.ARM.exidx.text.RCM_EnablePLL2), (8 bytes).
    Removing apm32f4xx_rcm.o(.text.RCM_DisablePLL2), (18 bytes).
    Removing apm32f4xx_rcm.o(.ARM.exidx.text.RCM_DisablePLL2), (8 bytes).
    Removing apm32f4xx_rcm.o(.text.RCM_EnableCSS), (18 bytes).
    Removing apm32f4xx_rcm.o(.ARM.exidx.text.RCM_EnableCSS), (8 bytes).
    Removing apm32f4xx_rcm.o(.text.RCM_DisableCSS), (18 bytes).
    Removing apm32f4xx_rcm.o(.ARM.exidx.text.RCM_DisableCSS), (8 bytes).
    Removing apm32f4xx_rcm.o(.text.RCM_ConfigMCO1), (62 bytes).
    Removing apm32f4xx_rcm.o(.ARM.exidx.text.RCM_ConfigMCO1), (8 bytes).
    Removing apm32f4xx_rcm.o(.text.RCM_ConfigMCO2), (58 bytes).
    Removing apm32f4xx_rcm.o(.ARM.exidx.text.RCM_ConfigMCO2), (8 bytes).
    Removing apm32f4xx_rcm.o(.ARM.exidx.text.RCM_ConfigSYSCLK), (8 bytes).
    Removing apm32f4xx_rcm.o(.text.RCM_ReadSYSCLKSource), (16 bytes).
    Removing apm32f4xx_rcm.o(.ARM.exidx.text.RCM_ReadSYSCLKSource), (8 bytes).
    Removing apm32f4xx_rcm.o(.ARM.exidx.text.RCM_ConfigAHB), (8 bytes).
    Removing apm32f4xx_rcm.o(.ARM.exidx.text.RCM_ConfigAPB1), (8 bytes).
    Removing apm32f4xx_rcm.o(.ARM.exidx.text.RCM_ConfigAPB2), (8 bytes).
    Removing apm32f4xx_rcm.o(.text.RCM_ConfigSDRAM), (38 bytes).
    Removing apm32f4xx_rcm.o(.ARM.exidx.text.RCM_ConfigSDRAM), (8 bytes).
    Removing apm32f4xx_rcm.o(.text.RCM_ReadSYSCLKFreq), (214 bytes).
    Removing apm32f4xx_rcm.o(.ARM.exidx.text.RCM_ReadSYSCLKFreq), (8 bytes).
    Removing apm32f4xx_rcm.o(.text.RCM_ReadHCLKFreq), (70 bytes).
    Removing apm32f4xx_rcm.o(.ARM.exidx.text.RCM_ReadHCLKFreq), (8 bytes).
    Removing apm32f4xx_rcm.o(.text.RCM_ReadPCLKFreq), (108 bytes).
    Removing apm32f4xx_rcm.o(.ARM.exidx.text.RCM_ReadPCLKFreq), (8 bytes).
    Removing apm32f4xx_rcm.o(.text.RCM_ConfigRTCCLK), (98 bytes).
    Removing apm32f4xx_rcm.o(.ARM.exidx.text.RCM_ConfigRTCCLK), (8 bytes).
    Removing apm32f4xx_rcm.o(.text.RCM_EnableRTCCLK), (18 bytes).
    Removing apm32f4xx_rcm.o(.ARM.exidx.text.RCM_EnableRTCCLK), (8 bytes).
    Removing apm32f4xx_rcm.o(.text.RCM_DisableRTCCLK), (18 bytes).
    Removing apm32f4xx_rcm.o(.ARM.exidx.text.RCM_DisableRTCCLK), (8 bytes).
    Removing apm32f4xx_rcm.o(.text.RCM_EnableBackupReset), (18 bytes).
    Removing apm32f4xx_rcm.o(.ARM.exidx.text.RCM_EnableBackupReset), (8 bytes).
    Removing apm32f4xx_rcm.o(.text.RCM_DisableBackupReset), (18 bytes).
    Removing apm32f4xx_rcm.o(.ARM.exidx.text.RCM_DisableBackupReset), (8 bytes).
    Removing apm32f4xx_rcm.o(.text.RCM_ConfigI2SCLK), (38 bytes).
    Removing apm32f4xx_rcm.o(.ARM.exidx.text.RCM_ConfigI2SCLK), (8 bytes).
    Removing apm32f4xx_rcm.o(.ARM.exidx.text.RCM_EnableAHB1PeriphClock), (8 bytes).
    Removing apm32f4xx_rcm.o(.text.RCM_DisableAHB1PeriphClock), (24 bytes).
    Removing apm32f4xx_rcm.o(.ARM.exidx.text.RCM_DisableAHB1PeriphClock), (8 bytes).
    Removing apm32f4xx_rcm.o(.text.RCM_EnableAHB2PeriphClock), (24 bytes).
    Removing apm32f4xx_rcm.o(.ARM.exidx.text.RCM_EnableAHB2PeriphClock), (8 bytes).
    Removing apm32f4xx_rcm.o(.text.RCM_DisableAHB2PeriphClock), (24 bytes).
    Removing apm32f4xx_rcm.o(.ARM.exidx.text.RCM_DisableAHB2PeriphClock), (8 bytes).
    Removing apm32f4xx_rcm.o(.ARM.exidx.text.RCM_EnableAPB1PeriphClock), (8 bytes).
    Removing apm32f4xx_rcm.o(.text.RCM_DisableAPB1PeriphClock), (24 bytes).
    Removing apm32f4xx_rcm.o(.ARM.exidx.text.RCM_DisableAPB1PeriphClock), (8 bytes).
    Removing apm32f4xx_rcm.o(.ARM.exidx.text.RCM_EnableAPB2PeriphClock), (8 bytes).
    Removing apm32f4xx_rcm.o(.text.RCM_DisableAPB2PeriphClock), (24 bytes).
    Removing apm32f4xx_rcm.o(.ARM.exidx.text.RCM_DisableAPB2PeriphClock), (8 bytes).
    Removing apm32f4xx_rcm.o(.text.RCM_EnableAHB1PeriphReset), (24 bytes).
    Removing apm32f4xx_rcm.o(.ARM.exidx.text.RCM_EnableAHB1PeriphReset), (8 bytes).
    Removing apm32f4xx_rcm.o(.text.RCM_DisableAHB1PeriphReset), (24 bytes).
    Removing apm32f4xx_rcm.o(.ARM.exidx.text.RCM_DisableAHB1PeriphReset), (8 bytes).
    Removing apm32f4xx_rcm.o(.text.RCM_EnableAHB2PeriphReset), (24 bytes).
    Removing apm32f4xx_rcm.o(.ARM.exidx.text.RCM_EnableAHB2PeriphReset), (8 bytes).
    Removing apm32f4xx_rcm.o(.text.RCM_DisableAHB2PeriphReset), (24 bytes).
    Removing apm32f4xx_rcm.o(.ARM.exidx.text.RCM_DisableAHB2PeriphReset), (8 bytes).
    Removing apm32f4xx_rcm.o(.text.RCM_EnableAPB1PeriphReset), (24 bytes).
    Removing apm32f4xx_rcm.o(.ARM.exidx.text.RCM_EnableAPB1PeriphReset), (8 bytes).
    Removing apm32f4xx_rcm.o(.text.RCM_DisableAPB1PeriphReset), (24 bytes).
    Removing apm32f4xx_rcm.o(.ARM.exidx.text.RCM_DisableAPB1PeriphReset), (8 bytes).
    Removing apm32f4xx_rcm.o(.text.RCM_EnableAPB2PeriphReset), (24 bytes).
    Removing apm32f4xx_rcm.o(.ARM.exidx.text.RCM_EnableAPB2PeriphReset), (8 bytes).
    Removing apm32f4xx_rcm.o(.text.RCM_DisableAPB2PeriphReset), (24 bytes).
    Removing apm32f4xx_rcm.o(.ARM.exidx.text.RCM_DisableAPB2PeriphReset), (8 bytes).
    Removing apm32f4xx_rcm.o(.text.RCM_EnableAHB1PeriphClockLPMode), (24 bytes).
    Removing apm32f4xx_rcm.o(.ARM.exidx.text.RCM_EnableAHB1PeriphClockLPMode), (8 bytes).
    Removing apm32f4xx_rcm.o(.text.RCM_DisableAHB1PeriphClockLPMode), (24 bytes).
    Removing apm32f4xx_rcm.o(.ARM.exidx.text.RCM_DisableAHB1PeriphClockLPMode), (8 bytes).
    Removing apm32f4xx_rcm.o(.text.RCM_EnableAHB2PeriphClockLPMode), (24 bytes).
    Removing apm32f4xx_rcm.o(.ARM.exidx.text.RCM_EnableAHB2PeriphClockLPMode), (8 bytes).
    Removing apm32f4xx_rcm.o(.text.RCM_DisableAHB2PeriphClockLPMode), (24 bytes).
    Removing apm32f4xx_rcm.o(.ARM.exidx.text.RCM_DisableAHB2PeriphClockLPMode), (8 bytes).
    Removing apm32f4xx_rcm.o(.text.RCM_EnableAPB1PeriphClockLPMode), (24 bytes).
    Removing apm32f4xx_rcm.o(.ARM.exidx.text.RCM_EnableAPB1PeriphClockLPMode), (8 bytes).
    Removing apm32f4xx_rcm.o(.text.RCM_DisableAPB1PeriphClockLPMode), (24 bytes).
    Removing apm32f4xx_rcm.o(.ARM.exidx.text.RCM_DisableAPB1PeriphClockLPMode), (8 bytes).
    Removing apm32f4xx_rcm.o(.text.RCM_EnableAPB2PeriphClockLPMode), (24 bytes).
    Removing apm32f4xx_rcm.o(.ARM.exidx.text.RCM_EnableAPB2PeriphClockLPMode), (8 bytes).
    Removing apm32f4xx_rcm.o(.text.RCM_DisableAPB2PeriphClockLPMode), (24 bytes).
    Removing apm32f4xx_rcm.o(.ARM.exidx.text.RCM_DisableAPB2PeriphClockLPMode), (8 bytes).
    Removing apm32f4xx_rcm.o(.text.RCM_EnableInterrupt), (30 bytes).
    Removing apm32f4xx_rcm.o(.ARM.exidx.text.RCM_EnableInterrupt), (8 bytes).
    Removing apm32f4xx_rcm.o(.text.RCM_DisableInterrupt), (30 bytes).
    Removing apm32f4xx_rcm.o(.ARM.exidx.text.RCM_DisableInterrupt), (8 bytes).
    Removing apm32f4xx_rcm.o(.text.RCM_ReadStatusFlag), (124 bytes).
    Removing apm32f4xx_rcm.o(.ARM.exidx.text.RCM_ReadStatusFlag), (8 bytes).
    Removing apm32f4xx_rcm.o(.text.RCM_ClearStatusFlag), (18 bytes).
    Removing apm32f4xx_rcm.o(.ARM.exidx.text.RCM_ClearStatusFlag), (8 bytes).
    Removing apm32f4xx_rcm.o(.text.RCM_ReadIntFlag), (32 bytes).
    Removing apm32f4xx_rcm.o(.ARM.exidx.text.RCM_ReadIntFlag), (8 bytes).
    Removing apm32f4xx_rcm.o(.text.RCM_ClearIntFlag), (30 bytes).
    Removing apm32f4xx_rcm.o(.ARM.exidx.text.RCM_ClearIntFlag), (8 bytes).
    Removing apm32f4xx_rcm.o(.rodata.cst16), (16 bytes).
    Removing apm32f4xx_rcm.o(.rodata.cst8), (8 bytes).
    Removing system_apm32f4xx.o(.text), (0 bytes).
    Removing system_apm32f4xx.o(.ARM.exidx.text.SystemInit), (8 bytes).
    Removing system_apm32f4xx.o(.ARM.exidx.text.SystemClockConfig), (8 bytes).
    Removing system_apm32f4xx.o(.ARM.exidx.text.SystemCoreClockUpdate), (8 bytes).
    Removing apm32f4xx_fmc.o(.text), (0 bytes).
    Removing apm32f4xx_fmc.o(.text.FMC_ConfigLatency), (24 bytes).
    Removing apm32f4xx_fmc.o(.ARM.exidx.text.FMC_ConfigLatency), (8 bytes).
    Removing apm32f4xx_fmc.o(.text.FMC_EnablePrefetchBuffer), (18 bytes).
    Removing apm32f4xx_fmc.o(.ARM.exidx.text.FMC_EnablePrefetchBuffer), (8 bytes).
    Removing apm32f4xx_fmc.o(.text.FMC_DisablePrefetchBuffer), (18 bytes).
    Removing apm32f4xx_fmc.o(.ARM.exidx.text.FMC_DisablePrefetchBuffer), (8 bytes).
    Removing apm32f4xx_fmc.o(.text.FMC_EnableInstructionCache), (18 bytes).
    Removing apm32f4xx_fmc.o(.ARM.exidx.text.FMC_EnableInstructionCache), (8 bytes).
    Removing apm32f4xx_fmc.o(.text.FMC_DisableInstructionCache), (18 bytes).
    Removing apm32f4xx_fmc.o(.ARM.exidx.text.FMC_DisableInstructionCache), (8 bytes).
    Removing apm32f4xx_fmc.o(.text.FMC_EnableDataCache), (18 bytes).
    Removing apm32f4xx_fmc.o(.ARM.exidx.text.FMC_EnableDataCache), (8 bytes).
    Removing apm32f4xx_fmc.o(.text.FMC_DisableDataCache), (18 bytes).
    Removing apm32f4xx_fmc.o(.ARM.exidx.text.FMC_DisableDataCache), (8 bytes).
    Removing apm32f4xx_fmc.o(.text.FMC_ResetInstructionCache), (18 bytes).
    Removing apm32f4xx_fmc.o(.ARM.exidx.text.FMC_ResetInstructionCache), (8 bytes).
    Removing apm32f4xx_fmc.o(.text.FMC_ResetDataCache), (18 bytes).
    Removing apm32f4xx_fmc.o(.ARM.exidx.text.FMC_ResetDataCache), (8 bytes).
    Removing apm32f4xx_fmc.o(.text.FMC_Unlock), (48 bytes).
    Removing apm32f4xx_fmc.o(.ARM.exidx.text.FMC_Unlock), (8 bytes).
    Removing apm32f4xx_fmc.o(.text.FMC_Lock), (18 bytes).
    Removing apm32f4xx_fmc.o(.ARM.exidx.text.FMC_Lock), (8 bytes).
    Removing apm32f4xx_fmc.o(.text.FMC_EraseSector), (206 bytes).
    Removing apm32f4xx_fmc.o(.ARM.exidx.text.FMC_EraseSector), (8 bytes).
    Removing apm32f4xx_fmc.o(.text.FMC_WaitForLastOperation), (48 bytes).
    Removing apm32f4xx_fmc.o(.ARM.exidx.text.FMC_WaitForLastOperation), (8 bytes).
    Removing apm32f4xx_fmc.o(.text.FMC_EraseAllSectors), (180 bytes).
    Removing apm32f4xx_fmc.o(.ARM.exidx.text.FMC_EraseAllSectors), (8 bytes).
    Removing apm32f4xx_fmc.o(.text.FMC_ProgramDoubleWord), (106 bytes).
    Removing apm32f4xx_fmc.o(.ARM.exidx.text.FMC_ProgramDoubleWord), (8 bytes).
    Removing apm32f4xx_fmc.o(.text.FMC_ProgramWord), (100 bytes).
    Removing apm32f4xx_fmc.o(.ARM.exidx.text.FMC_ProgramWord), (8 bytes).
    Removing apm32f4xx_fmc.o(.text.FMC_ProgramHalfWord), (104 bytes).
    Removing apm32f4xx_fmc.o(.ARM.exidx.text.FMC_ProgramHalfWord), (8 bytes).
    Removing apm32f4xx_fmc.o(.text.FMC_ProgramByte), (100 bytes).
    Removing apm32f4xx_fmc.o(.ARM.exidx.text.FMC_ProgramByte), (8 bytes).
    Removing apm32f4xx_fmc.o(.text.FMC_UnlockOptionByte), (48 bytes).
    Removing apm32f4xx_fmc.o(.ARM.exidx.text.FMC_UnlockOptionByte), (8 bytes).
    Removing apm32f4xx_fmc.o(.text.FMC_LockOptionByte), (18 bytes).
    Removing apm32f4xx_fmc.o(.ARM.exidx.text.FMC_LockOptionByte), (8 bytes).
    Removing apm32f4xx_fmc.o(.text.FMC_OPT_EnableWriteProtect), (56 bytes).
    Removing apm32f4xx_fmc.o(.ARM.exidx.text.FMC_OPT_EnableWriteProtect), (8 bytes).
    Removing apm32f4xx_fmc.o(.text.FMC_OPT_DisableWriteProtect), (56 bytes).
    Removing apm32f4xx_fmc.o(.ARM.exidx.text.FMC_OPT_DisableWriteProtect), (8 bytes).
    Removing apm32f4xx_fmc.o(.text.FMC_OPT_ConfigReadProtect), (52 bytes).
    Removing apm32f4xx_fmc.o(.ARM.exidx.text.FMC_OPT_ConfigReadProtect), (8 bytes).
    Removing apm32f4xx_fmc.o(.text.FMC_OPT_ConfigUser), (94 bytes).
    Removing apm32f4xx_fmc.o(.ARM.exidx.text.FMC_OPT_ConfigUser), (8 bytes).
    Removing apm32f4xx_fmc.o(.text.FMC_OPT_ConfigBrownoutReset), (36 bytes).
    Removing apm32f4xx_fmc.o(.ARM.exidx.text.FMC_OPT_ConfigBrownoutReset), (8 bytes).
    Removing apm32f4xx_fmc.o(.text.FMC_OPT_Launch), (42 bytes).
    Removing apm32f4xx_fmc.o(.ARM.exidx.text.FMC_OPT_Launch), (8 bytes).
    Removing apm32f4xx_fmc.o(.text.FMC_OPT_ReadUser), (16 bytes).
    Removing apm32f4xx_fmc.o(.ARM.exidx.text.FMC_OPT_ReadUser), (8 bytes).
    Removing apm32f4xx_fmc.o(.text.FMC_OPT_ReadWriteProtect), (12 bytes).
    Removing apm32f4xx_fmc.o(.ARM.exidx.text.FMC_OPT_ReadWriteProtect), (8 bytes).
    Removing apm32f4xx_fmc.o(.text.FMC_OPT_ReadProtectLevel), (40 bytes).
    Removing apm32f4xx_fmc.o(.ARM.exidx.text.FMC_OPT_ReadProtectLevel), (8 bytes).
    Removing apm32f4xx_fmc.o(.text.FMC_OPT_ReadBrownoutReset), (16 bytes).
    Removing apm32f4xx_fmc.o(.ARM.exidx.text.FMC_OPT_ReadBrownoutReset), (8 bytes).
    Removing apm32f4xx_fmc.o(.text.FMC_EnableInterrupt), (54 bytes).
    Removing apm32f4xx_fmc.o(.ARM.exidx.text.FMC_EnableInterrupt), (8 bytes).
    Removing apm32f4xx_fmc.o(.text.FMC_DisableInterrupt), (54 bytes).
    Removing apm32f4xx_fmc.o(.ARM.exidx.text.FMC_DisableInterrupt), (8 bytes).
    Removing apm32f4xx_fmc.o(.text.FMC_ReadStatusFlag), (44 bytes).
    Removing apm32f4xx_fmc.o(.ARM.exidx.text.FMC_ReadStatusFlag), (8 bytes).
    Removing apm32f4xx_fmc.o(.text.FMC_ClearStatusFlag), (20 bytes).
    Removing apm32f4xx_fmc.o(.ARM.exidx.text.FMC_ClearStatusFlag), (8 bytes).
    Removing apm32f4xx_fmc.o(.text.FMC_ReadStatus), (134 bytes).
    Removing apm32f4xx_fmc.o(.ARM.exidx.text.FMC_ReadStatus), (8 bytes).

291 unused section(s) (total 9196 bytes) removed from the image.

==============================================================================

Image Symbol Table

    Local Symbols

    Symbol Name                              Value     Ov Type        Size  Object(Section)

    ../clib/angel/boardlib.s                 0x00000000   Number         0  boardinit1.o ABSOLUTE
    ../clib/angel/boardlib.s                 0x00000000   Number         0  boardinit2.o ABSOLUTE
    ../clib/angel/boardlib.s                 0x00000000   Number         0  boardinit3.o ABSOLUTE
    ../clib/angel/boardlib.s                 0x00000000   Number         0  boardshut.o ABSOLUTE
    ../clib/angel/handlers.s                 0x00000000   Number         0  __scatter_copy.o ABSOLUTE
    ../clib/angel/handlers.s                 0x00000000   Number         0  __scatter_zi.o ABSOLUTE
    ../clib/angel/kernel.s                   0x00000000   Number         0  __rtentry.o ABSOLUTE
    ../clib/angel/kernel.s                   0x00000000   Number         0  __rtentry2.o ABSOLUTE
    ../clib/angel/kernel.s                   0x00000000   Number         0  __rtentry4.o ABSOLUTE
    ../clib/angel/kernel.s                   0x00000000   Number         0  rtexit.o ABSOLUTE
    ../clib/angel/kernel.s                   0x00000000   Number         0  rtexit2.o ABSOLUTE
    ../clib/angel/rt.s                       0x00000000   Number         0  rt_raise.o ABSOLUTE
    ../clib/angel/scatter.s                  0x00000000   Number         0  __scatter.o ABSOLUTE
    ../clib/angel/startup.s                  0x00000000   Number         0  __main.o ABSOLUTE
    ../clib/angel/sys.s                      0x00000000   Number         0  sys_stackheap_outer.o ABSOLUTE
    ../clib/angel/sys.s                      0x00000000   Number         0  libspace.o ABSOLUTE
    ../clib/angel/sys.s                      0x00000000   Number         0  use_no_semi.o ABSOLUTE
    ../clib/angel/sys.s                      0x00000000   Number         0  indicate_semi.o ABSOLUTE
    ../clib/angel/sysapp.c                   0x00000000   Number         0  sys_exit.o ABSOLUTE
    ../clib/angel/sysapp.c                   0x00000000   Number         0  sys_exit_hlt.o ABSOLUTE
    ../clib/angel/sysapp.c                   0x00000000   Number         0  sys_command.o ABSOLUTE
    ../clib/angel/sysapp.c                   0x00000000   Number         0  sys_command_hlt.o ABSOLUTE
    ../clib/angel/sysapp.c                   0x00000000   Number         0  sys_wrch.o ABSOLUTE
    ../clib/angel/sysapp.c                   0x00000000   Number         0  sys_wrch_hlt.o ABSOLUTE
    ../clib/armsys.c                         0x00000000   Number         0  argv_veneer.o ABSOLUTE
    ../clib/armsys.c                         0x00000000   Number         0  argv_veneer.o ABSOLUTE
    ../clib/armsys.c                         0x00000000   Number         0  _get_argv_nomalloc.o ABSOLUTE
    ../clib/armsys.c                         0x00000000   Number         0  no_argv.o ABSOLUTE
    ../clib/heapalloc.c                      0x00000000   Number         0  hrguard.o ABSOLUTE
    ../clib/heapaux.c                        0x00000000   Number         0  heapauxi.o ABSOLUTE
    ../clib/libinit.s                        0x00000000   Number         0  libinit.o ABSOLUTE
    ../clib/libinit.s                        0x00000000   Number         0  libinit2.o ABSOLUTE
    ../clib/libinit.s                        0x00000000   Number         0  libshutdown.o ABSOLUTE
    ../clib/libinit.s                        0x00000000   Number         0  libshutdown2.o ABSOLUTE
    ../clib/signal.c                         0x00000000   Number         0  defsig_rtmem_outer.o ABSOLUTE
    ../clib/signal.c                         0x00000000   Number         0  defsig_rtmem_formal.o ABSOLUTE
    ../clib/signal.c                         0x00000000   Number         0  defsig_exit.o ABSOLUTE
    ../clib/signal.c                         0x00000000   Number         0  defsig_rtmem_inner.o ABSOLUTE
    ../clib/signal.c                         0x00000000   Number         0  __raise.o ABSOLUTE
    ../clib/signal.c                         0x00000000   Number         0  defsig_general.o ABSOLUTE
    ../clib/signal.c                         0x00000000   Number         0  defsig_abrt_inner.o ABSOLUTE
    ../clib/signal.c                         0x00000000   Number         0  defsig_fpe_inner.o ABSOLUTE
    ../clib/signal.c                         0x00000000   Number         0  defsig_rtred_inner.o ABSOLUTE
    ../clib/signal.c                         0x00000000   Number         0  defsig_stak_inner.o ABSOLUTE
    ../clib/signal.c                         0x00000000   Number         0  defsig_pvfn_inner.o ABSOLUTE
    ../clib/signal.c                         0x00000000   Number         0  defsig_cppl_inner.o ABSOLUTE
    ../clib/signal.c                         0x00000000   Number         0  defsig_segv_inner.o ABSOLUTE
    ../clib/signal.c                         0x00000000   Number         0  defsig_other.o ABSOLUTE
    ../clib/signal.s                         0x00000000   Number         0  defsig.o ABSOLUTE
    ../clib/stdlib.c                         0x00000000   Number         0  exit.o ABSOLUTE
    ../fplib/fpinit.s                        0x00000000   Number         0  fpinit.o ABSOLUTE
    RTE/Device/APM32F407VG/startup_apm32f40x.s 0x00000000   Number         0  startup_apm32f40x.o ABSOLUTE
    apm32f4xx_can.c                          0x00000000   Number         0  apm32f4xx_can.o ABSOLUTE
    apm32f4xx_fmc.c                          0x00000000   Number         0  apm32f4xx_fmc.o ABSOLUTE
    apm32f4xx_gpio.c                         0x00000000   Number         0  apm32f4xx_gpio.o ABSOLUTE
    apm32f4xx_misc.c                         0x00000000   Number         0  apm32f4xx_misc.o ABSOLUTE
    apm32f4xx_rcm.c                          0x00000000   Number         0  apm32f4xx_rcm.o ABSOLUTE
    dc.s                                     0x00000000   Number         0  dc.o ABSOLUTE
    main.c                                   0x00000000   Number         0  main.o ABSOLUTE
    system_apm32f4xx.c                       0x00000000   Number         0  system_apm32f4xx.o ABSOLUTE
    RESET                                    0x08000000   Section      404  startup_apm32f40x.o(RESET)
    !!!main                                  0x08000194   Section        8  __main.o(!!!main)
    !!!scatter                               0x0800019c   Section       52  __scatter.o(!!!scatter)
    !!handler_copy                           0x080001d0   Section       26  __scatter_copy.o(!!handler_copy)
    !!handler_zi                             0x080001ec   Section       28  __scatter_zi.o(!!handler_zi)
    .ARM.Collect$$libinit$$00000000          0x08000208   Section        2  libinit.o(.ARM.Collect$$libinit$$00000000)
    .ARM.Collect$$libinit$$00000001          0x0800020a   Section        4  libinit2.o(.ARM.Collect$$libinit$$00000001)
    .ARM.Collect$$libinit$$00000004          0x0800020e   Section        0  libinit2.o(.ARM.Collect$$libinit$$00000004)
    .ARM.Collect$$libinit$$00000006          0x0800020e   Section        0  libinit2.o(.ARM.Collect$$libinit$$00000006)
    .ARM.Collect$$libinit$$0000000C          0x0800020e   Section        0  libinit2.o(.ARM.Collect$$libinit$$0000000C)
    .ARM.Collect$$libinit$$0000000E          0x0800020e   Section        0  libinit2.o(.ARM.Collect$$libinit$$0000000E)
    .ARM.Collect$$libinit$$00000010          0x0800020e   Section        0  libinit2.o(.ARM.Collect$$libinit$$00000010)
    .ARM.Collect$$libinit$$00000013          0x0800020e   Section        0  libinit2.o(.ARM.Collect$$libinit$$00000013)
    .ARM.Collect$$libinit$$00000015          0x0800020e   Section        0  libinit2.o(.ARM.Collect$$libinit$$00000015)
    .ARM.Collect$$libinit$$00000017          0x0800020e   Section        0  libinit2.o(.ARM.Collect$$libinit$$00000017)
    .ARM.Collect$$libinit$$00000019          0x0800020e   Section        0  libinit2.o(.ARM.Collect$$libinit$$00000019)
    .ARM.Collect$$libinit$$0000001B          0x0800020e   Section        0  libinit2.o(.ARM.Collect$$libinit$$0000001B)
    .ARM.Collect$$libinit$$0000001D          0x0800020e   Section        0  libinit2.o(.ARM.Collect$$libinit$$0000001D)
    .ARM.Collect$$libinit$$0000001F          0x0800020e   Section        0  libinit2.o(.ARM.Collect$$libinit$$0000001F)
    .ARM.Collect$$libinit$$00000021          0x0800020e   Section        0  libinit2.o(.ARM.Collect$$libinit$$00000021)
    .ARM.Collect$$libinit$$00000023          0x0800020e   Section        0  libinit2.o(.ARM.Collect$$libinit$$00000023)
    .ARM.Collect$$libinit$$00000025          0x0800020e   Section        0  libinit2.o(.ARM.Collect$$libinit$$00000025)
    .ARM.Collect$$libinit$$00000027          0x0800020e   Section        0  libinit2.o(.ARM.Collect$$libinit$$00000027)
    .ARM.Collect$$libinit$$0000002E          0x0800020e   Section        0  libinit2.o(.ARM.Collect$$libinit$$0000002E)
    .ARM.Collect$$libinit$$00000030          0x0800020e   Section        0  libinit2.o(.ARM.Collect$$libinit$$00000030)
    .ARM.Collect$$libinit$$00000032          0x0800020e   Section        0  libinit2.o(.ARM.Collect$$libinit$$00000032)
    .ARM.Collect$$libinit$$00000034          0x0800020e   Section        0  libinit2.o(.ARM.Collect$$libinit$$00000034)
    .ARM.Collect$$libinit$$00000035          0x0800020e   Section        2  libinit2.o(.ARM.Collect$$libinit$$00000035)
    .ARM.Collect$$libshutdown$$00000000      0x08000210   Section        2  libshutdown.o(.ARM.Collect$$libshutdown$$00000000)
    .ARM.Collect$$libshutdown$$00000002      0x08000212   Section        0  libshutdown2.o(.ARM.Collect$$libshutdown$$00000002)
    .ARM.Collect$$libshutdown$$00000004      0x08000212   Section        0  libshutdown2.o(.ARM.Collect$$libshutdown$$00000004)
    .ARM.Collect$$libshutdown$$00000007      0x08000212   Section        0  libshutdown2.o(.ARM.Collect$$libshutdown$$00000007)
    .ARM.Collect$$libshutdown$$0000000A      0x08000212   Section        0  libshutdown2.o(.ARM.Collect$$libshutdown$$0000000A)
    .ARM.Collect$$libshutdown$$0000000C      0x08000212   Section        0  libshutdown2.o(.ARM.Collect$$libshutdown$$0000000C)
    .ARM.Collect$$libshutdown$$0000000F      0x08000212   Section        0  libshutdown2.o(.ARM.Collect$$libshutdown$$0000000F)
    .ARM.Collect$$libshutdown$$00000010      0x08000212   Section        2  libshutdown2.o(.ARM.Collect$$libshutdown$$00000010)
    .ARM.Collect$$rtentry$$00000000          0x08000214   Section        0  __rtentry.o(.ARM.Collect$$rtentry$$00000000)
    .ARM.Collect$$rtentry$$00000002          0x08000214   Section        0  __rtentry2.o(.ARM.Collect$$rtentry$$00000002)
    .ARM.Collect$$rtentry$$00000004          0x08000214   Section        6  __rtentry4.o(.ARM.Collect$$rtentry$$00000004)
    .ARM.Collect$$rtentry$$00000009          0x0800021a   Section        0  __rtentry2.o(.ARM.Collect$$rtentry$$00000009)
    .ARM.Collect$$rtentry$$0000000A          0x0800021a   Section        4  __rtentry2.o(.ARM.Collect$$rtentry$$0000000A)
    .ARM.Collect$$rtentry$$0000000C          0x0800021e   Section        0  __rtentry2.o(.ARM.Collect$$rtentry$$0000000C)
    .ARM.Collect$$rtentry$$0000000D          0x0800021e   Section        8  __rtentry2.o(.ARM.Collect$$rtentry$$0000000D)
    .ARM.Collect$$rtexit$$00000000           0x08000226   Section        2  rtexit.o(.ARM.Collect$$rtexit$$00000000)
    .ARM.Collect$$rtexit$$00000002           0x08000228   Section        0  rtexit2.o(.ARM.Collect$$rtexit$$00000002)
    .ARM.Collect$$rtexit$$00000003           0x08000228   Section        4  rtexit2.o(.ARM.Collect$$rtexit$$00000003)
    .ARM.Collect$$rtexit$$00000004           0x0800022c   Section        6  rtexit2.o(.ARM.Collect$$rtexit$$00000004)
    $v0                                      0x08000234   Number         0  startup_apm32f40x.o(.text)
    .text                                    0x08000234   Section       64  startup_apm32f40x.o(.text)
    .text                                    0x08000274   Section        0  heapauxi.o(.text)
    .text                                    0x0800027a   Section       74  sys_stackheap_outer.o(.text)
    .text                                    0x080002c4   Section        0  exit.o(.text)
    .text                                    0x080002d8   Section        8  libspace.o(.text)
    .text                                    0x080002e0   Section        0  sys_exit.o(.text)
    .text                                    0x080002ec   Section        2  use_no_semi.o(.text)
    .text                                    0x080002ee   Section        0  indicate_semi.o(.text)
    [Anonymous Symbol]                       0x080002f0   Section        0  apm32f4xx_can.o(.text.CAN_Config)
    [Anonymous Symbol]                       0x080004cc   Section        0  apm32f4xx_can.o(.text.CAN_ConfigFilter)
    [Anonymous Symbol]                       0x08000640   Section        0  apm32f4xx_can.o(.text.CAN_DisableDBGFreeze)
    [Anonymous Symbol]                       0x08000654   Section        0  main.o(.text.CAN_Init)
    [Anonymous Symbol]                       0x08000764   Section        0  main.o(.text.Delay)
    [Anonymous Symbol]                       0x0800077c   Section        0  apm32f4xx_gpio.o(.text.GPIO_Config)
    [Anonymous Symbol]                       0x08000874   Section        0  apm32f4xx_gpio.o(.text.GPIO_ConfigPinAF)
    [Anonymous Symbol]                       0x08000910   Section        0  apm32f4xx_gpio.o(.text.GPIO_ToggleBit)
    [Anonymous Symbol]                       0x08000928   Section        0  main.o(.text.Led_Init)
    [Anonymous Symbol]                       0x0800096c   Section        0  apm32f4xx_rcm.o(.text.RCM_ConfigAHB)
    [Anonymous Symbol]                       0x08000994   Section        0  apm32f4xx_rcm.o(.text.RCM_ConfigAPB1)
    [Anonymous Symbol]                       0x080009bc   Section        0  apm32f4xx_rcm.o(.text.RCM_ConfigAPB2)
    [Anonymous Symbol]                       0x080009e4   Section        0  apm32f4xx_rcm.o(.text.RCM_ConfigHSE)
    [Anonymous Symbol]                       0x08000a48   Section        0  apm32f4xx_rcm.o(.text.RCM_ConfigPLL1)
    [Anonymous Symbol]                       0x08000abc   Section        0  apm32f4xx_rcm.o(.text.RCM_ConfigSYSCLK)
    [Anonymous Symbol]                       0x08000adc   Section        0  apm32f4xx_rcm.o(.text.RCM_DisableHSI)
    [Anonymous Symbol]                       0x08000af0   Section        0  apm32f4xx_rcm.o(.text.RCM_EnableAHB1PeriphClock)
    [Anonymous Symbol]                       0x08000b08   Section        0  apm32f4xx_rcm.o(.text.RCM_EnableAPB1PeriphClock)
    [Anonymous Symbol]                       0x08000b20   Section        0  apm32f4xx_rcm.o(.text.RCM_EnableAPB2PeriphClock)
    [Anonymous Symbol]                       0x08000b38   Section        0  apm32f4xx_rcm.o(.text.RCM_EnablePLL1)
    [Anonymous Symbol]                       0x08000b4c   Section        0  main.o(.text.RCM_Init)
    [Anonymous Symbol]                       0x08000bc0   Section        0  apm32f4xx_rcm.o(.text.RCM_WaitHSEReady)
    SystemClockConfig                        0x08000c09   Thumb Code   288  system_apm32f4xx.o(.text.SystemClockConfig)
    [Anonymous Symbol]                       0x08000c08   Section        0  system_apm32f4xx.o(.text.SystemClockConfig)
    [Anonymous Symbol]                       0x08000d28   Section        0  system_apm32f4xx.o(.text.SystemCoreClockUpdate)
    [Anonymous Symbol]                       0x08000e48   Section        0  system_apm32f4xx.o(.text.SystemInit)
    [Anonymous Symbol]                       0x08000ebc   Section        0  main.o(.text.main)
    [Anonymous Symbol]                       0x08000ee8   Section        0  main.o(.text.main_Init)
    $v0                                      0x08000efe   Number         0  fpinit.o(x$fpl$fpinit)
    x$fpl$fpinit                             0x08000efe   Section       26  fpinit.o(x$fpl$fpinit)
    .bss                                     0x20000008   Section       96  libspace.o(.bss)
    Heap_Mem                                 0x20000068   Data         512  startup_apm32f40x.o(HEAP)
    HEAP                                     0x20000068   Section      512  startup_apm32f40x.o(HEAP)
    Stack_Mem                                0x20000268   Data        1024  startup_apm32f40x.o(STACK)
    STACK                                    0x20000268   Section     1024  startup_apm32f40x.o(STACK)
    __initial_sp                             0x20000668   Data           0  startup_apm32f40x.o(STACK)

    Global Symbols

    Symbol Name                              Value     Ov Type        Size  Object(Section)

    BuildAttributes$$THM_ISAv4$E$P$D$K$B$S$7EM$VFPi3$EXTD16$VFPS$VFMA$PE$A:L22UL41UL21$X:L11$S22US41US21$IEEE1$IW$~IW$USESV6$~STKCKD$USESV7$~SHL$OSPACE$ROPI$EBA8$UX$STANDARDLIB$REQ8$PRES8$EABIv2 0x00000000   Number         0  anon$$obj.o ABSOLUTE
    __ARM_exceptions_init                     - Undefined Weak Reference
    __alloca_initialize                       - Undefined Weak Reference
    __arm_preinit_                            - Undefined Weak Reference
    __arm_relocate_pie_                       - Undefined Weak Reference
    __cpp_initialize__aeabi_                  - Undefined Weak Reference
    __cxa_finalize                            - Undefined Weak Reference
    __rt_locale                               - Undefined Weak Reference
    __sigvec_lookup                           - Undefined Weak Reference
    _atexit_init                              - Undefined Weak Reference
    _call_atexit_fns                          - Undefined Weak Reference
    _clock_init                               - Undefined Weak Reference
    _fp_trap_init                             - Undefined Weak Reference
    _fp_trap_shutdown                         - Undefined Weak Reference
    _get_lc_collate                           - Undefined Weak Reference
    _get_lc_ctype                             - Undefined Weak Reference
    _get_lc_monetary                          - Undefined Weak Reference
    _get_lc_numeric                           - Undefined Weak Reference
    _get_lc_time                              - Undefined Weak Reference
    _getenv_init                              - Undefined Weak Reference
    _handle_redirection                       - Undefined Weak Reference
    _init_alloc                               - Undefined Weak Reference
    _init_user_alloc                          - Undefined Weak Reference
    _initio                                   - Undefined Weak Reference
    _rand_init                                - Undefined Weak Reference
    _signal_finish                            - Undefined Weak Reference
    _signal_init                              - Undefined Weak Reference
    _terminate_alloc                          - Undefined Weak Reference
    _terminate_user_alloc                     - Undefined Weak Reference
    _terminateio                              - Undefined Weak Reference
    __Vectors_Size                           0x00000194   Number         0  startup_apm32f40x.o ABSOLUTE
    __Vectors                                0x08000000   Data           4  startup_apm32f40x.o(RESET)
    __Vectors_End                            0x08000194   Data           0  startup_apm32f40x.o(RESET)
    __main                                   0x08000195   Thumb Code     8  __main.o(!!!main)
    __scatterload                            0x0800019d   Thumb Code     0  __scatter.o(!!!scatter)
    __scatterload_rt2                        0x0800019d   Thumb Code    44  __scatter.o(!!!scatter)
    __scatterload_rt2_thumb_only             0x0800019d   Thumb Code     0  __scatter.o(!!!scatter)
    __scatterload_null                       0x080001ab   Thumb Code     0  __scatter.o(!!!scatter)
    __scatterload_copy                       0x080001d1   Thumb Code    26  __scatter_copy.o(!!handler_copy)
    __scatterload_zeroinit                   0x080001ed   Thumb Code    28  __scatter_zi.o(!!handler_zi)
    __rt_lib_init                            0x08000209   Thumb Code     0  libinit.o(.ARM.Collect$$libinit$$00000000)
    __rt_lib_init_fp_1                       0x0800020b   Thumb Code     0  libinit2.o(.ARM.Collect$$libinit$$00000001)
    __rt_lib_init_alloca_1                   0x0800020f   Thumb Code     0  libinit2.o(.ARM.Collect$$libinit$$00000030)
    __rt_lib_init_argv_1                     0x0800020f   Thumb Code     0  libinit2.o(.ARM.Collect$$libinit$$0000002E)
    __rt_lib_init_atexit_1                   0x0800020f   Thumb Code     0  libinit2.o(.ARM.Collect$$libinit$$0000001D)
    __rt_lib_init_clock_1                    0x0800020f   Thumb Code     0  libinit2.o(.ARM.Collect$$libinit$$00000023)
    __rt_lib_init_cpp_1                      0x0800020f   Thumb Code     0  libinit2.o(.ARM.Collect$$libinit$$00000034)
    __rt_lib_init_exceptions_1               0x0800020f   Thumb Code     0  libinit2.o(.ARM.Collect$$libinit$$00000032)
    __rt_lib_init_fp_trap_1                  0x0800020f   Thumb Code     0  libinit2.o(.ARM.Collect$$libinit$$00000021)
    __rt_lib_init_getenv_1                   0x0800020f   Thumb Code     0  libinit2.o(.ARM.Collect$$libinit$$00000025)
    __rt_lib_init_heap_1                     0x0800020f   Thumb Code     0  libinit2.o(.ARM.Collect$$libinit$$0000000C)
    __rt_lib_init_lc_collate_1               0x0800020f   Thumb Code     0  libinit2.o(.ARM.Collect$$libinit$$00000013)
    __rt_lib_init_lc_ctype_1                 0x0800020f   Thumb Code     0  libinit2.o(.ARM.Collect$$libinit$$00000015)
    __rt_lib_init_lc_monetary_1              0x0800020f   Thumb Code     0  libinit2.o(.ARM.Collect$$libinit$$00000017)
    __rt_lib_init_lc_numeric_1               0x0800020f   Thumb Code     0  libinit2.o(.ARM.Collect$$libinit$$00000019)
    __rt_lib_init_lc_time_1                  0x0800020f   Thumb Code     0  libinit2.o(.ARM.Collect$$libinit$$0000001B)
    __rt_lib_init_preinit_1                  0x0800020f   Thumb Code     0  libinit2.o(.ARM.Collect$$libinit$$00000006)
    __rt_lib_init_rand_1                     0x0800020f   Thumb Code     0  libinit2.o(.ARM.Collect$$libinit$$00000010)
    __rt_lib_init_relocate_pie_1             0x0800020f   Thumb Code     0  libinit2.o(.ARM.Collect$$libinit$$00000004)
    __rt_lib_init_return                     0x0800020f   Thumb Code     0  libinit2.o(.ARM.Collect$$libinit$$00000035)
    __rt_lib_init_signal_1                   0x0800020f   Thumb Code     0  libinit2.o(.ARM.Collect$$libinit$$0000001F)
    __rt_lib_init_stdio_1                    0x0800020f   Thumb Code     0  libinit2.o(.ARM.Collect$$libinit$$00000027)
    __rt_lib_init_user_alloc_1               0x0800020f   Thumb Code     0  libinit2.o(.ARM.Collect$$libinit$$0000000E)
    __rt_lib_shutdown                        0x08000211   Thumb Code     0  libshutdown.o(.ARM.Collect$$libshutdown$$00000000)
    __rt_lib_shutdown_cpp_1                  0x08000213   Thumb Code     0  libshutdown2.o(.ARM.Collect$$libshutdown$$00000002)
    __rt_lib_shutdown_fp_trap_1              0x08000213   Thumb Code     0  libshutdown2.o(.ARM.Collect$$libshutdown$$00000007)
    __rt_lib_shutdown_heap_1                 0x08000213   Thumb Code     0  libshutdown2.o(.ARM.Collect$$libshutdown$$0000000F)
    __rt_lib_shutdown_return                 0x08000213   Thumb Code     0  libshutdown2.o(.ARM.Collect$$libshutdown$$00000010)
    __rt_lib_shutdown_signal_1               0x08000213   Thumb Code     0  libshutdown2.o(.ARM.Collect$$libshutdown$$0000000A)
    __rt_lib_shutdown_stdio_1                0x08000213   Thumb Code     0  libshutdown2.o(.ARM.Collect$$libshutdown$$00000004)
    __rt_lib_shutdown_user_alloc_1           0x08000213   Thumb Code     0  libshutdown2.o(.ARM.Collect$$libshutdown$$0000000C)
    __rt_entry                               0x08000215   Thumb Code     0  __rtentry.o(.ARM.Collect$$rtentry$$00000000)
    __rt_entry_presh_1                       0x08000215   Thumb Code     0  __rtentry2.o(.ARM.Collect$$rtentry$$00000002)
    __rt_entry_sh                            0x08000215   Thumb Code     0  __rtentry4.o(.ARM.Collect$$rtentry$$00000004)
    __rt_entry_li                            0x0800021b   Thumb Code     0  __rtentry2.o(.ARM.Collect$$rtentry$$0000000A)
    __rt_entry_postsh_1                      0x0800021b   Thumb Code     0  __rtentry2.o(.ARM.Collect$$rtentry$$00000009)
    __rt_entry_main                          0x0800021f   Thumb Code     0  __rtentry2.o(.ARM.Collect$$rtentry$$0000000D)
    __rt_entry_postli_1                      0x0800021f   Thumb Code     0  __rtentry2.o(.ARM.Collect$$rtentry$$0000000C)
    __rt_exit                                0x08000227   Thumb Code     0  rtexit.o(.ARM.Collect$$rtexit$$00000000)
    __rt_exit_ls                             0x08000229   Thumb Code     0  rtexit2.o(.ARM.Collect$$rtexit$$00000003)
    __rt_exit_prels_1                        0x08000229   Thumb Code     0  rtexit2.o(.ARM.Collect$$rtexit$$00000002)
    __rt_exit_exit                           0x0800022d   Thumb Code     0  rtexit2.o(.ARM.Collect$$rtexit$$00000004)
    Reset_Handler                            0x08000235   Thumb Code     8  startup_apm32f40x.o(.text)
    NMI_Handler                              0x0800023d   Thumb Code     2  startup_apm32f40x.o(.text)
    HardFault_Handler                        0x0800023f   Thumb Code     2  startup_apm32f40x.o(.text)
    MemManage_Handler                        0x08000241   Thumb Code     2  startup_apm32f40x.o(.text)
    BusFault_Handler                         0x08000243   Thumb Code     2  startup_apm32f40x.o(.text)
    UsageFault_Handler                       0x08000245   Thumb Code     2  startup_apm32f40x.o(.text)
    SVC_Handler                              0x08000247   Thumb Code     2  startup_apm32f40x.o(.text)
    DebugMon_Handler                         0x08000249   Thumb Code     2  startup_apm32f40x.o(.text)
    PendSV_Handler                           0x0800024b   Thumb Code     2  startup_apm32f40x.o(.text)
    SysTick_Handler                          0x0800024d   Thumb Code     2  startup_apm32f40x.o(.text)
    ADC_IRQHandler                           0x0800024f   Thumb Code     0  startup_apm32f40x.o(.text)
    BN_IRQHandler                            0x0800024f   Thumb Code     0  startup_apm32f40x.o(.text)
    CAN1_RX0_IRQHandler                      0x0800024f   Thumb Code     0  startup_apm32f40x.o(.text)
    CAN1_RX1_IRQHandler                      0x0800024f   Thumb Code     0  startup_apm32f40x.o(.text)
    CAN1_SCE_IRQHandler                      0x0800024f   Thumb Code     0  startup_apm32f40x.o(.text)
    CAN1_TX_IRQHandler                       0x0800024f   Thumb Code     0  startup_apm32f40x.o(.text)
    CAN2_RX0_IRQHandler                      0x0800024f   Thumb Code     0  startup_apm32f40x.o(.text)
    CAN2_RX1_IRQHandler                      0x0800024f   Thumb Code     0  startup_apm32f40x.o(.text)
    CAN2_SCE_IRQHandler                      0x0800024f   Thumb Code     0  startup_apm32f40x.o(.text)
    CAN2_TX_IRQHandler                       0x0800024f   Thumb Code     0  startup_apm32f40x.o(.text)
    DCI_IRQHandler                           0x0800024f   Thumb Code     0  startup_apm32f40x.o(.text)
    DMA1_STR0_IRQHandler                     0x0800024f   Thumb Code     0  startup_apm32f40x.o(.text)
    DMA1_STR1_IRQHandler                     0x0800024f   Thumb Code     0  startup_apm32f40x.o(.text)
    DMA1_STR2_IRQHandler                     0x0800024f   Thumb Code     0  startup_apm32f40x.o(.text)
    DMA1_STR3_IRQHandler                     0x0800024f   Thumb Code     0  startup_apm32f40x.o(.text)
    DMA1_STR4_IRQHandler                     0x0800024f   Thumb Code     0  startup_apm32f40x.o(.text)
    DMA1_STR5_IRQHandler                     0x0800024f   Thumb Code     0  startup_apm32f40x.o(.text)
    DMA1_STR6_IRQHandler                     0x0800024f   Thumb Code     0  startup_apm32f40x.o(.text)
    DMA1_STR7_IRQHandler                     0x0800024f   Thumb Code     0  startup_apm32f40x.o(.text)
    DMA2_STR0_IRQHandler                     0x0800024f   Thumb Code     0  startup_apm32f40x.o(.text)
    DMA2_STR1_IRQHandler                     0x0800024f   Thumb Code     0  startup_apm32f40x.o(.text)
    DMA2_STR2_IRQHandler                     0x0800024f   Thumb Code     0  startup_apm32f40x.o(.text)
    DMA2_STR3_IRQHandler                     0x0800024f   Thumb Code     0  startup_apm32f40x.o(.text)
    DMA2_STR4_IRQHandler                     0x0800024f   Thumb Code     0  startup_apm32f40x.o(.text)
    DMA2_STR5_IRQHandler                     0x0800024f   Thumb Code     0  startup_apm32f40x.o(.text)
    DMA2_STR6_IRQHandler                     0x0800024f   Thumb Code     0  startup_apm32f40x.o(.text)
    DMA2_STR7_IRQHandler                     0x0800024f   Thumb Code     0  startup_apm32f40x.o(.text)
    EINT0_IRQHandler                         0x0800024f   Thumb Code     0  startup_apm32f40x.o(.text)
    EINT15_10_IRQHandler                     0x0800024f   Thumb Code     0  startup_apm32f40x.o(.text)
    EINT1_IRQHandler                         0x0800024f   Thumb Code     0  startup_apm32f40x.o(.text)
    EINT2_IRQHandler                         0x0800024f   Thumb Code     0  startup_apm32f40x.o(.text)
    EINT3_IRQHandler                         0x0800024f   Thumb Code     0  startup_apm32f40x.o(.text)
    EINT4_IRQHandler                         0x0800024f   Thumb Code     0  startup_apm32f40x.o(.text)
    EINT9_5_IRQHandler                       0x0800024f   Thumb Code     0  startup_apm32f40x.o(.text)
    EMMC_IRQHandler                          0x0800024f   Thumb Code     0  startup_apm32f40x.o(.text)
    ETH_IRQHandler                           0x0800024f   Thumb Code     0  startup_apm32f40x.o(.text)
    ETH_WKUP_IRQHandler                      0x0800024f   Thumb Code     0  startup_apm32f40x.o(.text)
    FLASH_IRQHandler                         0x0800024f   Thumb Code     0  startup_apm32f40x.o(.text)
    FPU_IRQHandler                           0x0800024f   Thumb Code     0  startup_apm32f40x.o(.text)
    I2C1_ER_IRQHandler                       0x0800024f   Thumb Code     0  startup_apm32f40x.o(.text)
    I2C1_EV_IRQHandler                       0x0800024f   Thumb Code     0  startup_apm32f40x.o(.text)
    I2C2_ER_IRQHandler                       0x0800024f   Thumb Code     0  startup_apm32f40x.o(.text)
    I2C2_EV_IRQHandler                       0x0800024f   Thumb Code     0  startup_apm32f40x.o(.text)
    I2C3_ER_IRQHandler                       0x0800024f   Thumb Code     0  startup_apm32f40x.o(.text)
    I2C3_EV_IRQHandler                       0x0800024f   Thumb Code     0  startup_apm32f40x.o(.text)
    OTG_FS_IRQHandler                        0x0800024f   Thumb Code     0  startup_apm32f40x.o(.text)
    OTG_FS_WKUP_IRQHandler                   0x0800024f   Thumb Code     0  startup_apm32f40x.o(.text)
    OTG_HS1_EP1_IN_IRQHandler                0x0800024f   Thumb Code     0  startup_apm32f40x.o(.text)
    OTG_HS1_EP1_OUT_IRQHandler               0x0800024f   Thumb Code     0  startup_apm32f40x.o(.text)
    OTG_HS1_IRQHandler                       0x0800024f   Thumb Code     0  startup_apm32f40x.o(.text)
    OTG_HS1_WKUP_IRQHandler                  0x0800024f   Thumb Code     0  startup_apm32f40x.o(.text)
    PVD_IRQHandler                           0x0800024f   Thumb Code     0  startup_apm32f40x.o(.text)
    RCM_IRQHandler                           0x0800024f   Thumb Code     0  startup_apm32f40x.o(.text)
    RTC_Alarm_IRQHandler                     0x0800024f   Thumb Code     0  startup_apm32f40x.o(.text)
    RTC_WKUP_IRQHandler                      0x0800024f   Thumb Code     0  startup_apm32f40x.o(.text)
    SDIO_IRQHandler                          0x0800024f   Thumb Code     0  startup_apm32f40x.o(.text)
    SM3_IRQHandler                           0x0800024f   Thumb Code     0  startup_apm32f40x.o(.text)
    SM4_IRQHandler                           0x0800024f   Thumb Code     0  startup_apm32f40x.o(.text)
    SPI1_IRQHandler                          0x0800024f   Thumb Code     0  startup_apm32f40x.o(.text)
    SPI2_IRQHandler                          0x0800024f   Thumb Code     0  startup_apm32f40x.o(.text)
    SPI3_IRQHandler                          0x0800024f   Thumb Code     0  startup_apm32f40x.o(.text)
    TAMP_STAMP_IRQHandler                    0x0800024f   Thumb Code     0  startup_apm32f40x.o(.text)
    TMR1_BRK_TMR9_IRQHandler                 0x0800024f   Thumb Code     0  startup_apm32f40x.o(.text)
    TMR1_CC_IRQHandler                       0x0800024f   Thumb Code     0  startup_apm32f40x.o(.text)
    TMR1_TRG_COM_TMR11_IRQHandler            0x0800024f   Thumb Code     0  startup_apm32f40x.o(.text)
    TMR1_UP_TMR10_IRQHandler                 0x0800024f   Thumb Code     0  startup_apm32f40x.o(.text)
    TMR2_IRQHandler                          0x0800024f   Thumb Code     0  startup_apm32f40x.o(.text)
    TMR3_IRQHandler                          0x0800024f   Thumb Code     0  startup_apm32f40x.o(.text)
    TMR4_IRQHandler                          0x0800024f   Thumb Code     0  startup_apm32f40x.o(.text)
    TMR5_IRQHandler                          0x0800024f   Thumb Code     0  startup_apm32f40x.o(.text)
    TMR6_DAC_IRQHandler                      0x0800024f   Thumb Code     0  startup_apm32f40x.o(.text)
    TMR7_IRQHandler                          0x0800024f   Thumb Code     0  startup_apm32f40x.o(.text)
    TMR8_BRK_TMR12_IRQHandler                0x0800024f   Thumb Code     0  startup_apm32f40x.o(.text)
    TMR8_CC_IRQHandler                       0x0800024f   Thumb Code     0  startup_apm32f40x.o(.text)
    TMR8_TRG_COM_TMR14_IRQHandler            0x0800024f   Thumb Code     0  startup_apm32f40x.o(.text)
    TMR8_UP_TMR13_IRQHandler                 0x0800024f   Thumb Code     0  startup_apm32f40x.o(.text)
    UART4_IRQHandler                         0x0800024f   Thumb Code     0  startup_apm32f40x.o(.text)
    UART5_IRQHandler                         0x0800024f   Thumb Code     0  startup_apm32f40x.o(.text)
    USART1_IRQHandler                        0x0800024f   Thumb Code     0  startup_apm32f40x.o(.text)
    USART2_IRQHandler                        0x0800024f   Thumb Code     0  startup_apm32f40x.o(.text)
    USART3_IRQHandler                        0x0800024f   Thumb Code     0  startup_apm32f40x.o(.text)
    USART6_IRQHandler                        0x0800024f   Thumb Code     0  startup_apm32f40x.o(.text)
    WWDT_IRQHandler                          0x0800024f   Thumb Code     0  startup_apm32f40x.o(.text)
    __user_initial_stackheap                 0x08000251   Thumb Code     0  startup_apm32f40x.o(.text)
    __use_two_region_memory                  0x08000275   Thumb Code     2  heapauxi.o(.text)
    __rt_heap_escrow$2region                 0x08000277   Thumb Code     2  heapauxi.o(.text)
    __rt_heap_expand$2region                 0x08000279   Thumb Code     2  heapauxi.o(.text)
    __user_setup_stackheap                   0x0800027b   Thumb Code    74  sys_stackheap_outer.o(.text)
    exit                                     0x080002c5   Thumb Code    18  exit.o(.text)
    __user_libspace                          0x080002d9   Thumb Code     8  libspace.o(.text)
    __user_perproc_libspace                  0x080002d9   Thumb Code     0  libspace.o(.text)
    __user_perthread_libspace                0x080002d9   Thumb Code     0  libspace.o(.text)
    _sys_exit                                0x080002e1   Thumb Code     8  sys_exit.o(.text)
    __I$use$semihosting                      0x080002ed   Thumb Code     0  use_no_semi.o(.text)
    __use_no_semihosting_swi                 0x080002ed   Thumb Code     2  use_no_semi.o(.text)
    __semihosting_library_function           0x080002ef   Thumb Code     0  indicate_semi.o(.text)
    CAN_Config                               0x080002f1   Thumb Code   474  apm32f4xx_can.o(.text.CAN_Config)
    CAN_ConfigFilter                         0x080004cd   Thumb Code   370  apm32f4xx_can.o(.text.CAN_ConfigFilter)
    CAN_DisableDBGFreeze                     0x08000641   Thumb Code    18  apm32f4xx_can.o(.text.CAN_DisableDBGFreeze)
    CAN_Init                                 0x08000655   Thumb Code   272  main.o(.text.CAN_Init)
    Delay                                    0x08000765   Thumb Code    22  main.o(.text.Delay)
    GPIO_Config                              0x0800077d   Thumb Code   246  apm32f4xx_gpio.o(.text.GPIO_Config)
    GPIO_ConfigPinAF                         0x08000875   Thumb Code   154  apm32f4xx_gpio.o(.text.GPIO_ConfigPinAF)
    GPIO_ToggleBit                           0x08000911   Thumb Code    24  apm32f4xx_gpio.o(.text.GPIO_ToggleBit)
    Led_Init                                 0x08000929   Thumb Code    68  main.o(.text.Led_Init)
    RCM_ConfigAHB                            0x0800096d   Thumb Code    38  apm32f4xx_rcm.o(.text.RCM_ConfigAHB)
    RCM_ConfigAPB1                           0x08000995   Thumb Code    38  apm32f4xx_rcm.o(.text.RCM_ConfigAPB1)
    RCM_ConfigAPB2                           0x080009bd   Thumb Code    38  apm32f4xx_rcm.o(.text.RCM_ConfigAPB2)
    RCM_ConfigHSE                            0x080009e5   Thumb Code   100  apm32f4xx_rcm.o(.text.RCM_ConfigHSE)
    RCM_ConfigPLL1                           0x08000a49   Thumb Code   114  apm32f4xx_rcm.o(.text.RCM_ConfigPLL1)
    RCM_ConfigSYSCLK                         0x08000abd   Thumb Code    30  apm32f4xx_rcm.o(.text.RCM_ConfigSYSCLK)
    RCM_DisableHSI                           0x08000add   Thumb Code    18  apm32f4xx_rcm.o(.text.RCM_DisableHSI)
    RCM_EnableAHB1PeriphClock                0x08000af1   Thumb Code    24  apm32f4xx_rcm.o(.text.RCM_EnableAHB1PeriphClock)
    RCM_EnableAPB1PeriphClock                0x08000b09   Thumb Code    24  apm32f4xx_rcm.o(.text.RCM_EnableAPB1PeriphClock)
    RCM_EnableAPB2PeriphClock                0x08000b21   Thumb Code    24  apm32f4xx_rcm.o(.text.RCM_EnableAPB2PeriphClock)
    RCM_EnablePLL1                           0x08000b39   Thumb Code    18  apm32f4xx_rcm.o(.text.RCM_EnablePLL1)
    RCM_Init                                 0x08000b4d   Thumb Code   114  main.o(.text.RCM_Init)
    RCM_WaitHSEReady                         0x08000bc1   Thumb Code    70  apm32f4xx_rcm.o(.text.RCM_WaitHSEReady)
    SystemCoreClockUpdate                    0x08000d29   Thumb Code   288  system_apm32f4xx.o(.text.SystemCoreClockUpdate)
    SystemInit                               0x08000e49   Thumb Code   116  system_apm32f4xx.o(.text.SystemInit)
    main                                     0x08000ebd   Thumb Code    44  main.o(.text.main)
    main_Init                                0x08000ee9   Thumb Code    22  main.o(.text.main_Init)
    _fp_init                                 0x08000eff   Thumb Code    26  fpinit.o(x$fpl$fpinit)
    __fplib_config_fpu_vfp                   0x08000f17   Thumb Code     0  fpinit.o(x$fpl$fpinit)
    __fplib_config_pureend_doubles           0x08000f17   Thumb Code     0  fpinit.o(x$fpl$fpinit)
    AHBPrescTable                            0x08000f18   Data          16  system_apm32f4xx.o(.rodata.AHBPrescTable)
    Region$$Table$$Base                      0x08000f28   Number         0  anon$$obj.o(Region$$Table)
    Region$$Table$$Limit                     0x08000f48   Number         0  anon$$obj.o(Region$$Table)
    SystemCoreClock                          0x20000000   Data           4  system_apm32f4xx.o(.data.SystemCoreClock)
    __libspace_start                         0x20000008   Data          96  libspace.o(.bss)
    __temporary_stack_top$libspace           0x20000068   Data           0  libspace.o(.bss)



==============================================================================

Memory Map of the image

  Image Entry point : 0x08000195

  Load Region LR_IROM1 (Base: 0x08000000, Size: 0x00000f50, Max: 0x00100000, ABSOLUTE)

    Execution Region ER_IROM1 (Exec base: 0x08000000, Load base: 0x08000000, Size: 0x00000f48, Max: 0x00100000, ABSOLUTE)

    Exec Addr    Load Addr    Size         Type   Attr      Idx    E Section Name        Object

    0x08000000   0x08000000   0x00000194   Data   RO          273    RESET               startup_apm32f40x.o
    0x08000194   0x08000194   0x00000008   Code   RO          376  * !!!main             c_w.l(__main.o)
    0x0800019c   0x0800019c   0x00000034   Code   RO          541    !!!scatter          c_w.l(__scatter.o)
    0x080001d0   0x080001d0   0x0000001a   Code   RO          543    !!handler_copy      c_w.l(__scatter_copy.o)
    0x080001ea   0x080001ea   0x00000002   PAD
    0x080001ec   0x080001ec   0x0000001c   Code   RO          545    !!handler_zi        c_w.l(__scatter_zi.o)
    0x08000208   0x08000208   0x00000002   Code   RO          403    .ARM.Collect$$libinit$$00000000  c_w.l(libinit.o)
    0x0800020a   0x0800020a   0x00000004   Code   RO          409    .ARM.Collect$$libinit$$00000001  c_w.l(libinit2.o)
    0x0800020e   0x0800020e   0x00000000   Code   RO          412    .ARM.Collect$$libinit$$00000004  c_w.l(libinit2.o)
    0x0800020e   0x0800020e   0x00000000   Code   RO          414    .ARM.Collect$$libinit$$00000006  c_w.l(libinit2.o)
    0x0800020e   0x0800020e   0x00000000   Code   RO          417    .ARM.Collect$$libinit$$0000000C  c_w.l(libinit2.o)
    0x0800020e   0x0800020e   0x00000000   Code   RO          419    .ARM.Collect$$libinit$$0000000E  c_w.l(libinit2.o)
    0x0800020e   0x0800020e   0x00000000   Code   RO          421    .ARM.Collect$$libinit$$00000010  c_w.l(libinit2.o)
    0x0800020e   0x0800020e   0x00000000   Code   RO          424    .ARM.Collect$$libinit$$00000013  c_w.l(libinit2.o)
    0x0800020e   0x0800020e   0x00000000   Code   RO          426    .ARM.Collect$$libinit$$00000015  c_w.l(libinit2.o)
    0x0800020e   0x0800020e   0x00000000   Code   RO          428    .ARM.Collect$$libinit$$00000017  c_w.l(libinit2.o)
    0x0800020e   0x0800020e   0x00000000   Code   RO          430    .ARM.Collect$$libinit$$00000019  c_w.l(libinit2.o)
    0x0800020e   0x0800020e   0x00000000   Code   RO          432    .ARM.Collect$$libinit$$0000001B  c_w.l(libinit2.o)
    0x0800020e   0x0800020e   0x00000000   Code   RO          434    .ARM.Collect$$libinit$$0000001D  c_w.l(libinit2.o)
    0x0800020e   0x0800020e   0x00000000   Code   RO          436    .ARM.Collect$$libinit$$0000001F  c_w.l(libinit2.o)
    0x0800020e   0x0800020e   0x00000000   Code   RO          438    .ARM.Collect$$libinit$$00000021  c_w.l(libinit2.o)
    0x0800020e   0x0800020e   0x00000000   Code   RO          440    .ARM.Collect$$libinit$$00000023  c_w.l(libinit2.o)
    0x0800020e   0x0800020e   0x00000000   Code   RO          442    .ARM.Collect$$libinit$$00000025  c_w.l(libinit2.o)
    0x0800020e   0x0800020e   0x00000000   Code   RO          444    .ARM.Collect$$libinit$$00000027  c_w.l(libinit2.o)
    0x0800020e   0x0800020e   0x00000000   Code   RO          448    .ARM.Collect$$libinit$$0000002E  c_w.l(libinit2.o)
    0x0800020e   0x0800020e   0x00000000   Code   RO          450    .ARM.Collect$$libinit$$00000030  c_w.l(libinit2.o)
    0x0800020e   0x0800020e   0x00000000   Code   RO          452    .ARM.Collect$$libinit$$00000032  c_w.l(libinit2.o)
    0x0800020e   0x0800020e   0x00000000   Code   RO          454    .ARM.Collect$$libinit$$00000034  c_w.l(libinit2.o)
    0x0800020e   0x0800020e   0x00000002   Code   RO          455    .ARM.Collect$$libinit$$00000035  c_w.l(libinit2.o)
    0x08000210   0x08000210   0x00000002   Code   RO          477    .ARM.Collect$$libshutdown$$00000000  c_w.l(libshutdown.o)
    0x08000212   0x08000212   0x00000000   Code   RO          492    .ARM.Collect$$libshutdown$$00000002  c_w.l(libshutdown2.o)
    0x08000212   0x08000212   0x00000000   Code   RO          494    .ARM.Collect$$libshutdown$$00000004  c_w.l(libshutdown2.o)
    0x08000212   0x08000212   0x00000000   Code   RO          497    .ARM.Collect$$libshutdown$$00000007  c_w.l(libshutdown2.o)
    0x08000212   0x08000212   0x00000000   Code   RO          500    .ARM.Collect$$libshutdown$$0000000A  c_w.l(libshutdown2.o)
    0x08000212   0x08000212   0x00000000   Code   RO          502    .ARM.Collect$$libshutdown$$0000000C  c_w.l(libshutdown2.o)
    0x08000212   0x08000212   0x00000000   Code   RO          505    .ARM.Collect$$libshutdown$$0000000F  c_w.l(libshutdown2.o)
    0x08000212   0x08000212   0x00000002   Code   RO          506    .ARM.Collect$$libshutdown$$00000010  c_w.l(libshutdown2.o)
    0x08000214   0x08000214   0x00000000   Code   RO          378    .ARM.Collect$$rtentry$$00000000  c_w.l(__rtentry.o)
    0x08000214   0x08000214   0x00000000   Code   RO          380    .ARM.Collect$$rtentry$$00000002  c_w.l(__rtentry2.o)
    0x08000214   0x08000214   0x00000006   Code   RO          392    .ARM.Collect$$rtentry$$00000004  c_w.l(__rtentry4.o)
    0x0800021a   0x0800021a   0x00000000   Code   RO          382    .ARM.Collect$$rtentry$$00000009  c_w.l(__rtentry2.o)
    0x0800021a   0x0800021a   0x00000004   Code   RO          383    .ARM.Collect$$rtentry$$0000000A  c_w.l(__rtentry2.o)
    0x0800021e   0x0800021e   0x00000000   Code   RO          385    .ARM.Collect$$rtentry$$0000000C  c_w.l(__rtentry2.o)
    0x0800021e   0x0800021e   0x00000008   Code   RO          386    .ARM.Collect$$rtentry$$0000000D  c_w.l(__rtentry2.o)
    0x08000226   0x08000226   0x00000002   Code   RO          407    .ARM.Collect$$rtexit$$00000000  c_w.l(rtexit.o)
    0x08000228   0x08000228   0x00000000   Code   RO          457    .ARM.Collect$$rtexit$$00000002  c_w.l(rtexit2.o)
    0x08000228   0x08000228   0x00000004   Code   RO          458    .ARM.Collect$$rtexit$$00000003  c_w.l(rtexit2.o)
    0x0800022c   0x0800022c   0x00000006   Code   RO          459    .ARM.Collect$$rtexit$$00000004  c_w.l(rtexit2.o)
    0x08000232   0x08000232   0x00000002   PAD
    0x08000234   0x08000234   0x00000040   Code   RO          274    .text               startup_apm32f40x.o
    0x08000274   0x08000274   0x00000006   Code   RO          374    .text               c_w.l(heapauxi.o)
    0x0800027a   0x0800027a   0x0000004a   Code   RO          394    .text               c_w.l(sys_stackheap_outer.o)
    0x080002c4   0x080002c4   0x00000012   Code   RO          396    .text               c_w.l(exit.o)
    0x080002d6   0x080002d6   0x00000002   PAD
    0x080002d8   0x080002d8   0x00000008   Code   RO          404    .text               c_w.l(libspace.o)
    0x080002e0   0x080002e0   0x0000000c   Code   RO          467    .text               c_w.l(sys_exit.o)
    0x080002ec   0x080002ec   0x00000002   Code   RO          482    .text               c_w.l(use_no_semi.o)
    0x080002ee   0x080002ee   0x00000000   Code   RO          484    .text               c_w.l(indicate_semi.o)
    0x080002ee   0x080002ee   0x00000002   PAD
    0x080002f0   0x080002f0   0x000001da   Code   RO           24    .text.CAN_Config    apm32f4xx_can.o
    0x080004ca   0x080004ca   0x00000002   PAD
    0x080004cc   0x080004cc   0x00000172   Code   RO           26    .text.CAN_ConfigFilter  apm32f4xx_can.o
    0x0800063e   0x0800063e   0x00000002   PAD
    0x08000640   0x08000640   0x00000012   Code   RO           34    .text.CAN_DisableDBGFreeze  apm32f4xx_can.o
    0x08000652   0x08000652   0x00000002   PAD
    0x08000654   0x08000654   0x00000110   Code   RO            4    .text.CAN_Init      main.o
    0x08000764   0x08000764   0x00000016   Code   RO            6    .text.Delay         main.o
    0x0800077a   0x0800077a   0x00000002   PAD
    0x0800077c   0x0800077c   0x000000f6   Code   RO           81    .text.GPIO_Config   apm32f4xx_gpio.o
    0x08000872   0x08000872   0x00000002   PAD
    0x08000874   0x08000874   0x0000009a   Code   RO          105    .text.GPIO_ConfigPinAF  apm32f4xx_gpio.o
    0x0800090e   0x0800090e   0x00000002   PAD
    0x08000910   0x08000910   0x00000018   Code   RO          103    .text.GPIO_ToggleBit  apm32f4xx_gpio.o
    0x08000928   0x08000928   0x00000044   Code   RO            2    .text.Led_Init      main.o
    0x0800096c   0x0800096c   0x00000026   Code   RO          177    .text.RCM_ConfigAHB  apm32f4xx_rcm.o
    0x08000992   0x08000992   0x00000002   PAD
    0x08000994   0x08000994   0x00000026   Code   RO          179    .text.RCM_ConfigAPB1  apm32f4xx_rcm.o
    0x080009ba   0x080009ba   0x00000002   PAD
    0x080009bc   0x080009bc   0x00000026   Code   RO          181    .text.RCM_ConfigAPB2  apm32f4xx_rcm.o
    0x080009e2   0x080009e2   0x00000002   PAD
    0x080009e4   0x080009e4   0x00000064   Code   RO          137    .text.RCM_ConfigHSE  apm32f4xx_rcm.o
    0x08000a48   0x08000a48   0x00000072   Code   RO          153    .text.RCM_ConfigPLL1  apm32f4xx_rcm.o
    0x08000aba   0x08000aba   0x00000002   PAD
    0x08000abc   0x08000abc   0x0000001e   Code   RO          173    .text.RCM_ConfigSYSCLK  apm32f4xx_rcm.o
    0x08000ada   0x08000ada   0x00000002   PAD
    0x08000adc   0x08000adc   0x00000012   Code   RO          145    .text.RCM_DisableHSI  apm32f4xx_rcm.o
    0x08000aee   0x08000aee   0x00000002   PAD
    0x08000af0   0x08000af0   0x00000018   Code   RO          203    .text.RCM_EnableAHB1PeriphClock  apm32f4xx_rcm.o
    0x08000b08   0x08000b08   0x00000018   Code   RO          211    .text.RCM_EnableAPB1PeriphClock  apm32f4xx_rcm.o
    0x08000b20   0x08000b20   0x00000018   Code   RO          215    .text.RCM_EnableAPB2PeriphClock  apm32f4xx_rcm.o
    0x08000b38   0x08000b38   0x00000012   Code   RO          155    .text.RCM_EnablePLL1  apm32f4xx_rcm.o
    0x08000b4a   0x08000b4a   0x00000002   PAD
    0x08000b4c   0x08000b4c   0x00000072   Code   RO            8    .text.RCM_Init      main.o
    0x08000bbe   0x08000bbe   0x00000002   PAD
    0x08000bc0   0x08000bc0   0x00000046   Code   RO          139    .text.RCM_WaitHSEReady  apm32f4xx_rcm.o
    0x08000c06   0x08000c06   0x00000002   PAD
    0x08000c08   0x08000c08   0x00000120   Code   RO          283    .text.SystemClockConfig  system_apm32f4xx.o
    0x08000d28   0x08000d28   0x00000120   Code   RO          285    .text.SystemCoreClockUpdate  system_apm32f4xx.o
    0x08000e48   0x08000e48   0x00000074   Code   RO          281    .text.SystemInit    system_apm32f4xx.o
    0x08000ebc   0x08000ebc   0x0000002c   Code   RO           12    .text.main          main.o
    0x08000ee8   0x08000ee8   0x00000016   Code   RO           10    .text.main_Init     main.o
    0x08000efe   0x08000efe   0x0000001a   Code   RO          465    x$fpl$fpinit        fz_wm.l(fpinit.o)
    0x08000f18   0x08000f18   0x00000010   Data   RO          288    .rodata.AHBPrescTable  system_apm32f4xx.o
    0x08000f28   0x08000f28   0x00000020   Data   RO          540    Region$$Table       anon$$obj.o


    Execution Region RW_IRAM1 (Exec base: 0x20000000, Load base: 0x08000f48, Size: 0x00000668, Max: 0x00020000, ABSOLUTE)

    Exec Addr    Load Addr    Size         Type   Attr      Idx    E Section Name        Object

    0x20000000   0x08000f48   0x00000004   Data   RW          287    .data.SystemCoreClock  system_apm32f4xx.o
    0x20000004   0x08000f4c   0x00000004   PAD
    0x20000008        -       0x00000060   Zero   RW          405    .bss                c_w.l(libspace.o)
    0x20000068        -       0x00000200   Zero   RW          272    HEAP                startup_apm32f40x.o
    0x20000268        -       0x00000400   Zero   RW          271    STACK               startup_apm32f40x.o


==============================================================================

Image component sizes


      Code (inc. data)   RO Data    RW Data    ZI Data      Debug   Object Name

       862          0          0          0          0      20453   apm32f4xx_can.o
       424          0          0          0          0      11675   apm32f4xx_gpio.o
       536          0          0          0          0      20927   apm32f4xx_rcm.o
       542          0          0          0          0      30292   main.o
        64         26        404          0       1536        856   startup_apm32f40x.o
       692          0         16          4          0      12593   system_apm32f4xx.o

    ----------------------------------------------------------------------
      3150         26        452          4       1540      96796   Object Totals
         0          0         32          0          0          0   (incl. Generated)
        30          0          0          0          4          0   (incl. Padding)

    ----------------------------------------------------------------------

      Code (inc. data)   RO Data    RW Data    ZI Data      Debug   Library Member Name

         8          0          0          0          0         68   __main.o
         0          0          0          0          0          0   __rtentry.o
        12          0          0          0          0          0   __rtentry2.o
         6          0          0          0          0          0   __rtentry4.o
        52          8          0          0          0          0   __scatter.o
        26          0          0          0          0          0   __scatter_copy.o
        28          0          0          0          0          0   __scatter_zi.o
        18          0          0          0          0         80   exit.o
         6          0          0          0          0        152   heapauxi.o
         0          0          0          0          0          0   indicate_semi.o
         2          0          0          0          0          0   libinit.o
         6          0          0          0          0          0   libinit2.o
         2          0          0          0          0          0   libshutdown.o
         2          0          0          0          0          0   libshutdown2.o
         8          4          0          0         96         68   libspace.o
         2          0          0          0          0          0   rtexit.o
        10          0          0          0          0          0   rtexit2.o
        12          4          0          0          0         68   sys_exit.o
        74          0          0          0          0         80   sys_stackheap_outer.o
         2          0          0          0          0         68   use_no_semi.o
        26          0          0          0          0        116   fpinit.o

    ----------------------------------------------------------------------
       310         16          0          0         96        700   Library Totals
         8          0          0          0          0          0   (incl. Padding)

    ----------------------------------------------------------------------

      Code (inc. data)   RO Data    RW Data    ZI Data      Debug   Library Name

       276         16          0          0         96        584   c_w.l
        26          0          0          0          0        116   fz_wm.l

    ----------------------------------------------------------------------
       310         16          0          0         96        700   Library Totals

    ----------------------------------------------------------------------

==============================================================================


      Code (inc. data)   RO Data    RW Data    ZI Data      Debug   

      3460         42        452          4       1636      97260   Grand Totals
      3460         42        452          4       1636      97260   ELF Image Totals
      3460         42        452          4          0          0   ROM Totals

==============================================================================

    Total RO  Size (Code + RO Data)                 3912 (   3.82kB)
    Total RW  Size (RW Data + ZI Data)              1640 (   1.60kB)
    Total ROM Size (Code + RO Data + RW Data)       3916 (   3.82kB)

==============================================================================

